Copyright 1986-2022 Xilinx, Inc. All Rights Reserved. Copyright 2022-2025 Advanced Micro Devices, Inc. All Rights Reserved.
---------------------------------------------------------------------------------------------------------------------------------------------
| Tool Version : Vivado v.2025.1.1 (win64) Build 6233196 Thu Sep 11 21:27:30 MDT 2025
| Date         : Tue Sep 15 20:14:51 2026
| Host         : Fortune running 64-bit major release  (build 9200)
| Command      : report_utilization -file V:/system_utilization_summary_routed.rpt
| Design       : neural_reconstruction_bd_wrapper
| Device       : xck26-sfvc784-2LV-c
| Speed File   : -2LV
| Design State : Routed
---------------------------------------------------------------------------------------------------------------------------------------------

Utilization Design Information

Table of Contents
-----------------
1. CLB Logic
1.1 Summary of Registers by Type
2. CLB Logic Distribution
3. BLOCKRAM
4. ARITHMETIC
5. I/O
6. CLOCK
7. ADVANCED
8. CONFIGURATION
9. Primitives
10. Black Boxes
11. Instantiated Netlists

1. CLB Logic
------------

+----------------------------+------+-------+------------+-----------+-------+
|          Site Type         | Used | Fixed | Prohibited | Available | Util% |
+----------------------------+------+-------+------------+-----------+-------+
| CLB LUTs                   | 7393 |     0 |          0 |    117120 |  6.31 |
|   LUT as Logic             | 6824 |     0 |          0 |    117120 |  5.83 |
|   LUT as Memory            |  569 |     0 |          0 |     57600 |  0.99 |
|     LUT as Distributed RAM |  312 |     0 |            |           |       |
|     LUT as Shift Register  |  257 |     0 |            |           |       |
| CLB Registers              | 6362 |     0 |          0 |    234240 |  2.72 |
|   Register as Flip Flop    | 6362 |     0 |          0 |    234240 |  2.72 |
|   Register as Latch        |    0 |     0 |          0 |    234240 |  0.00 |
| CARRY8                     |  307 |     0 |          0 |     14640 |  2.10 |
| F7 Muxes                   |  614 |     0 |          0 |     58560 |  1.05 |
| F8 Muxes                   |  128 |     0 |          0 |     29280 |  0.44 |
| F9 Muxes                   |    0 |     0 |          0 |     14640 |  0.00 |
+----------------------------+------+-------+------------+-----------+-------+
* Warning! LUT value is adjusted to account for LUT combining.


1.1 Summary of Registers by Type
--------------------------------

+-------+--------------+-------------+--------------+
| Total | Clock Enable | Synchronous | Asynchronous |
+-------+--------------+-------------+--------------+
| 0     |            _ |           - |            - |
| 0     |            _ |           - |          Set |
| 0     |            _ |           - |        Reset |
| 0     |            _ |         Set |            - |
| 0     |            _ |       Reset |            - |
| 0     |          Yes |           - |            - |
| 0     |          Yes |           - |          Set |
| 66    |          Yes |           - |        Reset |
| 205   |          Yes |         Set |            - |
| 6091  |          Yes |       Reset |            - |
+-------+--------------+-------------+--------------+


2. CLB Logic Distribution
-------------------------

+--------------------------------------------+------+-------+------------+-----------+-------+
|                  Site Type                 | Used | Fixed | Prohibited | Available | Util% |
+--------------------------------------------+------+-------+------------+-----------+-------+
| CLB                                        | 1547 |     0 |          0 |     14640 | 10.57 |
|   CLBL                                     |  594 |     0 |            |           |       |
|   CLBM                                     |  953 |     0 |            |           |       |
| LUT as Logic                               | 6824 |     0 |          0 |    117120 |  5.83 |
|   using O5 output only                     |  159 |       |            |           |       |
|   using O6 output only                     | 5384 |       |            |           |       |
|   using O5 and O6                          | 1281 |       |            |           |       |
| LUT as Memory                              |  569 |     0 |          0 |     57600 |  0.99 |
|   LUT as Distributed RAM                   |  312 |     0 |            |           |       |
|     using O5 output only                   |    0 |       |            |           |       |
|     using O6 output only                   |    0 |       |            |           |       |
|     using O5 and O6                        |  312 |       |            |           |       |
|   LUT as Shift Register                    |  257 |     0 |            |           |       |
|     using O5 output only                   |    0 |       |            |           |       |
|     using O6 output only                   |  136 |       |            |           |       |
|     using O5 and O6                        |  121 |       |            |           |       |
| CLB Registers                              | 6362 |     0 |          0 |    234240 |  2.72 |
|   Register driven from within the CLB      | 4038 |       |            |           |       |
|   Register driven from outside the CLB     | 2324 |       |            |           |       |
|     LUT in front of the register is unused | 1432 |       |            |           |       |
|     LUT in front of the register is used   |  892 |       |            |           |       |
| Unique Control Sets                        |  317 |       |          0 |     29280 |  1.08 |
+--------------------------------------------+------+-------+------------+-----------+-------+
* * Note: Available Control Sets calculated as Slices * 2, Review the Control Sets Report for more information regarding control sets.


3. BLOCKRAM
-----------

+-------------------+------+-------+------------+-----------+-------+
|     Site Type     | Used | Fixed | Prohibited | Available | Util% |
+-------------------+------+-------+------------+-----------+-------+
| Block RAM Tile    | 45.5 |     0 |          0 |       144 | 31.60 |
|   RAMB36/FIFO*    |   44 |     0 |          0 |       144 | 30.56 |
|     RAMB36E2 only |   44 |       |            |           |       |
|   RAMB18          |    3 |     0 |          0 |       288 |  1.04 |
|     RAMB18E2 only |    3 |       |            |           |       |
| URAM              |   32 |     0 |          0 |        64 | 50.00 |
+-------------------+------+-------+------------+-----------+-------+
* Note: Each Block RAM Tile only has one FIFO logic available and therefore can accommodate only one FIFO36E2 or one FIFO18E2. However, if a FIFO18E2 occupies a Block RAM Tile, that tile can still accommodate a RAMB18E2


4. ARITHMETIC
-------------

+----------------+------+-------+------------+-----------+-------+
|    Site Type   | Used | Fixed | Prohibited | Available | Util% |
+----------------+------+-------+------------+-----------+-------+
| DSPs           |   69 |     0 |          0 |      1248 |  5.53 |
|   DSP48E2 only |   69 |       |            |           |       |
+----------------+------+-------+------------+-----------+-------+


5. I/O
------

+------------------+------+-------+------------+-----------+-------+
|     Site Type    | Used | Fixed | Prohibited | Available | Util% |
+------------------+------+-------+------------+-----------+-------+
| Bonded IOB       |    0 |     0 |          0 |       189 |  0.00 |
|   HPIOB_M        |    0 |     0 |          0 |        58 |  0.00 |
|   HPIOB_S        |    0 |     0 |          0 |        58 |  0.00 |
|   HDIOB_M        |    0 |     0 |          0 |        35 |  0.00 |
|   HDIOB_S        |    0 |     0 |          0 |        35 |  0.00 |
|   HPIOB_SNGL     |    0 |     0 |          0 |         3 |  0.00 |
| HPIOBDIFFINBUF   |    0 |     0 |          0 |        82 |  0.00 |
| HPIOBDIFFOUTBUF  |    0 |     0 |          0 |        82 |  0.00 |
| HDIOBDIFFINBUF   |    0 |     0 |          0 |        35 |  0.00 |
| BITSLICE_CONTROL |    0 |     0 |          0 |        32 |  0.00 |
| BITSLICE_RX_TX   |    0 |     0 |          0 |      1248 |  0.00 |
| BITSLICE_TX      |    0 |     0 |          0 |        32 |  0.00 |
| RIU_OR           |    0 |     0 |          0 |        16 |  0.00 |
+------------------+------+-------+------------+-----------+-------+


6. CLOCK
--------

+------------+------+-------+------------+-----------+-------+
|  Site Type | Used | Fixed | Prohibited | Available | Util% |
+------------+------+-------+------------+-----------+-------+
| BUFGCE     |    1 |     0 |          0 |       112 |  0.89 |
| BUFGCE_DIV |    0 |     0 |          0 |        16 |  0.00 |
| BUFG_GT    |    0 |     0 |          0 |        96 |  0.00 |
| BUFG_PS    |    1 |     0 |          0 |        96 |  1.04 |
| BUFGCTRL*  |    0 |     0 |          0 |        32 |  0.00 |
| PLL        |    0 |     0 |          0 |         8 |  0.00 |
| MMCM       |    0 |     0 |          0 |         4 |  0.00 |
+------------+------+-------+------------+-----------+-------+
* Note: Each used BUFGCTRL counts as two GLOBAL CLOCK BUFFERs. This table does not include global clocking resources, only buffer cell usage. See the Clock Utilization Report (report_clock_utilization) for detailed accounting of global clocking resource availability.


7. ADVANCED
-----------

+-----------------+------+-------+------------+-----------+--------+
|    Site Type    | Used | Fixed | Prohibited | Available |  Util% |
+-----------------+------+-------+------------+-----------+--------+
| GTHE4_CHANNEL   |    0 |     0 |          0 |         4 |   0.00 |
| GTHE4_COMMON    |    0 |     0 |          0 |         1 |   0.00 |
| OBUFDS_GTE4     |    0 |     0 |          0 |         2 |   0.00 |
| OBUFDS_GTE4_ADV |    0 |     0 |          0 |         2 |   0.00 |
| PCIE40E4        |    0 |     0 |          0 |         2 |   0.00 |
| PS8             |    1 |     0 |          0 |         1 | 100.00 |
| SYSMONE4        |    0 |     0 |          0 |         1 |   0.00 |
| VCU             |    0 |     0 |          0 |         1 |   0.00 |
+-----------------+------+-------+------------+-----------+--------+


8. CONFIGURATION
----------------

+-------------+------+-------+------------+-----------+-------+
|  Site Type  | Used | Fixed | Prohibited | Available | Util% |
+-------------+------+-------+------------+-----------+-------+
| BSCANE2     |    0 |     0 |          0 |         4 |  0.00 |
| DNA_PORTE2  |    0 |     0 |          0 |         1 |  0.00 |
| EFUSE_USR   |    0 |     0 |          0 |         1 |  0.00 |
| FRAME_ECCE4 |    0 |     0 |          0 |         1 |  0.00 |
| ICAPE3      |    0 |     0 |          0 |         2 |  0.00 |
| MASTER_JTAG |    0 |     0 |          0 |         1 |  0.00 |
| STARTUPE3   |    0 |     0 |          0 |         1 |  0.00 |
+-------------+------+-------+------------+-----------+-------+


9. Primitives
-------------

+----------+------+---------------------+
| Ref Name | Used | Functional Category |
+----------+------+---------------------+
| FDRE     | 6091 |            Register |
| LUT6     | 2698 |                 CLB |
| LUT4     | 1319 |                 CLB |
| LUT3     | 1178 |                 CLB |
| LUT2     | 1172 |                 CLB |
| LUT5     | 1112 |                 CLB |
| LUT1     |  626 |                 CLB |
| MUXF7    |  614 |                 CLB |
| RAMD32   |  546 |                 CLB |
| SRL16E   |  364 |                 CLB |
| CARRY8   |  307 |                 CLB |
| FDSE     |  205 |            Register |
| MUXF8    |  128 |                 CLB |
| RAMS32   |   78 |                 CLB |
| DSP48E2  |   69 |          Arithmetic |
| FDCE     |   66 |            Register |
| RAMB36E2 |   44 |            BLOCKRAM |
| URAM288  |   32 |            BLOCKRAM |
| SRLC32E  |   14 |                 CLB |
| RAMB18E2 |    3 |            BLOCKRAM |
| PS8      |    1 |            Advanced |
| BUFG_PS  |    1 |               Clock |
| BUFGCE   |    1 |               Clock |
+----------+------+---------------------+


10. Black Boxes
---------------

+----------+------+
| Ref Name | Used |
+----------+------+


11. Instantiated Netlists
-------------------------

+---------------------------------------------------+------+
|                      Ref Name                     | Used |
+---------------------------------------------------+------+
| neural_reconstruction_bd_zynq_ultra_ps_e_0_0      |    1 |
| neural_reconstruction_bd_sc_gmem1_0               |    1 |
| neural_reconstruction_bd_sc_gmem0_0               |    1 |
| neural_reconstruction_bd_sc_control_0             |    1 |
| neural_reconstruction_bd_rst_200m_0               |    1 |
| neural_reconstruction_bd_resetn_inverter_0        |    1 |
| neural_reconstruction_bd_reconstruction_accel_0_0 |    1 |
+---------------------------------------------------+------+


