

================================================================
== Vitis HLS Report for 'reconstruction_accel'
================================================================
* Date:           Mon Sep 14 20:51:27 2026

* Version:        2025.1.1 (Build 6214317 on Sep 11 2025)
* Project:        work
* Solution:       hls (Vivado IP Flow Target)
* Product family: zynquplus
* Target device:  xck26-sfvc784-2LV-c


================================================================
== Performance Estimates
================================================================
+ Timing: 
    * Summary: 
    +--------+---------+----------+------------+
    |  Clock |  Target | Estimated| Uncertainty|
    +--------+---------+----------+------------+
    |ap_clk  |  5.00 ns|  4.400 ns|     0.60 ns|
    +--------+---------+----------+------------+

+ Latency: 
    * Summary: 
    +---------+---------+-----------+-----------+---------+---------+---------+
    |  Latency (cycles) |   Latency (absolute)  |      Interval     | Pipeline|
    |   min   |   max   |    min    |    max    |   min   |   max   |   Type  |
    +---------+---------+-----------+-----------+---------+---------+---------+
    |  5637182|  5637182|  28.186 ms|  28.186 ms|  5637183|  5637183|       no|
    +---------+---------+-----------+-----------+---------+---------+---------+

    + Detail: 
        * Instance: 
        +-------------------------------------------------------------------------------------+--------------------------------------------------------------------------+---------+---------+-----------+-----------+---------+---------+------------------------------------------------+
        |                                                                                     |                                                                          |  Latency (cycles) |   Latency (absolute)  |      Interval     |                    Pipeline                    |
        |                                       Instance                                      |                                  Module                                  |   min   |   max   |    min    |    max    |   min   |   max   |                      Type                      |
        +-------------------------------------------------------------------------------------+--------------------------------------------------------------------------+---------+---------+-----------+-----------+---------+---------+------------------------------------------------+
        |grp_reconstruction_accel_Pipeline_BILINEAR_Y_BILINEAR_X_fu_154                       |reconstruction_accel_Pipeline_BILINEAR_Y_BILINEAR_X                       |   262159|   262159|   1.311 ms|   1.311 ms|   262148|   262148|  loop auto-rewind stp (delay=0 clock cycles(s))|
        |grp_reconstruction_accel_Pipeline_CONV1_Y_PAD_CONV1_X_PAD_fu_166                     |reconstruction_accel_Pipeline_CONV1_Y_PAD_CONV1_X_PAD                     |    66574|    66574|   0.333 ms|   0.333 ms|    66565|    66565|  loop auto-rewind stp (delay=0 clock cycles(s))|
        |grp_reconstruction_accel_Pipeline_CONV2_Y_CONV2_X_CONV2_OC_CONV2_KY_CONV2_KX_fu_178  |reconstruction_accel_Pipeline_CONV2_Y_CONV2_X_CONV2_OC_CONV2_KY_CONV2_KX  |  4718602|  4718602|  23.593 ms|  23.593 ms|  4718593|  4718593|  loop auto-rewind stp (delay=0 clock cycles(s))|
        |grp_reconstruction_accel_Pipeline_CONV3_Y_CONV3_X_CONV3_KY_CONV3_KX_fu_206           |reconstruction_accel_Pipeline_CONV3_Y_CONV3_X_CONV3_KY_CONV3_KX           |   589835|   589835|   2.949 ms|   2.949 ms|   589825|   589825|  loop auto-rewind stp (delay=0 clock cycles(s))|
        +-------------------------------------------------------------------------------------+--------------------------------------------------------------------------+---------+---------+-----------+-----------+---------+---------+------------------------------------------------+

        * Loop: 
        N/A



================================================================
== Utilization Estimates
================================================================
* Summary: 
+-----------------+---------+------+--------+--------+-----+
|       Name      | BRAM_18K|  DSP |   FF   |   LUT  | URAM|
+-----------------+---------+------+--------+--------+-----+
|DSP              |        -|     -|       -|       -|    -|
|Expression       |        -|     -|       -|       -|    -|
|FIFO             |        -|     -|       -|       -|    -|
|Instance         |        4|    46|    5905|   10414|    0|
|Memory           |       84|     -|       0|       0|   32|
|Multiplexer      |        -|     -|       0|     314|    -|
|Register         |        -|     -|     144|       -|    -|
+-----------------+---------+------+--------+--------+-----+
|Total            |       88|    46|    6049|   10728|   32|
+-----------------+---------+------+--------+--------+-----+
|Available        |      288|  1248|  234240|  117120|   64|
+-----------------+---------+------+--------+--------+-----+
|Utilization (%)  |       30|     3|       2|       9|   50|
+-----------------+---------+------+--------+--------+-----+

+ Detail: 
    * Instance: 
    +-------------------------------------------------------------------------------------+--------------------------------------------------------------------------+---------+----+------+------+-----+
    |                                       Instance                                      |                                  Module                                  | BRAM_18K| DSP|  FF  |  LUT | URAM|
    +-------------------------------------------------------------------------------------+--------------------------------------------------------------------------+---------+----+------+------+-----+
    |control_s_axi_U                                                                      |control_s_axi                                                             |        0|   0|   176|   296|    0|
    |gmem0_m_axi_U                                                                        |gmem0_m_axi                                                               |        2|   0|   707|   757|    0|
    |gmem1_m_axi_U                                                                        |gmem1_m_axi                                                               |        0|   0|   636|   744|    0|
    |grp_reconstruction_accel_Pipeline_BILINEAR_Y_BILINEAR_X_fu_154                       |reconstruction_accel_Pipeline_BILINEAR_Y_BILINEAR_X                       |        0|   2|   704|  1275|    0|
    |grp_reconstruction_accel_Pipeline_CONV1_Y_PAD_CONV1_X_PAD_fu_166                     |reconstruction_accel_Pipeline_CONV1_Y_PAD_CONV1_X_PAD                     |        2|  31|  1137|  3171|    0|
    |grp_reconstruction_accel_Pipeline_CONV2_Y_CONV2_X_CONV2_OC_CONV2_KY_CONV2_KX_fu_178  |reconstruction_accel_Pipeline_CONV2_Y_CONV2_X_CONV2_OC_CONV2_KY_CONV2_KX  |        0|   7|  1690|  2611|    0|
    |grp_reconstruction_accel_Pipeline_CONV3_Y_CONV3_X_CONV3_KY_CONV3_KX_fu_206           |reconstruction_accel_Pipeline_CONV3_Y_CONV3_X_CONV3_KY_CONV3_KX           |        0|   6|   855|  1560|    0|
    +-------------------------------------------------------------------------------------+--------------------------------------------------------------------------+---------+----+------+------+-----+
    |Total                                                                                |                                                                          |        4|  46|  5905| 10414|    0|
    +-------------------------------------------------------------------------------------+--------------------------------------------------------------------------+---------+----+------+------+-----+

    * DSP: 
    N/A

    * Memory: 
    +------------------+------------------------------+---------+---+----+-----+-------+-----+------+-------------+
    |      Memory      |            Module            | BRAM_18K| FF| LUT| URAM| Words | Bits| Banks| W*Bits*Banks|
    +------------------+------------------------------+---------+---+----+-----+-------+-----+------+-------------+
    |baseline_ticks_U  |baseline_ticks_RAM_AUTO_1R1W  |       52|  0|   0|    0|  65536|   14|     1|       917504|
    |branch_input_U    |branch_input_RAM_AUTO_1R1W    |       32|  0|   0|    0|  65536|    8|     1|       524288|
    |conv1_out_U       |conv1_out_RAM_1P_URAM_1R1W    |        0|  0|   0|   16|  65536|   64|     1|      4194304|
    |conv2_out_U       |conv1_out_RAM_1P_URAM_1R1W    |        0|  0|   0|   16|  65536|   64|     1|      4194304|
    +------------------+------------------------------+---------+---+----+-----+-------+-----+------+-------------+
    |Total             |                              |       84|  0|   0|   32| 262144|  150|     4|      9830400|
    +------------------+------------------------------+---------+---+----+-----+-------+-----+------+-------------+

    * FIFO: 
    N/A

    * Expression: 
    N/A

    * Multiplexer: 
    +-------------------------+----+-----------+-----+-----------+
    |           Name          | LUT| Input Size| Bits| Total Bits|
    +-------------------------+----+-----------+-----+-----------+
    |ap_NS_fsm                |  65|         14|    1|         14|
    |baseline_ticks_address0  |  14|          3|   16|         48|
    |baseline_ticks_ce0       |  14|          3|    1|          3|
    |baseline_ticks_we0       |   9|          2|    1|          2|
    |branch_input_address0    |  14|          3|   16|         48|
    |branch_input_ce0         |  14|          3|    1|          3|
    |branch_input_we0         |   9|          2|    1|          2|
    |conv1_out_address0       |  14|          3|   16|         48|
    |conv1_out_ce0            |  14|          3|    1|          3|
    |conv1_out_we0            |   9|          2|    1|          2|
    |conv2_out_address0       |  14|          3|   16|         48|
    |conv2_out_ce0            |  14|          3|    1|          3|
    |conv2_out_we0            |   9|          2|    1|          2|
    |gmem0_0_ARVALID          |   9|          2|    1|          2|
    |gmem0_0_RREADY           |   9|          2|    1|          2|
    |gmem1_0_AWADDR           |  14|          3|   64|        192|
    |gmem1_0_AWLEN            |  14|          3|   32|         96|
    |gmem1_0_AWVALID          |  14|          3|    1|          3|
    |gmem1_0_BREADY           |  14|          3|    1|          3|
    |gmem1_0_WVALID           |   9|          2|    1|          2|
    |gmem1_blk_n_AW           |   9|          2|    1|          2|
    |gmem1_blk_n_B            |   9|          2|    1|          2|
    +-------------------------+----+-----------+-----+-----------+
    |Total                    | 314|         68|  176|        530|
    +-------------------------+----+-----------+-----+-----------+

    * Register: 
    +--------------------------------------------------------------------------------------------------+----+----+-----+-----------+
    |                                               Name                                               | FF | LUT| Bits| Const Bits|
    +--------------------------------------------------------------------------------------------------+----+----+-----+-----------+
    |ap_CS_fsm                                                                                         |  13|   0|   13|          0|
    |grp_reconstruction_accel_Pipeline_BILINEAR_Y_BILINEAR_X_fu_154_ap_start_reg                       |   1|   0|    1|          0|
    |grp_reconstruction_accel_Pipeline_CONV1_Y_PAD_CONV1_X_PAD_fu_166_ap_start_reg                     |   1|   0|    1|          0|
    |grp_reconstruction_accel_Pipeline_CONV2_Y_CONV2_X_CONV2_OC_CONV2_KY_CONV2_KX_fu_178_ap_start_reg  |   1|   0|    1|          0|
    |grp_reconstruction_accel_Pipeline_CONV3_Y_CONV3_X_CONV3_KY_CONV3_KX_fu_206_ap_start_reg           |   1|   0|    1|          0|
    |input_r_read_reg_253                                                                              |  64|   0|   64|          0|
    |trunc_ln8_reg_258                                                                                 |  63|   0|   63|          0|
    +--------------------------------------------------------------------------------------------------+----+----+-----+-----------+
    |Total                                                                                             | 144|   0|  144|          0|
    +--------------------------------------------------------------------------------------------------+----+----+-----+-----------+



================================================================
== Interface
================================================================
* Summary: 
+-----------------------+-----+-----+------------+----------------------+--------------+
|       RTL Ports       | Dir | Bits|  Protocol  |     Source Object    |    C Type    |
+-----------------------+-----+-----+------------+----------------------+--------------+
|s_axi_control_AWVALID  |   in|    1|       s_axi|               control|        scalar|
|s_axi_control_AWREADY  |  out|    1|       s_axi|               control|        scalar|
|s_axi_control_AWADDR   |   in|    6|       s_axi|               control|        scalar|
|s_axi_control_WVALID   |   in|    1|       s_axi|               control|        scalar|
|s_axi_control_WREADY   |  out|    1|       s_axi|               control|        scalar|
|s_axi_control_WDATA    |   in|   32|       s_axi|               control|        scalar|
|s_axi_control_WSTRB    |   in|    4|       s_axi|               control|        scalar|
|s_axi_control_ARVALID  |   in|    1|       s_axi|               control|        scalar|
|s_axi_control_ARREADY  |  out|    1|       s_axi|               control|        scalar|
|s_axi_control_ARADDR   |   in|    6|       s_axi|               control|        scalar|
|s_axi_control_RVALID   |  out|    1|       s_axi|               control|        scalar|
|s_axi_control_RREADY   |   in|    1|       s_axi|               control|        scalar|
|s_axi_control_RDATA    |  out|   32|       s_axi|               control|        scalar|
|s_axi_control_RRESP    |  out|    2|       s_axi|               control|        scalar|
|s_axi_control_BVALID   |  out|    1|       s_axi|               control|        scalar|
|s_axi_control_BREADY   |   in|    1|       s_axi|               control|        scalar|
|s_axi_control_BRESP    |  out|    2|       s_axi|               control|        scalar|
|ap_clk                 |   in|    1|  ap_ctrl_hs|  reconstruction_accel|  return value|
|ap_rst_n               |   in|    1|  ap_ctrl_hs|  reconstruction_accel|  return value|
|interrupt              |  out|    1|  ap_ctrl_hs|  reconstruction_accel|  return value|
|m_axi_gmem0_AWVALID    |  out|    1|       m_axi|                 gmem0|       pointer|
|m_axi_gmem0_AWREADY    |   in|    1|       m_axi|                 gmem0|       pointer|
|m_axi_gmem0_AWADDR     |  out|   64|       m_axi|                 gmem0|       pointer|
|m_axi_gmem0_AWID       |  out|    1|       m_axi|                 gmem0|       pointer|
|m_axi_gmem0_AWLEN      |  out|    8|       m_axi|                 gmem0|       pointer|
|m_axi_gmem0_AWSIZE     |  out|    3|       m_axi|                 gmem0|       pointer|
|m_axi_gmem0_AWBURST    |  out|    2|       m_axi|                 gmem0|       pointer|
|m_axi_gmem0_AWLOCK     |  out|    2|       m_axi|                 gmem0|       pointer|
|m_axi_gmem0_AWCACHE    |  out|    4|       m_axi|                 gmem0|       pointer|
|m_axi_gmem0_AWPROT     |  out|    3|       m_axi|                 gmem0|       pointer|
|m_axi_gmem0_AWQOS      |  out|    4|       m_axi|                 gmem0|       pointer|
|m_axi_gmem0_AWREGION   |  out|    4|       m_axi|                 gmem0|       pointer|
|m_axi_gmem0_AWUSER     |  out|    1|       m_axi|                 gmem0|       pointer|
|m_axi_gmem0_WVALID     |  out|    1|       m_axi|                 gmem0|       pointer|
|m_axi_gmem0_WREADY     |   in|    1|       m_axi|                 gmem0|       pointer|
|m_axi_gmem0_WDATA      |  out|   32|       m_axi|                 gmem0|       pointer|
|m_axi_gmem0_WSTRB      |  out|    4|       m_axi|                 gmem0|       pointer|
|m_axi_gmem0_WLAST      |  out|    1|       m_axi|                 gmem0|       pointer|
|m_axi_gmem0_WID        |  out|    1|       m_axi|                 gmem0|       pointer|
|m_axi_gmem0_WUSER      |  out|    1|       m_axi|                 gmem0|       pointer|
|m_axi_gmem0_ARVALID    |  out|    1|       m_axi|                 gmem0|       pointer|
|m_axi_gmem0_ARREADY    |   in|    1|       m_axi|                 gmem0|       pointer|
|m_axi_gmem0_ARADDR     |  out|   64|       m_axi|                 gmem0|       pointer|
|m_axi_gmem0_ARID       |  out|    1|       m_axi|                 gmem0|       pointer|
|m_axi_gmem0_ARLEN      |  out|    8|       m_axi|                 gmem0|       pointer|
|m_axi_gmem0_ARSIZE     |  out|    3|       m_axi|                 gmem0|       pointer|
|m_axi_gmem0_ARBURST    |  out|    2|       m_axi|                 gmem0|       pointer|
|m_axi_gmem0_ARLOCK     |  out|    2|       m_axi|                 gmem0|       pointer|
|m_axi_gmem0_ARCACHE    |  out|    4|       m_axi|                 gmem0|       pointer|
|m_axi_gmem0_ARPROT     |  out|    3|       m_axi|                 gmem0|       pointer|
|m_axi_gmem0_ARQOS      |  out|    4|       m_axi|                 gmem0|       pointer|
|m_axi_gmem0_ARREGION   |  out|    4|       m_axi|                 gmem0|       pointer|
|m_axi_gmem0_ARUSER     |  out|    1|       m_axi|                 gmem0|       pointer|
|m_axi_gmem0_RVALID     |   in|    1|       m_axi|                 gmem0|       pointer|
|m_axi_gmem0_RREADY     |  out|    1|       m_axi|                 gmem0|       pointer|
|m_axi_gmem0_RDATA      |   in|   32|       m_axi|                 gmem0|       pointer|
|m_axi_gmem0_RLAST      |   in|    1|       m_axi|                 gmem0|       pointer|
|m_axi_gmem0_RID        |   in|    1|       m_axi|                 gmem0|       pointer|
|m_axi_gmem0_RUSER      |   in|    1|       m_axi|                 gmem0|       pointer|
|m_axi_gmem0_RRESP      |   in|    2|       m_axi|                 gmem0|       pointer|
|m_axi_gmem0_BVALID     |   in|    1|       m_axi|                 gmem0|       pointer|
|m_axi_gmem0_BREADY     |  out|    1|       m_axi|                 gmem0|       pointer|
|m_axi_gmem0_BRESP      |   in|    2|       m_axi|                 gmem0|       pointer|
|m_axi_gmem0_BID        |   in|    1|       m_axi|                 gmem0|       pointer|
|m_axi_gmem0_BUSER      |   in|    1|       m_axi|                 gmem0|       pointer|
|m_axi_gmem1_AWVALID    |  out|    1|       m_axi|                 gmem1|       pointer|
|m_axi_gmem1_AWREADY    |   in|    1|       m_axi|                 gmem1|       pointer|
|m_axi_gmem1_AWADDR     |  out|   64|       m_axi|                 gmem1|       pointer|
|m_axi_gmem1_AWID       |  out|    1|       m_axi|                 gmem1|       pointer|
|m_axi_gmem1_AWLEN      |  out|    8|       m_axi|                 gmem1|       pointer|
|m_axi_gmem1_AWSIZE     |  out|    3|       m_axi|                 gmem1|       pointer|
|m_axi_gmem1_AWBURST    |  out|    2|       m_axi|                 gmem1|       pointer|
|m_axi_gmem1_AWLOCK     |  out|    2|       m_axi|                 gmem1|       pointer|
|m_axi_gmem1_AWCACHE    |  out|    4|       m_axi|                 gmem1|       pointer|
|m_axi_gmem1_AWPROT     |  out|    3|       m_axi|                 gmem1|       pointer|
|m_axi_gmem1_AWQOS      |  out|    4|       m_axi|                 gmem1|       pointer|
|m_axi_gmem1_AWREGION   |  out|    4|       m_axi|                 gmem1|       pointer|
|m_axi_gmem1_AWUSER     |  out|    1|       m_axi|                 gmem1|       pointer|
|m_axi_gmem1_WVALID     |  out|    1|       m_axi|                 gmem1|       pointer|
|m_axi_gmem1_WREADY     |   in|    1|       m_axi|                 gmem1|       pointer|
|m_axi_gmem1_WDATA      |  out|   32|       m_axi|                 gmem1|       pointer|
|m_axi_gmem1_WSTRB      |  out|    4|       m_axi|                 gmem1|       pointer|
|m_axi_gmem1_WLAST      |  out|    1|       m_axi|                 gmem1|       pointer|
|m_axi_gmem1_WID        |  out|    1|       m_axi|                 gmem1|       pointer|
|m_axi_gmem1_WUSER      |  out|    1|       m_axi|                 gmem1|       pointer|
|m_axi_gmem1_ARVALID    |  out|    1|       m_axi|                 gmem1|       pointer|
|m_axi_gmem1_ARREADY    |   in|    1|       m_axi|                 gmem1|       pointer|
|m_axi_gmem1_ARADDR     |  out|   64|       m_axi|                 gmem1|       pointer|
|m_axi_gmem1_ARID       |  out|    1|       m_axi|                 gmem1|       pointer|
|m_axi_gmem1_ARLEN      |  out|    8|       m_axi|                 gmem1|       pointer|
|m_axi_gmem1_ARSIZE     |  out|    3|       m_axi|                 gmem1|       pointer|
|m_axi_gmem1_ARBURST    |  out|    2|       m_axi|                 gmem1|       pointer|
|m_axi_gmem1_ARLOCK     |  out|    2|       m_axi|                 gmem1|       pointer|
|m_axi_gmem1_ARCACHE    |  out|    4|       m_axi|                 gmem1|       pointer|
|m_axi_gmem1_ARPROT     |  out|    3|       m_axi|                 gmem1|       pointer|
|m_axi_gmem1_ARQOS      |  out|    4|       m_axi|                 gmem1|       pointer|
|m_axi_gmem1_ARREGION   |  out|    4|       m_axi|                 gmem1|       pointer|
|m_axi_gmem1_ARUSER     |  out|    1|       m_axi|                 gmem1|       pointer|
|m_axi_gmem1_RVALID     |   in|    1|       m_axi|                 gmem1|       pointer|
|m_axi_gmem1_RREADY     |  out|    1|       m_axi|                 gmem1|       pointer|
|m_axi_gmem1_RDATA      |   in|   32|       m_axi|                 gmem1|       pointer|
|m_axi_gmem1_RLAST      |   in|    1|       m_axi|                 gmem1|       pointer|
|m_axi_gmem1_RID        |   in|    1|       m_axi|                 gmem1|       pointer|
|m_axi_gmem1_RUSER      |   in|    1|       m_axi|                 gmem1|       pointer|
|m_axi_gmem1_RRESP      |   in|    2|       m_axi|                 gmem1|       pointer|
|m_axi_gmem1_BVALID     |   in|    1|       m_axi|                 gmem1|       pointer|
|m_axi_gmem1_BREADY     |  out|    1|       m_axi|                 gmem1|       pointer|
|m_axi_gmem1_BRESP      |   in|    2|       m_axi|                 gmem1|       pointer|
|m_axi_gmem1_BID        |   in|    1|       m_axi|                 gmem1|       pointer|
|m_axi_gmem1_BUSER      |   in|    1|       m_axi|                 gmem1|       pointer|
+-----------------------+-----+-----+------------+----------------------+--------------+

