Copyright 1986-2022 Xilinx, Inc. All Rights Reserved. Copyright 2022-2025 Advanced Micro Devices, Inc. All Rights Reserved.
--------------------------------------------------------------------------------------------------------------------------------------------------
| Tool Version      : Vivado v.2025.1.1 (win64) Build 6233196 Thu Sep 11 21:27:30 MDT 2025
| Date              : Tue Sep 15 02:43:27 2026
| Host              : Fortune running 64-bit major release  (build 9200)
| Command           : report_timing_summary -file ./report/reconstruction_accel_timing_routed.rpt
| Design            : bd_0_wrapper
| Device            : xck26-sfvc784
| Speed File        : -2LV  PRODUCTION 1.30 05-15-2022
| Design State      : Routed
| Temperature Grade : C
--------------------------------------------------------------------------------------------------------------------------------------------------

Timing Summary Report

------------------------------------------------------------------------------------------------
| Timer Settings
| --------------
------------------------------------------------------------------------------------------------

  Enable Multi Corner Analysis               :  Yes
  Enable Pessimism Removal                   :  Yes
  Pessimism Removal Resolution               :  Nearest Common Node
  Enable Input Delay Default Clock           :  No
  Enable Preset / Clear Arcs                 :  No
  Disable Flight Delays                      :  No
  Ignore I/O Paths                           :  No
  Timing Early Launch at Borrowing Latches   :  No
  Borrow Time for Max Delay Exceptions       :  Yes
  Merge Timing Exceptions                    :  Yes
  Inter-SLR Compensation                     :  Conservative

  Corner  Analyze    Analyze    
  Name    Max Paths  Min Paths  
  ------  ---------  ---------  
  Slow    Yes        Yes        
  Fast    Yes        Yes        


------------------------------------------------------------------------------------------------
| Report Methodology
| ------------------
------------------------------------------------------------------------------------------------

Rule       Severity  Description                    Violations  
---------  --------  -----------------------------  ----------  
TIMING-18  Warning   Missing input or output delay  316         

Note: This report is based on the most recent report_methodology run and may not be up-to-date. Run report_methodology on the current design for the latest report.



check_timing report

Table of Contents
-----------------
1. checking no_clock (0)
2. checking constant_clock (0)
3. checking pulse_width_clock (0)
4. checking unconstrained_internal_endpoints (0)
5. checking no_input_delay (90)
6. checking no_output_delay (204)
7. checking multiple_clock (0)
8. checking generated_clocks (0)
9. checking loops (0)
10. checking partial_input_delay (0)
11. checking partial_output_delay (0)
12. checking latch_loops (0)

1. checking no_clock (0)
------------------------
 There are 0 register/latch pins with no clock.


2. checking constant_clock (0)
------------------------------
 There are 0 register/latch pins with constant_clock.


3. checking pulse_width_clock (0)
---------------------------------
 There are 0 register/latch pins which need pulse_width check


4. checking unconstrained_internal_endpoints (0)
------------------------------------------------
 There are 0 pins that are not constrained for maximum delay.

 There are 0 pins that are not constrained for maximum delay due to constant clock.


5. checking no_input_delay (90)
-------------------------------
 There are 90 input ports with no input delay specified. (HIGH)

 There are 0 input ports with no input delay but user has a false path constraint.


6. checking no_output_delay (204)
---------------------------------
 There are 204 ports with no output delay specified. (HIGH)

 There are 0 ports with no output delay but user has a false path constraint

 There are 0 ports with no output delay but with a timing clock defined on it or propagating through it


7. checking multiple_clock (0)
------------------------------
 There are 0 register/latch pins with multiple clocks.


8. checking generated_clocks (0)
--------------------------------
 There are 0 generated clocks that are not connected to a clock source.


9. checking loops (0)
---------------------
 There are 0 combinational loops in the design.


10. checking partial_input_delay (0)
------------------------------------
 There are 0 input ports with partial input delay specified.


11. checking partial_output_delay (0)
-------------------------------------
 There are 0 ports with partial output delay specified.


12. checking latch_loops (0)
----------------------------
 There are 0 combinational latch loops in the design through latch input



------------------------------------------------------------------------------------------------
| Design Timing Summary
| ---------------------
------------------------------------------------------------------------------------------------

    WNS(ns)      TNS(ns)  TNS Failing Endpoints  TNS Total Endpoints      WHS(ns)      THS(ns)  THS Failing Endpoints  THS Total Endpoints     WPWS(ns)     TPWS(ns)  TPWS Failing Endpoints  TPWS Total Endpoints  
    -------      -------  ---------------------  -------------------      -------      -------  ---------------------  -------------------     --------     --------  ----------------------  --------------------  
      0.207        0.000                      0                20340        0.046        0.000                      0                20340        1.700        0.000                       0                  4995  


All user specified timing constraints are met.


------------------------------------------------------------------------------------------------
| Clock Summary
| -------------
------------------------------------------------------------------------------------------------

Clock   Waveform(ns)         Period(ns)      Frequency(MHz)
-----   ------------         ----------      --------------
ap_clk  {0.000 2.500}        5.000           200.000         


------------------------------------------------------------------------------------------------
| Intra Clock Table
| -----------------
------------------------------------------------------------------------------------------------

Clock             WNS(ns)      TNS(ns)  TNS Failing Endpoints  TNS Total Endpoints      WHS(ns)      THS(ns)  THS Failing Endpoints  THS Total Endpoints     WPWS(ns)     TPWS(ns)  TPWS Failing Endpoints  TPWS Total Endpoints  
-----             -------      -------  ---------------------  -------------------      -------      -------  ---------------------  -------------------     --------     --------  ----------------------  --------------------  
ap_clk              0.207        0.000                      0                20340        0.046        0.000                      0                20340        1.700        0.000                       0                  4995  


------------------------------------------------------------------------------------------------
| Inter Clock Table
| -----------------
------------------------------------------------------------------------------------------------

From Clock    To Clock          WNS(ns)      TNS(ns)  TNS Failing Endpoints  TNS Total Endpoints      WHS(ns)      THS(ns)  THS Failing Endpoints  THS Total Endpoints  
----------    --------          -------      -------  ---------------------  -------------------      -------      -------  ---------------------  -------------------  


------------------------------------------------------------------------------------------------
| Other Path Groups Table
| -----------------------
------------------------------------------------------------------------------------------------

Path Group    From Clock    To Clock          WNS(ns)      TNS(ns)  TNS Failing Endpoints  TNS Total Endpoints      WHS(ns)      THS(ns)  THS Failing Endpoints  THS Total Endpoints  
----------    ----------    --------          -------      -------  ---------------------  -------------------      -------      -------  ---------------------  -------------------  


------------------------------------------------------------------------------------------------
| Timing Details
| --------------
------------------------------------------------------------------------------------------------


---------------------------------------------------------------------------------------------------
From Clock:  ap_clk
  To Clock:  ap_clk

Setup :            0  Failing Endpoints,  Worst Slack        0.207ns,  Total Violation        0.000ns
Hold  :            0  Failing Endpoints,  Worst Slack        0.046ns,  Total Violation        0.000ns
PW    :            0  Failing Endpoints,  Worst Slack        1.700ns,  Total Violation        0.000ns
---------------------------------------------------------------------------------------------------


Max Delay Paths
--------------------------------------------------------------------------------------
Slack (MET) :             0.207ns  (required time - arrival time)
  Source:                 bd_0_i/hls_inst/inst/grp_reconstruction_accel_Pipeline_CONV1_Y_PAD_CONV1_X_PAD_fu_166/mul_8ns_8ns_15_1_1_U28/tmp_product/DSP_A_B_DATA_INST/CLK
                            (rising edge-triggered cell DSP_A_B_DATA clocked by ap_clk  {rise@0.000ns fall@2.500ns period=5.000ns})
  Destination:            bd_0_i/hls_inst/inst/grp_reconstruction_accel_Pipeline_CONV1_Y_PAD_CONV1_X_PAD_fu_166/add_ln39_1_fu_2022_p2/DSP_A_B_DATA_INST/A[29]
                            (rising edge-triggered cell DSP_A_B_DATA clocked by ap_clk  {rise@0.000ns fall@2.500ns period=5.000ns})
  Path Group:             ap_clk
  Path Type:              Setup (Max at Slow Process Corner)
  Requirement:            5.000ns  (ap_clk rise@5.000ns - ap_clk rise@0.000ns)
  Data Path Delay:        4.214ns  (logic 3.005ns (71.318%)  route 1.209ns (28.682%))
  Logic Levels:           12  (CARRY8=4 DSP_ALU=1 DSP_M_DATA=1 DSP_MULTIPLIER=1 DSP_OUTPUT=1 DSP_PREADD_DATA=1 LUT2=1 LUT3=1 LUT4=1)
  Clock Path Skew:        -0.022ns (DCD - SCD + CPR)
    Destination Clock Delay (DCD):    0.055ns = ( 5.055 - 5.000 ) 
    Source Clock Delay      (SCD):    0.077ns
    Clock Pessimism Removal (CPR):    0.000ns
  Clock Uncertainty:      0.035ns  ((TSJ^2 + TIJ^2)^1/2 + DJ) / 2 + PE
    Total System Jitter     (TSJ):    0.071ns
    Total Input Jitter      (TIJ):    0.000ns
    Discrete Jitter          (DJ):    0.000ns
    Phase Error              (PE):    0.000ns

    Location             Delay type                Incr(ns)  Path(ns)    Netlist Resource(s)
  -------------------------------------------------------------------    -------------------
                         (clock ap_clk rise edge)     0.000     0.000 r  
                                                      0.000     0.000 r  ap_clk (IN)
                         net (fo=5323, unset)         0.077     0.077    bd_0_i/hls_inst/inst/grp_reconstruction_accel_Pipeline_CONV1_Y_PAD_CONV1_X_PAD_fu_166/mul_8ns_8ns_15_1_1_U28/tmp_product/CLK
    DSP48E2_X4Y6         DSP_A_B_DATA                                 r  bd_0_i/hls_inst/inst/grp_reconstruction_accel_Pipeline_CONV1_Y_PAD_CONV1_X_PAD_fu_166/mul_8ns_8ns_15_1_1_U28/tmp_product/DSP_A_B_DATA_INST/CLK
  -------------------------------------------------------------------    -------------------
    DSP48E2_X4Y6         DSP_A_B_DATA (Prop_DSP_A_B_DATA_DSP48E2_CLK_A2_DATA[0])
                                                      0.302     0.379 r  bd_0_i/hls_inst/inst/grp_reconstruction_accel_Pipeline_CONV1_Y_PAD_CONV1_X_PAD_fu_166/mul_8ns_8ns_15_1_1_U28/tmp_product/DSP_A_B_DATA_INST/A2_DATA[0]
                         net (fo=1, routed)           0.000     0.379    bd_0_i/hls_inst/inst/grp_reconstruction_accel_Pipeline_CONV1_Y_PAD_CONV1_X_PAD_fu_166/mul_8ns_8ns_15_1_1_U28/tmp_product/DSP_A_B_DATA.A2_DATA<0>
    DSP48E2_X4Y6         DSP_PREADD_DATA (Prop_DSP_PREADD_DATA_DSP48E2_A2_DATA[0]_A2A1[0])
                                                      0.114     0.493 r  bd_0_i/hls_inst/inst/grp_reconstruction_accel_Pipeline_CONV1_Y_PAD_CONV1_X_PAD_fu_166/mul_8ns_8ns_15_1_1_U28/tmp_product/DSP_PREADD_DATA_INST/A2A1[0]
                         net (fo=1, routed)           0.000     0.493    bd_0_i/hls_inst/inst/grp_reconstruction_accel_Pipeline_CONV1_Y_PAD_CONV1_X_PAD_fu_166/mul_8ns_8ns_15_1_1_U28/tmp_product/DSP_PREADD_DATA.A2A1<0>
    DSP48E2_X4Y6         DSP_MULTIPLIER (Prop_DSP_MULTIPLIER_DSP48E2_A2A1[0]_V[0])
                                                      0.699     1.192 f  bd_0_i/hls_inst/inst/grp_reconstruction_accel_Pipeline_CONV1_Y_PAD_CONV1_X_PAD_fu_166/mul_8ns_8ns_15_1_1_U28/tmp_product/DSP_MULTIPLIER_INST/V[0]
                         net (fo=1, routed)           0.000     1.192    bd_0_i/hls_inst/inst/grp_reconstruction_accel_Pipeline_CONV1_Y_PAD_CONV1_X_PAD_fu_166/mul_8ns_8ns_15_1_1_U28/tmp_product/DSP_MULTIPLIER.V<0>
    DSP48E2_X4Y6         DSP_M_DATA (Prop_DSP_M_DATA_DSP48E2_V[0]_V_DATA[0])
                                                      0.065     1.257 r  bd_0_i/hls_inst/inst/grp_reconstruction_accel_Pipeline_CONV1_Y_PAD_CONV1_X_PAD_fu_166/mul_8ns_8ns_15_1_1_U28/tmp_product/DSP_M_DATA_INST/V_DATA[0]
                         net (fo=1, routed)           0.000     1.257    bd_0_i/hls_inst/inst/grp_reconstruction_accel_Pipeline_CONV1_Y_PAD_CONV1_X_PAD_fu_166/mul_8ns_8ns_15_1_1_U28/tmp_product/DSP_M_DATA.V_DATA<0>
    DSP48E2_X4Y6         DSP_ALU (Prop_DSP_ALU_DSP48E2_V_DATA[0]_ALU_OUT[0])
                                                      0.722     1.979 f  bd_0_i/hls_inst/inst/grp_reconstruction_accel_Pipeline_CONV1_Y_PAD_CONV1_X_PAD_fu_166/mul_8ns_8ns_15_1_1_U28/tmp_product/DSP_ALU_INST/ALU_OUT[0]
                         net (fo=1, routed)           0.000     1.979    bd_0_i/hls_inst/inst/grp_reconstruction_accel_Pipeline_CONV1_Y_PAD_CONV1_X_PAD_fu_166/mul_8ns_8ns_15_1_1_U28/tmp_product/DSP_ALU.ALU_OUT<0>
    DSP48E2_X4Y6         DSP_OUTPUT (Prop_DSP_OUTPUT_DSP48E2_ALU_OUT[0]_P[0])
                                                      0.146     2.125 r  bd_0_i/hls_inst/inst/grp_reconstruction_accel_Pipeline_CONV1_Y_PAD_CONV1_X_PAD_fu_166/mul_8ns_8ns_15_1_1_U28/tmp_product/DSP_OUTPUT_INST/P[0]
                         net (fo=2, routed)           0.233     2.358    bd_0_i/hls_inst/inst/grp_reconstruction_accel_Pipeline_CONV1_Y_PAD_CONV1_X_PAD_fu_166/mac_muladd_8ns_7ns_16ns_16_4_1_U41/reconstruction_accel_mac_muladd_8ns_7ns_16ns_16_4_1_DSP48_0_U/add_ln39_1_fu_2022_p2_i_39_0[0]
    SLICE_X16Y15         LUT2 (Prop_A6LUT_SLICEL_I1_O)
                                                      0.058     2.416 r  bd_0_i/hls_inst/inst/grp_reconstruction_accel_Pipeline_CONV1_Y_PAD_CONV1_X_PAD_fu_166/mac_muladd_8ns_7ns_16ns_16_4_1_U41/reconstruction_accel_mac_muladd_8ns_7ns_16ns_16_4_1_DSP48_0_U/add_ln39_1_fu_2022_p2_i_76/O
                         net (fo=1, routed)           0.014     2.430    bd_0_i/hls_inst/inst/grp_reconstruction_accel_Pipeline_CONV1_Y_PAD_CONV1_X_PAD_fu_166/mac_muladd_8ns_7ns_16ns_16_4_1_U41/reconstruction_accel_mac_muladd_8ns_7ns_16ns_16_4_1_DSP48_0_U/add_ln39_1_fu_2022_p2_i_76_n_3
    SLICE_X16Y15         CARRY8 (Prop_CARRY8_SLICEL_S[0]_O[5])
                                                      0.331     2.761 r  bd_0_i/hls_inst/inst/grp_reconstruction_accel_Pipeline_CONV1_Y_PAD_CONV1_X_PAD_fu_166/mac_muladd_8ns_7ns_16ns_16_4_1_U41/reconstruction_accel_mac_muladd_8ns_7ns_16ns_16_4_1_DSP48_0_U/add_ln39_1_fu_2022_p2_i_42/O[5]
                         net (fo=2, routed)           0.206     2.967    bd_0_i/hls_inst/inst/grp_reconstruction_accel_Pipeline_CONV1_Y_PAD_CONV1_X_PAD_fu_166/mac_muladd_8ns_7ns_16ns_16_4_1_U41/reconstruction_accel_mac_muladd_8ns_7ns_16ns_16_4_1_DSP48_0_U/sext_ln452_7_fu_1399_p1[5]
    SLICE_X16Y11         LUT3 (Prop_F5LUT_SLICEL_I0_O)
                                                      0.144     3.111 r  bd_0_i/hls_inst/inst/grp_reconstruction_accel_Pipeline_CONV1_Y_PAD_CONV1_X_PAD_fu_166/mac_muladd_8ns_7ns_16ns_16_4_1_U41/reconstruction_accel_mac_muladd_8ns_7ns_16ns_16_4_1_DSP48_0_U/add_ln39_1_fu_2022_p2_i_24/O
                         net (fo=2, routed)           0.272     3.383    bd_0_i/hls_inst/inst/grp_reconstruction_accel_Pipeline_CONV1_Y_PAD_CONV1_X_PAD_fu_166/mac_muladd_8ns_7ns_16ns_16_4_1_U41/reconstruction_accel_mac_muladd_8ns_7ns_16ns_16_4_1_DSP48_0_U/add_ln39_1_fu_2022_p2_i_24_n_3
    SLICE_X16Y11         LUT4 (Prop_G6LUT_SLICEL_I3_O)
                                                      0.082     3.465 r  bd_0_i/hls_inst/inst/grp_reconstruction_accel_Pipeline_CONV1_Y_PAD_CONV1_X_PAD_fu_166/mac_muladd_8ns_7ns_16ns_16_4_1_U41/reconstruction_accel_mac_muladd_8ns_7ns_16ns_16_4_1_DSP48_0_U/add_ln39_1_fu_2022_p2_i_31/O
                         net (fo=1, routed)           0.012     3.477    bd_0_i/hls_inst/inst/grp_reconstruction_accel_Pipeline_CONV1_Y_PAD_CONV1_X_PAD_fu_166/mac_muladd_8ns_7ns_16ns_16_4_1_U41/reconstruction_accel_mac_muladd_8ns_7ns_16ns_16_4_1_DSP48_0_U/add_ln39_1_fu_2022_p2_i_31_n_3
    SLICE_X16Y11         CARRY8 (Prop_CARRY8_SLICEL_S[6]_CO[7])
                                                      0.171     3.648 r  bd_0_i/hls_inst/inst/grp_reconstruction_accel_Pipeline_CONV1_Y_PAD_CONV1_X_PAD_fu_166/mac_muladd_8ns_7ns_16ns_16_4_1_U41/reconstruction_accel_mac_muladd_8ns_7ns_16ns_16_4_1_DSP48_0_U/add_ln39_1_fu_2022_p2_i_3/CO[7]
                         net (fo=1, routed)           0.030     3.678    bd_0_i/hls_inst/inst/grp_reconstruction_accel_Pipeline_CONV1_Y_PAD_CONV1_X_PAD_fu_166/mac_muladd_8ns_7ns_16ns_16_4_1_U41/reconstruction_accel_mac_muladd_8ns_7ns_16ns_16_4_1_DSP48_0_U/add_ln39_1_fu_2022_p2_i_3_n_3
    SLICE_X16Y12         CARRY8 (Prop_CARRY8_SLICEL_CI_CO[7])
                                                      0.065     3.743 r  bd_0_i/hls_inst/inst/grp_reconstruction_accel_Pipeline_CONV1_Y_PAD_CONV1_X_PAD_fu_166/mac_muladd_8ns_7ns_16ns_16_4_1_U41/reconstruction_accel_mac_muladd_8ns_7ns_16ns_16_4_1_DSP48_0_U/add_ln39_1_fu_2022_p2_i_2/CO[7]
                         net (fo=1, routed)           0.030     3.773    bd_0_i/hls_inst/inst/grp_reconstruction_accel_Pipeline_CONV1_Y_PAD_CONV1_X_PAD_fu_166/mac_muladd_8ns_7ns_16ns_16_4_1_U41/reconstruction_accel_mac_muladd_8ns_7ns_16ns_16_4_1_DSP48_0_U/add_ln39_1_fu_2022_p2_i_2_n_3
    SLICE_X16Y13         CARRY8 (Prop_CARRY8_SLICEL_CI_O[1])
                                                      0.106     3.879 r  bd_0_i/hls_inst/inst/grp_reconstruction_accel_Pipeline_CONV1_Y_PAD_CONV1_X_PAD_fu_166/mac_muladd_8ns_7ns_16ns_16_4_1_U41/reconstruction_accel_mac_muladd_8ns_7ns_16ns_16_4_1_DSP48_0_U/add_ln39_1_fu_2022_p2_i_1/O[1]
                         net (fo=26, routed)          0.411     4.291    bd_0_i/hls_inst/inst/grp_reconstruction_accel_Pipeline_CONV1_Y_PAD_CONV1_X_PAD_fu_166/add_ln39_1_fu_2022_p2/A[29]
    DSP48E2_X4Y5         DSP_A_B_DATA                                 r  bd_0_i/hls_inst/inst/grp_reconstruction_accel_Pipeline_CONV1_Y_PAD_CONV1_X_PAD_fu_166/add_ln39_1_fu_2022_p2/DSP_A_B_DATA_INST/A[29]
  -------------------------------------------------------------------    -------------------

                         (clock ap_clk rise edge)     5.000     5.000 r  
                                                      0.000     5.000 r  ap_clk (IN)
                         net (fo=5323, unset)         0.055     5.055    bd_0_i/hls_inst/inst/grp_reconstruction_accel_Pipeline_CONV1_Y_PAD_CONV1_X_PAD_fu_166/add_ln39_1_fu_2022_p2/CLK
    DSP48E2_X4Y5         DSP_A_B_DATA                                 r  bd_0_i/hls_inst/inst/grp_reconstruction_accel_Pipeline_CONV1_Y_PAD_CONV1_X_PAD_fu_166/add_ln39_1_fu_2022_p2/DSP_A_B_DATA_INST/CLK
                         clock pessimism              0.000     5.055    
                         clock uncertainty           -0.035     5.020    
    DSP48E2_X4Y5         DSP_A_B_DATA (Setup_DSP_A_B_DATA_DSP48E2_CLK_A[29])
                                                     -0.522     4.498    bd_0_i/hls_inst/inst/grp_reconstruction_accel_Pipeline_CONV1_Y_PAD_CONV1_X_PAD_fu_166/add_ln39_1_fu_2022_p2/DSP_A_B_DATA_INST
  -------------------------------------------------------------------
                         required time                          4.498    
                         arrival time                          -4.291    
  -------------------------------------------------------------------
                         slack                                  0.207    





Min Delay Paths
--------------------------------------------------------------------------------------
Slack (MET) :             0.046ns  (arrival time - required time)
  Source:                 bd_0_i/hls_inst/inst/grp_reconstruction_accel_Pipeline_CONV1_Y_PAD_CONV1_X_PAD_fu_166/add_ln39_2_fu_2098_p2/DSP_PREADD_DATA_INST/CLK
                            (rising edge-triggered cell DSP_PREADD_DATA clocked by ap_clk  {rise@0.000ns fall@2.500ns period=5.000ns})
  Destination:            bd_0_i/hls_inst/inst/grp_reconstruction_accel_Pipeline_CONV1_Y_PAD_CONV1_X_PAD_fu_166/add_ln39_2_fu_2098_p2/DSP_PREADD_DATA_INST/AD[0]
                            (rising edge-triggered cell DSP_PREADD_DATA clocked by ap_clk  {rise@0.000ns fall@2.500ns period=5.000ns})
  Path Group:             ap_clk
  Path Type:              Hold (Min at Fast Process Corner)
  Requirement:            0.000ns  (ap_clk rise@0.000ns - ap_clk rise@0.000ns)
  Data Path Delay:        0.114ns  (logic 0.114ns (100.000%)  route 0.000ns (0.000%))
  Logic Levels:           1  (DSP_PREADD=1)
  Clock Path Skew:        0.008ns (DCD - SCD - CPR)
    Destination Clock Delay (DCD):    0.042ns
    Source Clock Delay      (SCD):    0.034ns
    Clock Pessimism Removal (CPR):    -0.000ns

    Location             Delay type                Incr(ns)  Path(ns)    Netlist Resource(s)
  -------------------------------------------------------------------    -------------------
                         (clock ap_clk rise edge)     0.000     0.000 r  
                                                      0.000     0.000 r  ap_clk (IN)
                         net (fo=5323, unset)         0.034     0.034    bd_0_i/hls_inst/inst/grp_reconstruction_accel_Pipeline_CONV1_Y_PAD_CONV1_X_PAD_fu_166/add_ln39_2_fu_2098_p2/CLK
    DSP48E2_X2Y12        DSP_PREADD_DATA                              r  bd_0_i/hls_inst/inst/grp_reconstruction_accel_Pipeline_CONV1_Y_PAD_CONV1_X_PAD_fu_166/add_ln39_2_fu_2098_p2/DSP_PREADD_DATA_INST/CLK
  -------------------------------------------------------------------    -------------------
    DSP48E2_X2Y12        DSP_PREADD_DATA (Prop_DSP_PREADD_DATA_DSP48E2_CLK_D_DATA[0])
                                                      0.081     0.115 r  bd_0_i/hls_inst/inst/grp_reconstruction_accel_Pipeline_CONV1_Y_PAD_CONV1_X_PAD_fu_166/add_ln39_2_fu_2098_p2/DSP_PREADD_DATA_INST/D_DATA[0]
                         net (fo=1, routed)           0.000     0.115    bd_0_i/hls_inst/inst/grp_reconstruction_accel_Pipeline_CONV1_Y_PAD_CONV1_X_PAD_fu_166/add_ln39_2_fu_2098_p2/DSP_PREADD_DATA.D_DATA<0>
    DSP48E2_X2Y12        DSP_PREADD (Prop_DSP_PREADD_DSP48E2_D_DATA[0]_AD[0])
                                                      0.033     0.148 r  bd_0_i/hls_inst/inst/grp_reconstruction_accel_Pipeline_CONV1_Y_PAD_CONV1_X_PAD_fu_166/add_ln39_2_fu_2098_p2/DSP_PREADD_INST/AD[0]
                         net (fo=1, routed)           0.000     0.148    bd_0_i/hls_inst/inst/grp_reconstruction_accel_Pipeline_CONV1_Y_PAD_CONV1_X_PAD_fu_166/add_ln39_2_fu_2098_p2/DSP_PREADD.AD<0>
    DSP48E2_X2Y12        DSP_PREADD_DATA                              r  bd_0_i/hls_inst/inst/grp_reconstruction_accel_Pipeline_CONV1_Y_PAD_CONV1_X_PAD_fu_166/add_ln39_2_fu_2098_p2/DSP_PREADD_DATA_INST/AD[0]
  -------------------------------------------------------------------    -------------------

                         (clock ap_clk rise edge)     0.000     0.000 r  
                                                      0.000     0.000 r  ap_clk (IN)
                         net (fo=5323, unset)         0.042     0.042    bd_0_i/hls_inst/inst/grp_reconstruction_accel_Pipeline_CONV1_Y_PAD_CONV1_X_PAD_fu_166/add_ln39_2_fu_2098_p2/CLK
    DSP48E2_X2Y12        DSP_PREADD_DATA                              r  bd_0_i/hls_inst/inst/grp_reconstruction_accel_Pipeline_CONV1_Y_PAD_CONV1_X_PAD_fu_166/add_ln39_2_fu_2098_p2/DSP_PREADD_DATA_INST/CLK
                         clock pessimism              0.000     0.042    
    DSP48E2_X2Y12        DSP_PREADD_DATA (Hold_DSP_PREADD_DATA_DSP48E2_CLK_AD[0])
                                                      0.060     0.102    bd_0_i/hls_inst/inst/grp_reconstruction_accel_Pipeline_CONV1_Y_PAD_CONV1_X_PAD_fu_166/add_ln39_2_fu_2098_p2/DSP_PREADD_DATA_INST
  -------------------------------------------------------------------
                         required time                         -0.102    
                         arrival time                           0.148    
  -------------------------------------------------------------------
                         slack                                  0.046    





Pulse Width Checks
--------------------------------------------------------------------------------------
Clock Name:         ap_clk
Waveform(ns):       { 0.000 2.500 }
Period(ns):         5.000
Sources:            { ap_clk }

Check Type        Corner  Lib Pin      Reference Pin  Required(ns)  Actual(ns)  Slack(ns)  Location       Pin
Min Period        n/a     URAM288/CLK  n/a            2.471         5.000       2.529      URAM288_X0Y12  bd_0_i/hls_inst/inst/conv1_out_U/ram_reg_uram_10/CLK
Low Pulse Width   Slow    URAM288/CLK  n/a            0.800         2.500       1.700      URAM288_X0Y12  bd_0_i/hls_inst/inst/conv1_out_U/ram_reg_uram_10/CLK
High Pulse Width  Slow    URAM288/CLK  n/a            0.800         2.500       1.700      URAM288_X0Y12  bd_0_i/hls_inst/inst/conv1_out_U/ram_reg_uram_10/CLK



