

================================================================
== Vitis HLS Report for 'reconstruction_accel'
================================================================
* Date:           Sun Sep 13 17:34:00 2026

* Version:        2025.1.1 (Build 6214317 on Sep 11 2025)
* Project:        work
* Solution:       hls (Vivado IP Flow Target)
* Product family: zynquplus
* Target device:  xck26-sfvc784-2LV-c


================================================================
== Performance Estimates
================================================================
+ Timing: 
    * Summary: 
    +--------+---------+----------+------------+
    |  Clock |  Target | Estimated| Uncertainty|
    +--------+---------+----------+------------+
    |ap_clk  |  5.00 ns|  4.400 ns|     0.60 ns|
    +--------+---------+----------+------------+

+ Latency: 
    * Summary: 
    +----------+----------+-----------+-----------+----------+----------+---------+
    |   Latency (cycles)  |   Latency (absolute)  |       Interval      | Pipeline|
    |    min   |    max   |    min    |    max    |    min   |    max   |   Type  |
    +----------+----------+-----------+-----------+----------+----------+---------+
    |  43317309|  43317309|  0.217 sec|  0.217 sec|  43317310|  43317310|       no|
    +----------+----------+-----------+-----------+----------+----------+---------+

    + Detail: 
        * Instance: 
        +---------------------------------------------------------------------------------------------+----------------------------------------------------------------------------------+----------+----------+-----------+-----------+----------+----------+------------------------------------------------+
        |                                                                                             |                                                                                  |   Latency (cycles)  |   Latency (absolute)  |       Interval      |                    Pipeline                    |
        |                                           Instance                                          |                                      Module                                      |    min   |    max   |    min    |    max    |    min   |    max   |                      Type                      |
        +---------------------------------------------------------------------------------------------+----------------------------------------------------------------------------------+----------+----------+-----------+-----------+----------+----------+------------------------------------------------+
        |grp_reconstruction_accel_Pipeline_BILINEAR_Y_BILINEAR_X_fu_365                               |reconstruction_accel_Pipeline_BILINEAR_Y_BILINEAR_X                               |    262159|    262159|   1.311 ms|   1.311 ms|    262148|    262148|  loop auto-rewind stp (delay=0 clock cycles(s))|
        |grp_reconstruction_accel_Pipeline_CONV2_OC_CONV2_Y_CONV2_X_CONV2_IC_CONV2_KY_CONV2_K_fu_393  |reconstruction_accel_Pipeline_CONV2_OC_CONV2_Y_CONV2_X_CONV2_IC_CONV2_KY_CONV2_K  |  37748746|  37748746|  0.189 sec|  0.189 sec|  37748737|  37748737|  loop auto-rewind stp (delay=0 clock cycles(s))|
        |grp_reconstruction_accel_Pipeline_CONV1_X_fu_407                                             |reconstruction_accel_Pipeline_CONV1_X                                             |       274|       274|   1.370 us|   1.370 us|       257|       257|  loop auto-rewind stp (delay=0 clock cycles(s))|
        |grp_reconstruction_accel_Pipeline_CONV3_Y_CONV3_X_CONV3_IC_CONV3_KY_CONV3_KX_fu_451          |reconstruction_accel_Pipeline_CONV3_Y_CONV3_X_CONV3_IC_CONV3_KY_CONV3_KX          |   4718602|   4718602|  23.593 ms|  23.593 ms|   4718593|   4718593|  loop auto-rewind stp (delay=0 clock cycles(s))|
        +---------------------------------------------------------------------------------------------+----------------------------------------------------------------------------------+----------+----------+-----------+-----------+----------+----------+------------------------------------------------+

        * Loop: 
        +------------+---------+---------+----------+-----------+-----------+------+----------+
        |            |  Latency (cycles) | Iteration|  Initiation Interval  | Trip |          |
        |  Loop Name |   min   |   max   |  Latency |  achieved |   target  | Count| Pipelined|
        +------------+---------+---------+----------+-----------+-----------+------+----------+
        |- CONV1_OC  |   587792|   587792|     73474|          -|          -|     8|        no|
        | + CONV1_Y  |    73471|    73471|       287|          -|          -|   256|        no|
        +------------+---------+---------+----------+-----------+-----------+------+----------+



================================================================
== Utilization Estimates
================================================================
* Summary: 
+-----------------+---------+------+--------+--------+-----+
|       Name      | BRAM_18K|  DSP |   FF   |   LUT  | URAM|
+-----------------+---------+------+--------+--------+-----+
|DSP              |        -|     -|       -|       -|    -|
|Expression       |        -|     -|       0|      73|    -|
|FIFO             |        -|     -|       -|       -|    -|
|Instance         |        3|    39|    6912|    9330|    0|
|Memory           |      600|     -|     101|      14|    0|
|Multiplexer      |        -|     -|       0|     811|    -|
|Register         |        -|     -|     440|       -|    -|
+-----------------+---------+------+--------+--------+-----+
|Total            |      603|    39|    7453|   10228|    0|
+-----------------+---------+------+--------+--------+-----+
|Available        |      288|  1248|  234240|  117120|   64|
+-----------------+---------+------+--------+--------+-----+
|Utilization (%)  |      209|     3|       3|       8|    0|
+-----------------+---------+------+--------+--------+-----+

+ Detail: 
    * Instance: 
    +---------------------------------------------------------------------------------------------+----------------------------------------------------------------------------------+---------+----+------+------+-----+
    |                                           Instance                                          |                                      Module                                      | BRAM_18K| DSP|  FF  |  LUT | URAM|
    +---------------------------------------------------------------------------------------------+----------------------------------------------------------------------------------+---------+----+------+------+-----+
    |control_s_axi_U                                                                              |control_s_axi                                                                     |        0|   0|   176|   296|    0|
    |gmem0_m_axi_U                                                                                |gmem0_m_axi                                                                       |        2|   0|   707|   757|    0|
    |gmem1_m_axi_U                                                                                |gmem1_m_axi                                                                       |        0|   0|   636|   744|    0|
    |mul_13s_8ns_13_1_1_U131                                                                      |mul_13s_8ns_13_1_1                                                                |        0|   1|     0|     5|    0|
    |mul_64ns_66ns_129_2_1_U127                                                                   |mul_64ns_66ns_129_2_1                                                             |        0|  16|   361|   178|    0|
    |mul_7ns_8ns_13_1_1_U130                                                                      |mul_7ns_8ns_13_1_1                                                                |        0|   0|     0|    40|    0|
    |mul_8ns_10ns_17_1_1_U129                                                                     |mul_8ns_10ns_17_1_1                                                               |        0|   0|     0|    62|    0|
    |mul_8ns_8ns_13_1_1_U133                                                                      |mul_8ns_8ns_13_1_1                                                                |        0|   0|     0|    40|    0|
    |mul_9ns_11ns_19_1_1_U132                                                                     |mul_9ns_11ns_19_1_1                                                               |        0|   1|     0|     5|    0|
    |grp_reconstruction_accel_Pipeline_BILINEAR_Y_BILINEAR_X_fu_365                               |reconstruction_accel_Pipeline_BILINEAR_Y_BILINEAR_X                               |        0|   5|  1276|  1617|    0|
    |grp_reconstruction_accel_Pipeline_CONV1_X_fu_407                                             |reconstruction_accel_Pipeline_CONV1_X                                             |        0|  11|  1653|  2128|    0|
    |grp_reconstruction_accel_Pipeline_CONV2_OC_CONV2_Y_CONV2_X_CONV2_IC_CONV2_KY_CONV2_K_fu_393  |reconstruction_accel_Pipeline_CONV2_OC_CONV2_Y_CONV2_X_CONV2_IC_CONV2_KY_CONV2_K  |        1|   3|  1290|  1858|    0|
    |grp_reconstruction_accel_Pipeline_CONV3_Y_CONV3_X_CONV3_IC_CONV3_KY_CONV3_KX_fu_451          |reconstruction_accel_Pipeline_CONV3_Y_CONV3_X_CONV3_IC_CONV3_KY_CONV3_KX          |        0|   2|   707|  1559|    0|
    |urem_8ns_3ns_2_12_seq_1_U128                                                                 |urem_8ns_3ns_2_12_seq_1                                                           |        0|   0|   106|    41|    0|
    +---------------------------------------------------------------------------------------------+----------------------------------------------------------------------------------+---------+----+------+------+-----+
    |Total                                                                                        |                                                                                  |        3|  39|  6912|  9330|    0|
    +---------------------------------------------------------------------------------------------+----------------------------------------------------------------------------------+---------+----+------+------+-----+

    * DSP: 
    N/A

    * Memory: 
    +------------------------------------------------------+------------------------------------------------------------------+---------+----+----+-----+--------+-----+------+-------------+
    |                        Memory                        |                              Module                              | BRAM_18K| FF | LUT| URAM|  Words | Bits| Banks| W*Bits*Banks|
    +------------------------------------------------------+------------------------------------------------------------------+---------+----+----+-----+--------+-----+------+-------------+
    |CONV1_BIAS_U                                          |CONV1_BIAS_ROM_AUTO_1R                                            |        0|  17|   3|    0|       8|   17|     1|          136|
    |CONV1_MULT_U                                          |CONV1_MULT_ROM_AUTO_1R                                            |        0|  12|   2|    0|       8|   12|     1|           96|
    |baseline_ticks_U                                      |baseline_ticks_RAM_AUTO_1R1W                                      |       52|   0|   0|    0|   65536|   14|     1|       917504|
    |conv2_out_U                                           |conv2_out_RAM_AUTO_1R1W                                           |      256|   0|   0|    0|  524288|    8|     1|      4194304|
    |conv1_out_U                                           |conv2_out_RAM_AUTO_1R1W                                           |      256|   0|   0|    0|  524288|    8|     1|      4194304|
    |p_ZL13CONV1_WEIGHTS_0_U                               |p_ZL13CONV1_WEIGHTS_0_ROM_AUTO_1R                                 |        0|   8|   1|    0|       8|    8|     1|           64|
    |p_ZL13CONV1_WEIGHTS_1_U                               |p_ZL13CONV1_WEIGHTS_1_ROM_AUTO_1R                                 |        0|   8|   1|    0|       8|    8|     1|           64|
    |p_ZL13CONV1_WEIGHTS_2_U                               |p_ZL13CONV1_WEIGHTS_2_ROM_AUTO_1R                                 |        0|   8|   1|    0|       8|    8|     1|           64|
    |p_ZL13CONV1_WEIGHTS_3_U                               |p_ZL13CONV1_WEIGHTS_3_ROM_AUTO_1R                                 |        0|   8|   1|    0|       8|    8|     1|           64|
    |p_ZL13CONV1_WEIGHTS_4_U                               |p_ZL13CONV1_WEIGHTS_4_ROM_AUTO_1R                                 |        0|   8|   1|    0|       8|    8|     1|           64|
    |p_ZL13CONV1_WEIGHTS_5_U                               |p_ZL13CONV1_WEIGHTS_5_ROM_AUTO_1R                                 |        0|   8|   1|    0|       8|    8|     1|           64|
    |p_ZL13CONV1_WEIGHTS_6_U                               |p_ZL13CONV1_WEIGHTS_6_ROM_AUTO_1R                                 |        0|   8|   1|    0|       8|    8|     1|           64|
    |p_ZL13CONV1_WEIGHTS_7_U                               |p_ZL13CONV1_WEIGHTS_7_ROM_AUTO_1R                                 |        0|   8|   1|    0|       8|    8|     1|           64|
    |p_ZL13CONV1_WEIGHTS_8_U                               |p_ZL13CONV1_WEIGHTS_8_ROM_AUTO_1R                                 |        0|   8|   1|    0|       8|    8|     1|           64|
    |p_ZZ20reconstruction_accelPKhPtE12branch_input_0_0_U  |p_ZZ20reconstruction_accelPKhPtE12branch_input_0_0_RAM_AUTO_1R1W  |        4|   0|   0|    0|    7396|    8|     1|        59168|
    |p_ZZ20reconstruction_accelPKhPtE12branch_input_0_1_U  |p_ZZ20reconstruction_accelPKhPtE12branch_input_0_0_RAM_AUTO_1R1W  |        4|   0|   0|    0|    7396|    8|     1|        59168|
    |p_ZZ20reconstruction_accelPKhPtE12branch_input_0_2_U  |p_ZZ20reconstruction_accelPKhPtE12branch_input_0_0_RAM_AUTO_1R1W  |        4|   0|   0|    0|    7396|    8|     1|        59168|
    |p_ZZ20reconstruction_accelPKhPtE12branch_input_1_0_U  |p_ZZ20reconstruction_accelPKhPtE12branch_input_0_0_RAM_AUTO_1R1W  |        4|   0|   0|    0|    7396|    8|     1|        59168|
    |p_ZZ20reconstruction_accelPKhPtE12branch_input_1_1_U  |p_ZZ20reconstruction_accelPKhPtE12branch_input_0_0_RAM_AUTO_1R1W  |        4|   0|   0|    0|    7396|    8|     1|        59168|
    |p_ZZ20reconstruction_accelPKhPtE12branch_input_1_2_U  |p_ZZ20reconstruction_accelPKhPtE12branch_input_0_0_RAM_AUTO_1R1W  |        4|   0|   0|    0|    7396|    8|     1|        59168|
    |p_ZZ20reconstruction_accelPKhPtE12branch_input_2_0_U  |p_ZZ20reconstruction_accelPKhPtE12branch_input_0_0_RAM_AUTO_1R1W  |        4|   0|   0|    0|    7396|    8|     1|        59168|
    |p_ZZ20reconstruction_accelPKhPtE12branch_input_2_1_U  |p_ZZ20reconstruction_accelPKhPtE12branch_input_0_0_RAM_AUTO_1R1W  |        4|   0|   0|    0|    7396|    8|     1|        59168|
    |p_ZZ20reconstruction_accelPKhPtE12branch_input_2_2_U  |p_ZZ20reconstruction_accelPKhPtE12branch_input_0_0_RAM_AUTO_1R1W  |        4|   0|   0|    0|    7396|    8|     1|        59168|
    +------------------------------------------------------+------------------------------------------------------------------+---------+----+----+-----+--------+-----+------+-------------+
    |Total                                                 |                                                                  |      600| 101|  14|    0| 1180764|  203|    23|      9839432|
    +------------------------------------------------------+------------------------------------------------------------------+---------+----+----+-----+--------+-----+------+-------------+

    * FIFO: 
    N/A

    * Expression: 
    +----------------------+----------+----+---+----+------------+------------+
    |     Variable Name    | Operation| DSP| FF| LUT| Bitwidth P0| Bitwidth P1|
    +----------------------+----------+----+---+----+------------+------------+
    |add_ln309_fu_483_p2   |         +|   0|  0|  12|           4|           1|
    |empty_66_fu_527_p2    |         +|   0|  0|  16|           9|           2|
    |empty_67_fu_551_p2    |         +|   0|  0|  16|           9|           1|
    |icmp_ln308_fu_477_p2  |      icmp|   0|  0|  12|           4|           5|
    |icmp_ln315_fu_639_p2  |      icmp|   0|  0|  17|           9|          10|
    +----------------------+----------+----+---+----+------------+------------+
    |Total                 |          |   0|  0|  73|          35|          19|
    +----------------------+----------+----+---+----+------------+------------+

    * Multiplexer: 
    +-------------------------------------------------------------+-----+-----------+-----+-----------+
    |                             Name                            | LUT | Input Size| Bits| Total Bits|
    +-------------------------------------------------------------+-----+-----------+-----+-----------+
    |ap_NS_fsm                                                    |  130|         26|    1|         26|
    |baseline_ticks_address0                                      |   14|          3|   16|         48|
    |baseline_ticks_ce0                                           |   14|          3|    1|          3|
    |baseline_ticks_we0                                           |    9|          2|    1|          2|
    |conv1_out_address0                                           |   14|          3|   19|         57|
    |conv1_out_ce0                                                |   14|          3|    1|          3|
    |conv1_out_we0                                                |    9|          2|    1|          2|
    |conv2_out_address0                                           |   14|          3|   19|         57|
    |conv2_out_ce0                                                |   14|          3|    1|          3|
    |conv2_out_we0                                                |    9|          2|    1|          2|
    |gmem0_0_ARVALID                                              |    9|          2|    1|          2|
    |gmem0_0_RREADY                                               |    9|          2|    1|          2|
    |gmem1_0_AWADDR                                               |   14|          3|   64|        192|
    |gmem1_0_AWLEN                                                |   14|          3|   32|         96|
    |gmem1_0_AWVALID                                              |   14|          3|    1|          3|
    |gmem1_0_BREADY                                               |   14|          3|    1|          3|
    |gmem1_0_WVALID                                               |    9|          2|    1|          2|
    |gmem1_blk_n_AW                                               |    9|          2|    1|          2|
    |gmem1_blk_n_B                                                |    9|          2|    1|          2|
    |grp_fu_464_ce                                                |    9|          2|    1|          2|
    |grp_fu_464_p0                                                |   14|          3|   64|        192|
    |grp_fu_464_p1                                                |   14|          3|   66|        198|
    |oc_fu_182                                                    |    9|          2|    4|          8|
    |p_ZZ20reconstruction_accelPKhPtE12branch_input_0_0_address0  |   14|          3|   13|         39|
    |p_ZZ20reconstruction_accelPKhPtE12branch_input_0_0_ce0       |   14|          3|    1|          3|
    |p_ZZ20reconstruction_accelPKhPtE12branch_input_0_0_ce1       |    9|          2|    1|          2|
    |p_ZZ20reconstruction_accelPKhPtE12branch_input_0_0_we0       |    9|          2|    1|          2|
    |p_ZZ20reconstruction_accelPKhPtE12branch_input_0_1_address0  |   14|          3|   13|         39|
    |p_ZZ20reconstruction_accelPKhPtE12branch_input_0_1_ce0       |   14|          3|    1|          3|
    |p_ZZ20reconstruction_accelPKhPtE12branch_input_0_1_ce1       |    9|          2|    1|          2|
    |p_ZZ20reconstruction_accelPKhPtE12branch_input_0_1_we0       |    9|          2|    1|          2|
    |p_ZZ20reconstruction_accelPKhPtE12branch_input_0_2_address0  |   14|          3|   13|         39|
    |p_ZZ20reconstruction_accelPKhPtE12branch_input_0_2_ce0       |   14|          3|    1|          3|
    |p_ZZ20reconstruction_accelPKhPtE12branch_input_0_2_ce1       |    9|          2|    1|          2|
    |p_ZZ20reconstruction_accelPKhPtE12branch_input_0_2_we0       |    9|          2|    1|          2|
    |p_ZZ20reconstruction_accelPKhPtE12branch_input_1_0_address0  |   14|          3|   13|         39|
    |p_ZZ20reconstruction_accelPKhPtE12branch_input_1_0_ce0       |   14|          3|    1|          3|
    |p_ZZ20reconstruction_accelPKhPtE12branch_input_1_0_ce1       |    9|          2|    1|          2|
    |p_ZZ20reconstruction_accelPKhPtE12branch_input_1_0_we0       |    9|          2|    1|          2|
    |p_ZZ20reconstruction_accelPKhPtE12branch_input_1_1_address0  |   14|          3|   13|         39|
    |p_ZZ20reconstruction_accelPKhPtE12branch_input_1_1_ce0       |   14|          3|    1|          3|
    |p_ZZ20reconstruction_accelPKhPtE12branch_input_1_1_ce1       |    9|          2|    1|          2|
    |p_ZZ20reconstruction_accelPKhPtE12branch_input_1_1_we0       |    9|          2|    1|          2|
    |p_ZZ20reconstruction_accelPKhPtE12branch_input_1_2_address0  |   14|          3|   13|         39|
    |p_ZZ20reconstruction_accelPKhPtE12branch_input_1_2_ce0       |   14|          3|    1|          3|
    |p_ZZ20reconstruction_accelPKhPtE12branch_input_1_2_ce1       |    9|          2|    1|          2|
    |p_ZZ20reconstruction_accelPKhPtE12branch_input_1_2_we0       |    9|          2|    1|          2|
    |p_ZZ20reconstruction_accelPKhPtE12branch_input_2_0_address0  |   14|          3|   13|         39|
    |p_ZZ20reconstruction_accelPKhPtE12branch_input_2_0_ce0       |   14|          3|    1|          3|
    |p_ZZ20reconstruction_accelPKhPtE12branch_input_2_0_ce1       |    9|          2|    1|          2|
    |p_ZZ20reconstruction_accelPKhPtE12branch_input_2_0_we0       |    9|          2|    1|          2|
    |p_ZZ20reconstruction_accelPKhPtE12branch_input_2_1_address0  |   14|          3|   13|         39|
    |p_ZZ20reconstruction_accelPKhPtE12branch_input_2_1_ce0       |   14|          3|    1|          3|
    |p_ZZ20reconstruction_accelPKhPtE12branch_input_2_1_ce1       |    9|          2|    1|          2|
    |p_ZZ20reconstruction_accelPKhPtE12branch_input_2_1_we0       |    9|          2|    1|          2|
    |p_ZZ20reconstruction_accelPKhPtE12branch_input_2_2_address0  |   14|          3|   13|         39|
    |p_ZZ20reconstruction_accelPKhPtE12branch_input_2_2_ce0       |   14|          3|    1|          3|
    |p_ZZ20reconstruction_accelPKhPtE12branch_input_2_2_ce1       |    9|          2|    1|          2|
    |p_ZZ20reconstruction_accelPKhPtE12branch_input_2_2_we0       |    9|          2|    1|          2|
    |y_reg_353                                                    |    9|          2|    8|         16|
    +-------------------------------------------------------------+-----+-----------+-----+-----------+
    |Total                                                        |  811|        174|  451|       1337|
    +-------------------------------------------------------------+-----+-----------+-----+-----------+

    * Register: 
    +----------------------------------------------------------------------------------------------------------+----+----+-----+-----------+
    |                                                   Name                                                   | FF | LUT| Bits| Const Bits|
    +----------------------------------------------------------------------------------------------------------+----+----+-----+-----------+
    |CONV1_BIAS_load_reg_749                                                                                   |  17|   0|   17|          0|
    |CONV1_MULT_load_reg_754                                                                                   |  12|   0|   12|          0|
    |add_ln309_reg_678                                                                                         |   4|   0|    4|          0|
    |ap_CS_fsm                                                                                                 |  25|   0|   25|          0|
    |empty_66_reg_809                                                                                          |   9|   0|    9|          0|
    |empty_67_reg_825                                                                                          |   9|   0|    9|          0|
    |empty_68_reg_832                                                                                          |   8|   0|    8|          0|
    |grp_reconstruction_accel_Pipeline_BILINEAR_Y_BILINEAR_X_fu_365_ap_start_reg                               |   1|   0|    1|          0|
    |grp_reconstruction_accel_Pipeline_CONV1_X_fu_407_ap_start_reg                                             |   1|   0|    1|          0|
    |grp_reconstruction_accel_Pipeline_CONV2_OC_CONV2_Y_CONV2_X_CONV2_IC_CONV2_KY_CONV2_K_fu_393_ap_start_reg  |   1|   0|    1|          0|
    |grp_reconstruction_accel_Pipeline_CONV3_Y_CONV3_X_CONV3_IC_CONV3_KY_CONV3_KX_fu_451_ap_start_reg          |   1|   0|    1|          0|
    |icmp_ln315_reg_862                                                                                        |   1|   0|    1|          0|
    |input_r_read_reg_670                                                                                      |  64|   0|   64|          0|
    |mul_ln314_1_reg_837                                                                                       |  13|   0|   13|          0|
    |mul_ln320_reg_847                                                                                         |  13|   0|   13|          0|
    |mul_ln372_reg_842                                                                                         |  13|   0|   13|          0|
    |oc_fu_182                                                                                                 |   4|   0|    4|          0|
    |output_r_read_reg_665                                                                                     |  64|   0|   64|          0|
    |p_ZL13CONV1_WEIGHTS_0_load_reg_759                                                                        |   8|   0|    8|          0|
    |p_ZL13CONV1_WEIGHTS_1_load_reg_764                                                                        |   8|   0|    8|          0|
    |p_ZL13CONV1_WEIGHTS_2_load_reg_769                                                                        |   8|   0|    8|          0|
    |p_ZL13CONV1_WEIGHTS_3_load_reg_774                                                                        |   8|   0|    8|          0|
    |p_ZL13CONV1_WEIGHTS_4_load_reg_779                                                                        |   8|   0|    8|          0|
    |p_ZL13CONV1_WEIGHTS_5_load_reg_784                                                                        |   8|   0|    8|          0|
    |p_ZL13CONV1_WEIGHTS_6_load_reg_789                                                                        |   8|   0|    8|          0|
    |p_ZL13CONV1_WEIGHTS_7_load_reg_794                                                                        |   8|   0|    8|          0|
    |p_ZL13CONV1_WEIGHTS_8_load_reg_799                                                                        |   8|   0|    8|          0|
    |tmp_39_cast_reg_820                                                                                       |  13|   0|   13|          0|
    |tmp_s_reg_852                                                                                             |  11|   0|   19|          8|
    |trunc_ln308_reg_683                                                                                       |   3|   0|    3|          0|
    |trunc_ln314_reg_857                                                                                       |   2|   0|    2|          0|
    |trunc_ln6_reg_743                                                                                         |  63|   0|   63|          0|
    |y_reg_353                                                                                                 |   8|   0|    8|          0|
    |zext_ln314_reg_804                                                                                        |   8|   0|    9|          1|
    +----------------------------------------------------------------------------------------------------------+----+----+-----+-----------+
    |Total                                                                                                     | 440|   0|  449|          9|
    +----------------------------------------------------------------------------------------------------------+----+----+-----+-----------+



================================================================
== Interface
================================================================
* Summary: 
+-----------------------+-----+-----+------------+----------------------+--------------+
|       RTL Ports       | Dir | Bits|  Protocol  |     Source Object    |    C Type    |
+-----------------------+-----+-----+------------+----------------------+--------------+
|s_axi_control_AWVALID  |   in|    1|       s_axi|               control|        scalar|
|s_axi_control_AWREADY  |  out|    1|       s_axi|               control|        scalar|
|s_axi_control_AWADDR   |   in|    6|       s_axi|               control|        scalar|
|s_axi_control_WVALID   |   in|    1|       s_axi|               control|        scalar|
|s_axi_control_WREADY   |  out|    1|       s_axi|               control|        scalar|
|s_axi_control_WDATA    |   in|   32|       s_axi|               control|        scalar|
|s_axi_control_WSTRB    |   in|    4|       s_axi|               control|        scalar|
|s_axi_control_ARVALID  |   in|    1|       s_axi|               control|        scalar|
|s_axi_control_ARREADY  |  out|    1|       s_axi|               control|        scalar|
|s_axi_control_ARADDR   |   in|    6|       s_axi|               control|        scalar|
|s_axi_control_RVALID   |  out|    1|       s_axi|               control|        scalar|
|s_axi_control_RREADY   |   in|    1|       s_axi|               control|        scalar|
|s_axi_control_RDATA    |  out|   32|       s_axi|               control|        scalar|
|s_axi_control_RRESP    |  out|    2|       s_axi|               control|        scalar|
|s_axi_control_BVALID   |  out|    1|       s_axi|               control|        scalar|
|s_axi_control_BREADY   |   in|    1|       s_axi|               control|        scalar|
|s_axi_control_BRESP    |  out|    2|       s_axi|               control|        scalar|
|ap_clk                 |   in|    1|  ap_ctrl_hs|  reconstruction_accel|  return value|
|ap_rst_n               |   in|    1|  ap_ctrl_hs|  reconstruction_accel|  return value|
|interrupt              |  out|    1|  ap_ctrl_hs|  reconstruction_accel|  return value|
|m_axi_gmem0_AWVALID    |  out|    1|       m_axi|                 gmem0|       pointer|
|m_axi_gmem0_AWREADY    |   in|    1|       m_axi|                 gmem0|       pointer|
|m_axi_gmem0_AWADDR     |  out|   64|       m_axi|                 gmem0|       pointer|
|m_axi_gmem0_AWID       |  out|    1|       m_axi|                 gmem0|       pointer|
|m_axi_gmem0_AWLEN      |  out|    8|       m_axi|                 gmem0|       pointer|
|m_axi_gmem0_AWSIZE     |  out|    3|       m_axi|                 gmem0|       pointer|
|m_axi_gmem0_AWBURST    |  out|    2|       m_axi|                 gmem0|       pointer|
|m_axi_gmem0_AWLOCK     |  out|    2|       m_axi|                 gmem0|       pointer|
|m_axi_gmem0_AWCACHE    |  out|    4|       m_axi|                 gmem0|       pointer|
|m_axi_gmem0_AWPROT     |  out|    3|       m_axi|                 gmem0|       pointer|
|m_axi_gmem0_AWQOS      |  out|    4|       m_axi|                 gmem0|       pointer|
|m_axi_gmem0_AWREGION   |  out|    4|       m_axi|                 gmem0|       pointer|
|m_axi_gmem0_AWUSER     |  out|    1|       m_axi|                 gmem0|       pointer|
|m_axi_gmem0_WVALID     |  out|    1|       m_axi|                 gmem0|       pointer|
|m_axi_gmem0_WREADY     |   in|    1|       m_axi|                 gmem0|       pointer|
|m_axi_gmem0_WDATA      |  out|   32|       m_axi|                 gmem0|       pointer|
|m_axi_gmem0_WSTRB      |  out|    4|       m_axi|                 gmem0|       pointer|
|m_axi_gmem0_WLAST      |  out|    1|       m_axi|                 gmem0|       pointer|
|m_axi_gmem0_WID        |  out|    1|       m_axi|                 gmem0|       pointer|
|m_axi_gmem0_WUSER      |  out|    1|       m_axi|                 gmem0|       pointer|
|m_axi_gmem0_ARVALID    |  out|    1|       m_axi|                 gmem0|       pointer|
|m_axi_gmem0_ARREADY    |   in|    1|       m_axi|                 gmem0|       pointer|
|m_axi_gmem0_ARADDR     |  out|   64|       m_axi|                 gmem0|       pointer|
|m_axi_gmem0_ARID       |  out|    1|       m_axi|                 gmem0|       pointer|
|m_axi_gmem0_ARLEN      |  out|    8|       m_axi|                 gmem0|       pointer|
|m_axi_gmem0_ARSIZE     |  out|    3|       m_axi|                 gmem0|       pointer|
|m_axi_gmem0_ARBURST    |  out|    2|       m_axi|                 gmem0|       pointer|
|m_axi_gmem0_ARLOCK     |  out|    2|       m_axi|                 gmem0|       pointer|
|m_axi_gmem0_ARCACHE    |  out|    4|       m_axi|                 gmem0|       pointer|
|m_axi_gmem0_ARPROT     |  out|    3|       m_axi|                 gmem0|       pointer|
|m_axi_gmem0_ARQOS      |  out|    4|       m_axi|                 gmem0|       pointer|
|m_axi_gmem0_ARREGION   |  out|    4|       m_axi|                 gmem0|       pointer|
|m_axi_gmem0_ARUSER     |  out|    1|       m_axi|                 gmem0|       pointer|
|m_axi_gmem0_RVALID     |   in|    1|       m_axi|                 gmem0|       pointer|
|m_axi_gmem0_RREADY     |  out|    1|       m_axi|                 gmem0|       pointer|
|m_axi_gmem0_RDATA      |   in|   32|       m_axi|                 gmem0|       pointer|
|m_axi_gmem0_RLAST      |   in|    1|       m_axi|                 gmem0|       pointer|
|m_axi_gmem0_RID        |   in|    1|       m_axi|                 gmem0|       pointer|
|m_axi_gmem0_RUSER      |   in|    1|       m_axi|                 gmem0|       pointer|
|m_axi_gmem0_RRESP      |   in|    2|       m_axi|                 gmem0|       pointer|
|m_axi_gmem0_BVALID     |   in|    1|       m_axi|                 gmem0|       pointer|
|m_axi_gmem0_BREADY     |  out|    1|       m_axi|                 gmem0|       pointer|
|m_axi_gmem0_BRESP      |   in|    2|       m_axi|                 gmem0|       pointer|
|m_axi_gmem0_BID        |   in|    1|       m_axi|                 gmem0|       pointer|
|m_axi_gmem0_BUSER      |   in|    1|       m_axi|                 gmem0|       pointer|
|m_axi_gmem1_AWVALID    |  out|    1|       m_axi|                 gmem1|       pointer|
|m_axi_gmem1_AWREADY    |   in|    1|       m_axi|                 gmem1|       pointer|
|m_axi_gmem1_AWADDR     |  out|   64|       m_axi|                 gmem1|       pointer|
|m_axi_gmem1_AWID       |  out|    1|       m_axi|                 gmem1|       pointer|
|m_axi_gmem1_AWLEN      |  out|    8|       m_axi|                 gmem1|       pointer|
|m_axi_gmem1_AWSIZE     |  out|    3|       m_axi|                 gmem1|       pointer|
|m_axi_gmem1_AWBURST    |  out|    2|       m_axi|                 gmem1|       pointer|
|m_axi_gmem1_AWLOCK     |  out|    2|       m_axi|                 gmem1|       pointer|
|m_axi_gmem1_AWCACHE    |  out|    4|       m_axi|                 gmem1|       pointer|
|m_axi_gmem1_AWPROT     |  out|    3|       m_axi|                 gmem1|       pointer|
|m_axi_gmem1_AWQOS      |  out|    4|       m_axi|                 gmem1|       pointer|
|m_axi_gmem1_AWREGION   |  out|    4|       m_axi|                 gmem1|       pointer|
|m_axi_gmem1_AWUSER     |  out|    1|       m_axi|                 gmem1|       pointer|
|m_axi_gmem1_WVALID     |  out|    1|       m_axi|                 gmem1|       pointer|
|m_axi_gmem1_WREADY     |   in|    1|       m_axi|                 gmem1|       pointer|
|m_axi_gmem1_WDATA      |  out|   32|       m_axi|                 gmem1|       pointer|
|m_axi_gmem1_WSTRB      |  out|    4|       m_axi|                 gmem1|       pointer|
|m_axi_gmem1_WLAST      |  out|    1|       m_axi|                 gmem1|       pointer|
|m_axi_gmem1_WID        |  out|    1|       m_axi|                 gmem1|       pointer|
|m_axi_gmem1_WUSER      |  out|    1|       m_axi|                 gmem1|       pointer|
|m_axi_gmem1_ARVALID    |  out|    1|       m_axi|                 gmem1|       pointer|
|m_axi_gmem1_ARREADY    |   in|    1|       m_axi|                 gmem1|       pointer|
|m_axi_gmem1_ARADDR     |  out|   64|       m_axi|                 gmem1|       pointer|
|m_axi_gmem1_ARID       |  out|    1|       m_axi|                 gmem1|       pointer|
|m_axi_gmem1_ARLEN      |  out|    8|       m_axi|                 gmem1|       pointer|
|m_axi_gmem1_ARSIZE     |  out|    3|       m_axi|                 gmem1|       pointer|
|m_axi_gmem1_ARBURST    |  out|    2|       m_axi|                 gmem1|       pointer|
|m_axi_gmem1_ARLOCK     |  out|    2|       m_axi|                 gmem1|       pointer|
|m_axi_gmem1_ARCACHE    |  out|    4|       m_axi|                 gmem1|       pointer|
|m_axi_gmem1_ARPROT     |  out|    3|       m_axi|                 gmem1|       pointer|
|m_axi_gmem1_ARQOS      |  out|    4|       m_axi|                 gmem1|       pointer|
|m_axi_gmem1_ARREGION   |  out|    4|       m_axi|                 gmem1|       pointer|
|m_axi_gmem1_ARUSER     |  out|    1|       m_axi|                 gmem1|       pointer|
|m_axi_gmem1_RVALID     |   in|    1|       m_axi|                 gmem1|       pointer|
|m_axi_gmem1_RREADY     |  out|    1|       m_axi|                 gmem1|       pointer|
|m_axi_gmem1_RDATA      |   in|   32|       m_axi|                 gmem1|       pointer|
|m_axi_gmem1_RLAST      |   in|    1|       m_axi|                 gmem1|       pointer|
|m_axi_gmem1_RID        |   in|    1|       m_axi|                 gmem1|       pointer|
|m_axi_gmem1_RUSER      |   in|    1|       m_axi|                 gmem1|       pointer|
|m_axi_gmem1_RRESP      |   in|    2|       m_axi|                 gmem1|       pointer|
|m_axi_gmem1_BVALID     |   in|    1|       m_axi|                 gmem1|       pointer|
|m_axi_gmem1_BREADY     |  out|    1|       m_axi|                 gmem1|       pointer|
|m_axi_gmem1_BRESP      |   in|    2|       m_axi|                 gmem1|       pointer|
|m_axi_gmem1_BID        |   in|    1|       m_axi|                 gmem1|       pointer|
|m_axi_gmem1_BUSER      |   in|    1|       m_axi|                 gmem1|       pointer|
+-----------------------+-----+-----+------------+----------------------+--------------+

