Copyright 1986-2022 Xilinx, Inc. All Rights Reserved. Copyright 2022-2025 Advanced Micro Devices, Inc. All Rights Reserved.
--------------------------------------------------------------------------------------------------------------------------------------------------
| Tool Version      : Vivado v.2025.1.1 (win64) Build 6233196 Thu Sep 11 21:27:30 MDT 2025
| Date              : Sun Sep 13 23:03:25 2026
| Host              : Fortune running 64-bit major release  (build 9200)
| Command           : report_timing_summary -file ./report/reconstruction_accel_timing_routed.rpt
| Design            : bd_0_wrapper
| Device            : xck26-sfvc784
| Speed File        : -2LV  PRODUCTION 1.30 05-15-2022
| Design State      : Routed
| Temperature Grade : C
--------------------------------------------------------------------------------------------------------------------------------------------------

Timing Summary Report

------------------------------------------------------------------------------------------------
| Timer Settings
| --------------
------------------------------------------------------------------------------------------------

  Enable Multi Corner Analysis               :  Yes
  Enable Pessimism Removal                   :  Yes
  Pessimism Removal Resolution               :  Nearest Common Node
  Enable Input Delay Default Clock           :  No
  Enable Preset / Clear Arcs                 :  No
  Disable Flight Delays                      :  No
  Ignore I/O Paths                           :  No
  Timing Early Launch at Borrowing Latches   :  No
  Borrow Time for Max Delay Exceptions       :  Yes
  Merge Timing Exceptions                    :  Yes
  Inter-SLR Compensation                     :  Conservative

  Corner  Analyze    Analyze    
  Name    Max Paths  Min Paths  
  ------  ---------  ---------  
  Slow    Yes        Yes        
  Fast    Yes        Yes        


------------------------------------------------------------------------------------------------
| Report Methodology
| ------------------
------------------------------------------------------------------------------------------------

Rule       Severity  Description                    Violations  
---------  --------  -----------------------------  ----------  
TIMING-18  Warning   Missing input or output delay  316         

Note: This report is based on the most recent report_methodology run and may not be up-to-date. Run report_methodology on the current design for the latest report.



check_timing report

Table of Contents
-----------------
1. checking no_clock (0)
2. checking constant_clock (0)
3. checking pulse_width_clock (0)
4. checking unconstrained_internal_endpoints (0)
5. checking no_input_delay (90)
6. checking no_output_delay (204)
7. checking multiple_clock (0)
8. checking generated_clocks (0)
9. checking loops (0)
10. checking partial_input_delay (0)
11. checking partial_output_delay (0)
12. checking latch_loops (0)

1. checking no_clock (0)
------------------------
 There are 0 register/latch pins with no clock.


2. checking constant_clock (0)
------------------------------
 There are 0 register/latch pins with constant_clock.


3. checking pulse_width_clock (0)
---------------------------------
 There are 0 register/latch pins which need pulse_width check


4. checking unconstrained_internal_endpoints (0)
------------------------------------------------
 There are 0 pins that are not constrained for maximum delay.

 There are 0 pins that are not constrained for maximum delay due to constant clock.


5. checking no_input_delay (90)
-------------------------------
 There are 90 input ports with no input delay specified. (HIGH)

 There are 0 input ports with no input delay but user has a false path constraint.


6. checking no_output_delay (204)
---------------------------------
 There are 204 ports with no output delay specified. (HIGH)

 There are 0 ports with no output delay but user has a false path constraint

 There are 0 ports with no output delay but with a timing clock defined on it or propagating through it


7. checking multiple_clock (0)
------------------------------
 There are 0 register/latch pins with multiple clocks.


8. checking generated_clocks (0)
--------------------------------
 There are 0 generated clocks that are not connected to a clock source.


9. checking loops (0)
---------------------
 There are 0 combinational loops in the design.


10. checking partial_input_delay (0)
------------------------------------
 There are 0 input ports with partial input delay specified.


11. checking partial_output_delay (0)
-------------------------------------
 There are 0 ports with partial output delay specified.


12. checking latch_loops (0)
----------------------------
 There are 0 combinational latch loops in the design through latch input



------------------------------------------------------------------------------------------------
| Design Timing Summary
| ---------------------
------------------------------------------------------------------------------------------------

    WNS(ns)      TNS(ns)  TNS Failing Endpoints  TNS Total Endpoints      WHS(ns)      THS(ns)  THS Failing Endpoints  THS Total Endpoints     WPWS(ns)     TPWS(ns)  TPWS Failing Endpoints  TPWS Total Endpoints  
    -------      -------  ---------------------  -------------------      -------      -------  ---------------------  -------------------     --------     --------  ----------------------  --------------------  
      0.139        0.000                      0                16382        0.055        0.000                      0                16382        1.700        0.000                       0                  5124  


All user specified timing constraints are met.


------------------------------------------------------------------------------------------------
| Clock Summary
| -------------
------------------------------------------------------------------------------------------------

Clock   Waveform(ns)         Period(ns)      Frequency(MHz)
-----   ------------         ----------      --------------
ap_clk  {0.000 2.500}        5.000           200.000         


------------------------------------------------------------------------------------------------
| Intra Clock Table
| -----------------
------------------------------------------------------------------------------------------------

Clock             WNS(ns)      TNS(ns)  TNS Failing Endpoints  TNS Total Endpoints      WHS(ns)      THS(ns)  THS Failing Endpoints  THS Total Endpoints     WPWS(ns)     TPWS(ns)  TPWS Failing Endpoints  TPWS Total Endpoints  
-----             -------      -------  ---------------------  -------------------      -------      -------  ---------------------  -------------------     --------     --------  ----------------------  --------------------  
ap_clk              0.139        0.000                      0                16382        0.055        0.000                      0                16382        1.700        0.000                       0                  5124  


------------------------------------------------------------------------------------------------
| Inter Clock Table
| -----------------
------------------------------------------------------------------------------------------------

From Clock    To Clock          WNS(ns)      TNS(ns)  TNS Failing Endpoints  TNS Total Endpoints      WHS(ns)      THS(ns)  THS Failing Endpoints  THS Total Endpoints  
----------    --------          -------      -------  ---------------------  -------------------      -------      -------  ---------------------  -------------------  


------------------------------------------------------------------------------------------------
| Other Path Groups Table
| -----------------------
------------------------------------------------------------------------------------------------

Path Group    From Clock    To Clock          WNS(ns)      TNS(ns)  TNS Failing Endpoints  TNS Total Endpoints      WHS(ns)      THS(ns)  THS Failing Endpoints  THS Total Endpoints  
----------    ----------    --------          -------      -------  ---------------------  -------------------      -------      -------  ---------------------  -------------------  


------------------------------------------------------------------------------------------------
| Timing Details
| --------------
------------------------------------------------------------------------------------------------


---------------------------------------------------------------------------------------------------
From Clock:  ap_clk
  To Clock:  ap_clk

Setup :            0  Failing Endpoints,  Worst Slack        0.139ns,  Total Violation        0.000ns
Hold  :            0  Failing Endpoints,  Worst Slack        0.055ns,  Total Violation        0.000ns
PW    :            0  Failing Endpoints,  Worst Slack        1.700ns,  Total Violation        0.000ns
---------------------------------------------------------------------------------------------------


Max Delay Paths
--------------------------------------------------------------------------------------
Slack (MET) :             0.139ns  (required time - arrival time)
  Source:                 bd_0_i/hls_inst/inst/grp_reconstruction_accel_Pipeline_CONV2_Y_CONV2_X_CONV2_OC_CONV2_KY_CONV2_KX_fu_406/p_ZL13CONV2_WEIGHTS_1_U/q0_reg[4]/C
                            (rising edge-triggered cell FDRE clocked by ap_clk  {rise@0.000ns fall@2.500ns period=5.000ns})
  Destination:            bd_0_i/hls_inst/inst/grp_reconstruction_accel_Pipeline_CONV2_Y_CONV2_X_CONV2_OC_CONV2_KY_CONV2_KX_fu_406/mac_muladd_8s_8ns_16s_17_4_1_U37/reconstruction_accel_mac_muladd_8s_8ns_16s_17_4_1_DSP48_0_U/p_reg_reg/DSP_OUTPUT_INST/ALU_OUT[33]
                            (rising edge-triggered cell DSP_OUTPUT clocked by ap_clk  {rise@0.000ns fall@2.500ns period=5.000ns})
  Path Group:             ap_clk
  Path Type:              Setup (Max at Slow Process Corner)
  Requirement:            5.000ns  (ap_clk rise@5.000ns - ap_clk rise@0.000ns)
  Data Path Delay:        4.853ns  (logic 3.386ns (69.777%)  route 1.467ns (30.223%))
  Logic Levels:           10  (DSP_A_B_DATA=1 DSP_ALU=2 DSP_C_DATA=1 DSP_M_DATA=1 DSP_MULTIPLIER=1 DSP_OUTPUT=1 DSP_PREADD_DATA=1 LUT6=1 MUXF7=1)
  Clock Path Skew:        0.013ns (DCD - SCD + CPR)
    Destination Clock Delay (DCD):    0.055ns = ( 5.055 - 5.000 ) 
    Source Clock Delay      (SCD):    0.042ns
    Clock Pessimism Removal (CPR):    0.000ns
  Clock Uncertainty:      0.035ns  ((TSJ^2 + TIJ^2)^1/2 + DJ) / 2 + PE
    Total System Jitter     (TSJ):    0.071ns
    Total Input Jitter      (TIJ):    0.000ns
    Discrete Jitter          (DJ):    0.000ns
    Phase Error              (PE):    0.000ns

    Location             Delay type                Incr(ns)  Path(ns)    Netlist Resource(s)
  -------------------------------------------------------------------    -------------------
                         (clock ap_clk rise edge)     0.000     0.000 r  
                                                      0.000     0.000 r  ap_clk (IN)
                         net (fo=5245, unset)         0.042     0.042    bd_0_i/hls_inst/inst/grp_reconstruction_accel_Pipeline_CONV2_Y_CONV2_X_CONV2_OC_CONV2_KY_CONV2_KX_fu_406/p_ZL13CONV2_WEIGHTS_1_U/ap_clk
    SLICE_X26Y132        FDRE                                         r  bd_0_i/hls_inst/inst/grp_reconstruction_accel_Pipeline_CONV2_Y_CONV2_X_CONV2_OC_CONV2_KY_CONV2_KX_fu_406/p_ZL13CONV2_WEIGHTS_1_U/q0_reg[4]/C
  -------------------------------------------------------------------    -------------------
    SLICE_X26Y132        FDRE (Prop_HFF_SLICEL_C_Q)
                                                      0.113     0.155 f  bd_0_i/hls_inst/inst/grp_reconstruction_accel_Pipeline_CONV2_Y_CONV2_X_CONV2_OC_CONV2_KY_CONV2_KX_fu_406/p_ZL13CONV2_WEIGHTS_1_U/q0_reg[4]/Q
                         net (fo=3, routed)           0.438     0.593    bd_0_i/hls_inst/inst/grp_reconstruction_accel_Pipeline_CONV2_Y_CONV2_X_CONV2_OC_CONV2_KY_CONV2_KX_fu_406/p_ZL13CONV2_WEIGHTS_4_U/tmp_product_i_1__0_2[4]
    SLICE_X31Y132        LUT6 (Prop_D6LUT_SLICEM_I5_O)
                                                      0.220     0.813 f  bd_0_i/hls_inst/inst/grp_reconstruction_accel_Pipeline_CONV2_Y_CONV2_X_CONV2_OC_CONV2_KY_CONV2_KX_fu_406/p_ZL13CONV2_WEIGHTS_4_U/tmp_product_i_23/O
                         net (fo=1, routed)           0.032     0.845    bd_0_i/hls_inst/inst/grp_reconstruction_accel_Pipeline_CONV2_Y_CONV2_X_CONV2_OC_CONV2_KY_CONV2_KX_fu_406/p_ZL13CONV2_WEIGHTS_4_U/tmp_product_i_23_n_3
    SLICE_X31Y132        MUXF7 (Prop_F7MUX_CD_SLICEM_I0_O)
                                                      0.106     0.951 f  bd_0_i/hls_inst/inst/grp_reconstruction_accel_Pipeline_CONV2_Y_CONV2_X_CONV2_OC_CONV2_KY_CONV2_KX_fu_406/p_ZL13CONV2_WEIGHTS_4_U/tmp_product_i_4__0/O
                         net (fo=1, routed)           0.475     1.426    bd_0_i/hls_inst/inst/grp_reconstruction_accel_Pipeline_CONV2_Y_CONV2_X_CONV2_OC_CONV2_KY_CONV2_KX_fu_406/mul_8s_8ns_16_1_1_U32/tmp_product/B[4]
    DSP48E2_X9Y52        DSP_A_B_DATA (Prop_DSP_A_B_DATA_DSP48E2_B[4]_B2_DATA[4])
                                                      0.216     1.642 r  bd_0_i/hls_inst/inst/grp_reconstruction_accel_Pipeline_CONV2_Y_CONV2_X_CONV2_OC_CONV2_KY_CONV2_KX_fu_406/mul_8s_8ns_16_1_1_U32/tmp_product/DSP_A_B_DATA_INST/B2_DATA[4]
                         net (fo=1, routed)           0.000     1.642    bd_0_i/hls_inst/inst/grp_reconstruction_accel_Pipeline_CONV2_Y_CONV2_X_CONV2_OC_CONV2_KY_CONV2_KX_fu_406/mul_8s_8ns_16_1_1_U32/tmp_product/DSP_A_B_DATA.B2_DATA<4>
    DSP48E2_X9Y52        DSP_PREADD_DATA (Prop_DSP_PREADD_DATA_DSP48E2_B2_DATA[4]_B2B1[4])
                                                      0.097     1.739 r  bd_0_i/hls_inst/inst/grp_reconstruction_accel_Pipeline_CONV2_Y_CONV2_X_CONV2_OC_CONV2_KY_CONV2_KX_fu_406/mul_8s_8ns_16_1_1_U32/tmp_product/DSP_PREADD_DATA_INST/B2B1[4]
                         net (fo=1, routed)           0.000     1.739    bd_0_i/hls_inst/inst/grp_reconstruction_accel_Pipeline_CONV2_Y_CONV2_X_CONV2_OC_CONV2_KY_CONV2_KX_fu_406/mul_8s_8ns_16_1_1_U32/tmp_product/DSP_PREADD_DATA.B2B1<4>
    DSP48E2_X9Y52        DSP_MULTIPLIER (Prop_DSP_MULTIPLIER_DSP48E2_B2B1[4]_U[15])
                                                      0.773     2.512 f  bd_0_i/hls_inst/inst/grp_reconstruction_accel_Pipeline_CONV2_Y_CONV2_X_CONV2_OC_CONV2_KY_CONV2_KX_fu_406/mul_8s_8ns_16_1_1_U32/tmp_product/DSP_MULTIPLIER_INST/U[15]
                         net (fo=1, routed)           0.000     2.512    bd_0_i/hls_inst/inst/grp_reconstruction_accel_Pipeline_CONV2_Y_CONV2_X_CONV2_OC_CONV2_KY_CONV2_KX_fu_406/mul_8s_8ns_16_1_1_U32/tmp_product/DSP_MULTIPLIER.U<15>
    DSP48E2_X9Y52        DSP_M_DATA (Prop_DSP_M_DATA_DSP48E2_U[15]_U_DATA[15])
                                                      0.067     2.579 r  bd_0_i/hls_inst/inst/grp_reconstruction_accel_Pipeline_CONV2_Y_CONV2_X_CONV2_OC_CONV2_KY_CONV2_KX_fu_406/mul_8s_8ns_16_1_1_U32/tmp_product/DSP_M_DATA_INST/U_DATA[15]
                         net (fo=1, routed)           0.000     2.579    bd_0_i/hls_inst/inst/grp_reconstruction_accel_Pipeline_CONV2_Y_CONV2_X_CONV2_OC_CONV2_KY_CONV2_KX_fu_406/mul_8s_8ns_16_1_1_U32/tmp_product/DSP_M_DATA.U_DATA<15>
    DSP48E2_X9Y52        DSP_ALU (Prop_DSP_ALU_DSP48E2_U_DATA[15]_ALU_OUT[15])
                                                      0.727     3.306 f  bd_0_i/hls_inst/inst/grp_reconstruction_accel_Pipeline_CONV2_Y_CONV2_X_CONV2_OC_CONV2_KY_CONV2_KX_fu_406/mul_8s_8ns_16_1_1_U32/tmp_product/DSP_ALU_INST/ALU_OUT[15]
                         net (fo=1, routed)           0.000     3.306    bd_0_i/hls_inst/inst/grp_reconstruction_accel_Pipeline_CONV2_Y_CONV2_X_CONV2_OC_CONV2_KY_CONV2_KX_fu_406/mul_8s_8ns_16_1_1_U32/tmp_product/DSP_ALU.ALU_OUT<15>
    DSP48E2_X9Y52        DSP_OUTPUT (Prop_DSP_OUTPUT_DSP48E2_ALU_OUT[15]_P[15])
                                                      0.146     3.452 r  bd_0_i/hls_inst/inst/grp_reconstruction_accel_Pipeline_CONV2_Y_CONV2_X_CONV2_OC_CONV2_KY_CONV2_KX_fu_406/mul_8s_8ns_16_1_1_U32/tmp_product/DSP_OUTPUT_INST/P[15]
                         net (fo=33, routed)          0.521     3.974    bd_0_i/hls_inst/inst/grp_reconstruction_accel_Pipeline_CONV2_Y_CONV2_X_CONV2_OC_CONV2_KY_CONV2_KX_fu_406/mac_muladd_8s_8ns_16s_17_4_1_U37/reconstruction_accel_mac_muladd_8s_8ns_16s_17_4_1_DSP48_0_U/p_reg_reg/C[33]
    DSP48E2_X9Y53        DSP_C_DATA (Prop_DSP_C_DATA_DSP48E2_C[33]_C_DATA[33])
                                                      0.135     4.109 r  bd_0_i/hls_inst/inst/grp_reconstruction_accel_Pipeline_CONV2_Y_CONV2_X_CONV2_OC_CONV2_KY_CONV2_KX_fu_406/mac_muladd_8s_8ns_16s_17_4_1_U37/reconstruction_accel_mac_muladd_8s_8ns_16s_17_4_1_DSP48_0_U/p_reg_reg/DSP_C_DATA_INST/C_DATA[33]
                         net (fo=2, routed)           0.000     4.109    bd_0_i/hls_inst/inst/grp_reconstruction_accel_Pipeline_CONV2_Y_CONV2_X_CONV2_OC_CONV2_KY_CONV2_KX_fu_406/mac_muladd_8s_8ns_16s_17_4_1_U37/reconstruction_accel_mac_muladd_8s_8ns_16s_17_4_1_DSP48_0_U/p_reg_reg/DSP_C_DATA.C_DATA<33>
    DSP48E2_X9Y53        DSP_ALU (Prop_DSP_ALU_DSP48E2_C_DATA[33]_ALU_OUT[33])
                                                      0.786     4.895 r  bd_0_i/hls_inst/inst/grp_reconstruction_accel_Pipeline_CONV2_Y_CONV2_X_CONV2_OC_CONV2_KY_CONV2_KX_fu_406/mac_muladd_8s_8ns_16s_17_4_1_U37/reconstruction_accel_mac_muladd_8s_8ns_16s_17_4_1_DSP48_0_U/p_reg_reg/DSP_ALU_INST/ALU_OUT[33]
                         net (fo=1, routed)           0.000     4.895    bd_0_i/hls_inst/inst/grp_reconstruction_accel_Pipeline_CONV2_Y_CONV2_X_CONV2_OC_CONV2_KY_CONV2_KX_fu_406/mac_muladd_8s_8ns_16s_17_4_1_U37/reconstruction_accel_mac_muladd_8s_8ns_16s_17_4_1_DSP48_0_U/p_reg_reg/DSP_ALU.ALU_OUT<33>
    DSP48E2_X9Y53        DSP_OUTPUT                                   r  bd_0_i/hls_inst/inst/grp_reconstruction_accel_Pipeline_CONV2_Y_CONV2_X_CONV2_OC_CONV2_KY_CONV2_KX_fu_406/mac_muladd_8s_8ns_16s_17_4_1_U37/reconstruction_accel_mac_muladd_8s_8ns_16s_17_4_1_DSP48_0_U/p_reg_reg/DSP_OUTPUT_INST/ALU_OUT[33]
  -------------------------------------------------------------------    -------------------

                         (clock ap_clk rise edge)     5.000     5.000 r  
                                                      0.000     5.000 r  ap_clk (IN)
                         net (fo=5245, unset)         0.055     5.055    bd_0_i/hls_inst/inst/grp_reconstruction_accel_Pipeline_CONV2_Y_CONV2_X_CONV2_OC_CONV2_KY_CONV2_KX_fu_406/mac_muladd_8s_8ns_16s_17_4_1_U37/reconstruction_accel_mac_muladd_8s_8ns_16s_17_4_1_DSP48_0_U/p_reg_reg/CLK
    DSP48E2_X9Y53        DSP_OUTPUT                                   r  bd_0_i/hls_inst/inst/grp_reconstruction_accel_Pipeline_CONV2_Y_CONV2_X_CONV2_OC_CONV2_KY_CONV2_KX_fu_406/mac_muladd_8s_8ns_16s_17_4_1_U37/reconstruction_accel_mac_muladd_8s_8ns_16s_17_4_1_DSP48_0_U/p_reg_reg/DSP_OUTPUT_INST/CLK
                         clock pessimism              0.000     5.055    
                         clock uncertainty           -0.035     5.020    
    DSP48E2_X9Y53        DSP_OUTPUT (Setup_DSP_OUTPUT_DSP48E2_CLK_ALU_OUT[33])
                                                      0.014     5.034    bd_0_i/hls_inst/inst/grp_reconstruction_accel_Pipeline_CONV2_Y_CONV2_X_CONV2_OC_CONV2_KY_CONV2_KX_fu_406/mac_muladd_8s_8ns_16s_17_4_1_U37/reconstruction_accel_mac_muladd_8s_8ns_16s_17_4_1_DSP48_0_U/p_reg_reg/DSP_OUTPUT_INST
  -------------------------------------------------------------------
                         required time                          5.034    
                         arrival time                          -4.895    
  -------------------------------------------------------------------
                         slack                                  0.139    





Min Delay Paths
--------------------------------------------------------------------------------------
Slack (MET) :             0.055ns  (arrival time - required time)
  Source:                 bd_0_i/hls_inst/inst/gmem1_m_axi_U/store_unit_0/fifo_wreq/U_fifo_srl/dout_reg[41]/C
                            (rising edge-triggered cell FDRE clocked by ap_clk  {rise@0.000ns fall@2.500ns period=5.000ns})
  Destination:            bd_0_i/hls_inst/inst/gmem1_m_axi_U/store_unit_0/tmp_addr_reg[42]/D
                            (rising edge-triggered cell FDRE clocked by ap_clk  {rise@0.000ns fall@2.500ns period=5.000ns})
  Path Group:             ap_clk
  Path Type:              Hold (Min at Slow Process Corner)
  Requirement:            0.000ns  (ap_clk rise@0.000ns - ap_clk rise@0.000ns)
  Data Path Delay:        0.171ns  (logic 0.112ns (65.497%)  route 0.059ns (34.503%))
  Logic Levels:           0  
  Clock Path Skew:        0.013ns (DCD - SCD - CPR)
    Destination Clock Delay (DCD):    0.042ns
    Source Clock Delay      (SCD):    0.029ns
    Clock Pessimism Removal (CPR):    -0.000ns

    Location             Delay type                Incr(ns)  Path(ns)    Netlist Resource(s)
  -------------------------------------------------------------------    -------------------
                         (clock ap_clk rise edge)     0.000     0.000 r  
                                                      0.000     0.000 r  ap_clk (IN)
                         net (fo=5245, unset)         0.029     0.029    bd_0_i/hls_inst/inst/gmem1_m_axi_U/store_unit_0/fifo_wreq/U_fifo_srl/ap_clk
    SLICE_X30Y84         FDRE                                         r  bd_0_i/hls_inst/inst/gmem1_m_axi_U/store_unit_0/fifo_wreq/U_fifo_srl/dout_reg[41]/C
  -------------------------------------------------------------------    -------------------
    SLICE_X30Y84         FDRE (Prop_HFF_SLICEL_C_Q)
                                                      0.112     0.141 r  bd_0_i/hls_inst/inst/gmem1_m_axi_U/store_unit_0/fifo_wreq/U_fifo_srl/dout_reg[41]/Q
                         net (fo=1, routed)           0.059     0.200    bd_0_i/hls_inst/inst/gmem1_m_axi_U/store_unit_0/fifo_wreq_n_30
    SLICE_X30Y84         FDRE                                         r  bd_0_i/hls_inst/inst/gmem1_m_axi_U/store_unit_0/tmp_addr_reg[42]/D
  -------------------------------------------------------------------    -------------------

                         (clock ap_clk rise edge)     0.000     0.000 r  
                                                      0.000     0.000 r  ap_clk (IN)
                         net (fo=5245, unset)         0.042     0.042    bd_0_i/hls_inst/inst/gmem1_m_axi_U/store_unit_0/ap_clk
    SLICE_X30Y84         FDRE                                         r  bd_0_i/hls_inst/inst/gmem1_m_axi_U/store_unit_0/tmp_addr_reg[42]/C
                         clock pessimism              0.000     0.042    
    SLICE_X30Y84         FDRE (Hold_HFF2_SLICEL_C_D)
                                                      0.103     0.145    bd_0_i/hls_inst/inst/gmem1_m_axi_U/store_unit_0/tmp_addr_reg[42]
  -------------------------------------------------------------------
                         required time                         -0.145    
                         arrival time                           0.200    
  -------------------------------------------------------------------
                         slack                                  0.055    





Pulse Width Checks
--------------------------------------------------------------------------------------
Clock Name:         ap_clk
Waveform(ns):       { 0.000 2.500 }
Period(ns):         5.000
Sources:            { ap_clk }

Check Type        Corner  Lib Pin      Reference Pin  Required(ns)  Actual(ns)  Slack(ns)  Location       Pin
Min Period        n/a     URAM288/CLK  n/a            2.471         5.000       2.529      URAM288_X0Y32  bd_0_i/hls_inst/inst/conv1_out_U/ram_reg_uram_10/CLK
Low Pulse Width   Slow    URAM288/CLK  n/a            0.800         2.500       1.700      URAM288_X0Y32  bd_0_i/hls_inst/inst/conv1_out_U/ram_reg_uram_10/CLK
High Pulse Width  Slow    URAM288/CLK  n/a            0.800         2.500       1.700      URAM288_X0Y32  bd_0_i/hls_inst/inst/conv1_out_U/ram_reg_uram_10/CLK



