

Implementation tool: Xilinx Vivado v.2025.1.1
Project:             work
Solution:            hls
Device target:       xck26-sfvc784-2LV-c
Report date:         Sun Sep 13 23:03:38 +0100 2026

#=== Post-Implementation Resource usage ===
SLICE:            0
LUT:           5365
FF:            4660
DSP:             27
BRAM:            89
URAM:            32
LATCH:            0
SRL:            232
CLB:           1169

#=== Final timing ===
CP required:                     5.000
CP achieved post-synthesis:      4.657
CP achieved post-implementation: 4.861
Timing met
