

================================================================
== Vitis HLS Report for 'reconstruction_accel'
================================================================
* Date:           Sun Sep 13 22:49:45 2026

* Version:        2025.1.1 (Build 6214317 on Sep 11 2025)
* Project:        work
* Solution:       hls (Vivado IP Flow Target)
* Product family: zynquplus
* Target device:  xck26-sfvc784-2LV-c


================================================================
== Performance Estimates
================================================================
+ Timing: 
    * Summary: 
    +--------+---------+----------+------------+
    |  Clock |  Target | Estimated| Uncertainty|
    +--------+---------+----------+------------+
    |ap_clk  |  5.00 ns|  4.400 ns|     0.60 ns|
    +--------+---------+----------+------------+

+ Latency: 
    * Summary: 
    +----------+----------+-----------+-----------+----------+----------+---------+
    |   Latency (cycles)  |   Latency (absolute)  |       Interval      | Pipeline|
    |    min   |    max   |    min    |    max    |    min   |    max   |   Type  |
    +----------+----------+-----------+-----------+----------+----------+---------+
    |  10945070|  10945070|  54.725 ms|  54.725 ms|  10945071|  10945071|       no|
    +----------+----------+-----------+-----------+----------+----------+---------+

    + Detail: 
        * Instance: 
        +-------------------------------------------------------------------------------------+--------------------------------------------------------------------------+---------+---------+-----------+-----------+---------+---------+------------------------------------------------+
        |                                                                                     |                                                                          |  Latency (cycles) |   Latency (absolute)  |      Interval     |                    Pipeline                    |
        |                                       Instance                                      |                                  Module                                  |   min   |   max   |    min    |    max    |   min   |   max   |                      Type                      |
        +-------------------------------------------------------------------------------------+--------------------------------------------------------------------------+---------+---------+-----------+-----------+---------+---------+------------------------------------------------+
        |grp_reconstruction_accel_Pipeline_BILINEAR_Y_BILINEAR_X_fu_394                       |reconstruction_accel_Pipeline_BILINEAR_Y_BILINEAR_X                       |   262159|   262159|   1.311 ms|   1.311 ms|   262148|   262148|  loop auto-rewind stp (delay=0 clock cycles(s))|
        |grp_reconstruction_accel_Pipeline_CONV2_Y_CONV2_X_CONV2_OC_CONV2_KY_CONV2_KX_fu_406  |reconstruction_accel_Pipeline_CONV2_Y_CONV2_X_CONV2_OC_CONV2_KY_CONV2_KX  |  4718602|  4718602|  23.593 ms|  23.593 ms|  4718593|  4718593|  loop auto-rewind stp (delay=0 clock cycles(s))|
        |grp_reconstruction_accel_Pipeline_CONV3_Y_CONV3_X_CONV3_KY_CONV3_KX_fu_434           |reconstruction_accel_Pipeline_CONV3_Y_CONV3_X_CONV3_KY_CONV3_KX           |   589835|   589835|   2.949 ms|   2.949 ms|   589825|   589825|  loop auto-rewind stp (delay=0 clock cycles(s))|
        +-------------------------------------------------------------------------------------+--------------------------------------------------------------------------+---------+---------+-----------+-----------+---------+---------+------------------------------------------------+

        * Loop: 
        +---------------------------------+---------+---------+----------+-----------+-----------+------+----------+
        |                                 |  Latency (cycles) | Iteration|  Initiation Interval  | Trip |          |
        |            Loop Name            |   min   |   max   |  Latency |  achieved |   target  | Count| Pipelined|
        +---------------------------------+---------+---------+----------+-----------+-----------+------+----------+
        |- CONV1_Y                        |  5374464|  5374464|     20994|          -|          -|   256|        no|
        | + CONV1_X                       |    20992|    20992|        82|          -|          -|   256|        no|
        |  ++ CONV1_OC_CONV1_KY_CONV1_KX  |       79|       79|         9|          1|          1|    72|       yes|
        +---------------------------------+---------+---------+----------+-----------+-----------+------+----------+



================================================================
== Utilization Estimates
================================================================
* Summary: 
+-----------------+---------+------+--------+--------+-----+
|       Name      | BRAM_18K|  DSP |   FF   |   LUT  | URAM|
+-----------------+---------+------+--------+--------+-----+
|DSP              |        -|     1|       -|       -|    -|
|Expression       |        -|     -|       0|     741|    -|
|FIFO             |        -|     -|       -|       -|    -|
|Instance         |        2|    17|    5072|    8190|    0|
|Memory           |       84|     -|      37|      14|   32|
|Multiplexer      |        -|     -|       0|     425|    -|
|Register         |        -|     -|    1264|     256|    -|
+-----------------+---------+------+--------+--------+-----+
|Total            |       86|    18|    6373|    9626|   32|
+-----------------+---------+------+--------+--------+-----+
|Available        |      288|  1248|  234240|  117120|   64|
+-----------------+---------+------+--------+--------+-----+
|Utilization (%)  |       29|     1|       2|       8|   50|
+-----------------+---------+------+--------+--------+-----+

+ Detail: 
    * Instance: 
    +-------------------------------------------------------------------------------------+--------------------------------------------------------------------------+---------+----+------+------+-----+
    |                                       Instance                                      |                                  Module                                  | BRAM_18K| DSP|  FF  |  LUT | URAM|
    +-------------------------------------------------------------------------------------+--------------------------------------------------------------------------+---------+----+------+------+-----+
    |control_s_axi_U                                                                      |control_s_axi                                                             |        0|   0|   176|   296|    0|
    |gmem0_m_axi_U                                                                        |gmem0_m_axi                                                               |        2|   0|   707|   757|    0|
    |gmem1_m_axi_U                                                                        |gmem1_m_axi                                                               |        0|   0|   636|   744|    0|
    |mul_12ns_32s_44_1_1_U105                                                             |mul_12ns_32s_44_1_1                                                       |        0|   2|     0|    20|    0|
    |partset_64ns_64ns_8ns_6ns_64_1_1_U106                                                |partset_64ns_64ns_8ns_6ns_64_1_1                                          |        0|   0|     0|    72|    0|
    |grp_reconstruction_accel_Pipeline_BILINEAR_Y_BILINEAR_X_fu_394                       |reconstruction_accel_Pipeline_BILINEAR_Y_BILINEAR_X                       |        0|   2|   704|  1275|    0|
    |grp_reconstruction_accel_Pipeline_CONV2_Y_CONV2_X_CONV2_OC_CONV2_KY_CONV2_KX_fu_406  |reconstruction_accel_Pipeline_CONV2_Y_CONV2_X_CONV2_OC_CONV2_KY_CONV2_KX  |        0|   7|  1690|  2611|    0|
    |grp_reconstruction_accel_Pipeline_CONV3_Y_CONV3_X_CONV3_KY_CONV3_KX_fu_434           |reconstruction_accel_Pipeline_CONV3_Y_CONV3_X_CONV3_KY_CONV3_KX           |        0|   6|  1159|  2415|    0|
    +-------------------------------------------------------------------------------------+--------------------------------------------------------------------------+---------+----+------+------+-----+
    |Total                                                                                |                                                                          |        2|  17|  5072|  8190|    0|
    +-------------------------------------------------------------------------------------+--------------------------------------------------------------------------+---------+----+------+------+-----+

    * DSP: 
    +-----------------------------------+------------------------------+--------------+
    |              Instance             |            Module            |  Expression  |
    +-----------------------------------+------------------------------+--------------+
    |mac_muladd_8s_8ns_32s_32_4_1_U107  |mac_muladd_8s_8ns_32s_32_4_1  |  i0 * i1 + i2|
    +-----------------------------------+------------------------------+--------------+

    * Memory: 
    +------------------+------------------------------+---------+----+----+-----+-------+-----+------+-------------+
    |      Memory      |            Module            | BRAM_18K| FF | LUT| URAM| Words | Bits| Banks| W*Bits*Banks|
    +------------------+------------------------------+---------+----+----+-----+-------+-----+------+-------------+
    |CONV1_BIAS_U      |CONV1_BIAS_ROM_AUTO_1R        |        0|  17|   3|    0|      8|   17|     1|          136|
    |CONV1_MULT_U      |CONV1_MULT_ROM_AUTO_1R        |        0|  12|   2|    0|      8|   12|     1|           96|
    |CONV1_WEIGHTS_U   |CONV1_WEIGHTS_ROM_AUTO_1R     |        0|   8|   9|    0|     72|    8|     1|          576|
    |baseline_ticks_U  |baseline_ticks_RAM_AUTO_1R1W  |       52|   0|   0|    0|  65536|   14|     1|       917504|
    |branch_input_U    |branch_input_RAM_AUTO_1R1W    |       32|   0|   0|    0|  65536|    8|     1|       524288|
    |conv2_out_U       |conv2_out_RAM_1P_URAM_1R1W    |        0|   0|   0|   16|  65536|   64|     1|      4194304|
    |conv1_out_U       |conv2_out_RAM_1P_URAM_1R1W    |        0|   0|   0|   16|  65536|   64|     1|      4194304|
    +------------------+------------------------------+---------+----+----+-----+-------+-----+------+-------------+
    |Total             |                              |       84|  37|  14|   32| 262232|  187|     7|      9831208|
    +------------------+------------------------------+---------+----+----+-----+-------+-----+------+-------------+

    * FIFO: 
    N/A

    * Expression: 
    +----------------------------------+----------+----+---+----+------------+------------+
    |           Variable Name          | Operation| DSP| FF| LUT| Bitwidth P0| Bitwidth P1|
    +----------------------------------+----------+----+---+----+------------+------------+
    |add_ln353_fu_479_p2               |         +|   0|  0|  16|           9|           1|
    |add_ln360_fu_508_p2               |         +|   0|  0|  16|           9|           1|
    |add_ln370_fu_532_p2               |         +|   0|  0|  14|           7|           1|
    |add_ln371_fu_674_p2               |         +|   0|  0|  12|           4|           1|
    |add_ln380_fu_703_p2               |         +|   0|  0|  13|           6|           6|
    |add_ln382_fu_660_p2               |         +|   0|  0|  12|           4|           1|
    |add_ln383_fu_582_p2               |         +|   0|  0|   9|           2|           1|
    |add_ln390_fu_642_p2               |         +|   0|  0|   9|           2|           1|
    |add_ln397_1_fu_771_p2             |         +|   0|  0|  17|          10|          10|
    |add_ln397_fu_762_p2               |         +|   0|  0|   9|           2|           2|
    |add_ln39_fu_899_p2                |         +|   0|  0|  51|          44|          20|
    |add_ln414_1_fu_813_p2             |         +|   0|  0|  16|           7|           7|
    |add_ln414_fu_819_p2               |         +|   0|  0|  16|           7|           7|
    |add_ln421_fu_780_p2               |         +|   0|  0|  23|          16|          16|
    |add_ln464_fu_1019_p2              |         +|   0|  0|  23|          16|          16|
    |empty_58_fu_725_p2                |         +|   0|  0|  17|          10|          10|
    |tmp48_fu_716_p2                   |         +|   0|  0|   9|           2|           2|
    |empty_59_fu_749_p2                |         -|   0|  0|  12|           4|           4|
    |sub_ln43_fu_929_p2                |         -|   0|  0|  31|           1|          24|
    |sub_ln45_fu_914_p2                |         -|   0|  0|  51|          20|          44|
    |icmp_ln389_mid230_fu_576_p2       |       and|   0|  0|   2|           1|           1|
    |first_iter_2187_fu_552_p2         |      icmp|   0|  0|   9|           2|           1|
    |first_iter_2_mid1_fu_602_p2       |      icmp|   0|  0|   9|           2|           1|
    |icmp_ln352_fu_473_p2              |      icmp|   0|  0|  17|           9|          10|
    |icmp_ln359_fu_502_p2              |      icmp|   0|  0|  17|           9|          10|
    |icmp_ln370_1_fu_830_p2            |      icmp|   0|  0|  12|           4|           3|
    |icmp_ln370_fu_526_p2              |      icmp|   0|  0|  14|           7|           7|
    |icmp_ln382_1_fu_654_p2            |      icmp|   0|  0|  10|           2|           3|
    |icmp_ln382_fu_538_p2              |      icmp|   0|  0|  12|           4|           4|
    |icmp_ln387_fu_624_p2              |      icmp|   0|  0|   9|           2|           1|
    |icmp_ln389_1_fu_648_p2            |      icmp|   0|  0|   9|           2|           2|
    |icmp_ln389_fu_570_p2              |      icmp|   0|  0|   9|           2|           2|
    |icmp_ln402_fu_807_p2              |      icmp|   0|  0|   9|           2|           1|
    |icmp_ln87_fu_960_p2               |      icmp|   0|  0|  23|          16|           1|
    |empty_57_fu_588_p2                |        or|   0|  0|   2|           1|           1|
    |first_iter_2_mid228_fu_558_p2     |        or|   0|  0|   2|           1|           1|
    |or_ln387_fu_636_p2                |        or|   0|  0|   2|           1|           1|
    |or_ln402_fu_791_p2                |        or|   0|  0|  10|          10|          10|
    |or_ln83_fu_984_p2                 |        or|   0|  0|   2|           1|           1|
    |acc_2_fu_863_p3                   |    select|   0|  0|  32|           1|          32|
    |first_iter_2_mid2_fu_608_p3       |    select|   0|  0|   2|           1|           1|
    |grp_fu_1039_p2                    |    select|   0|  0|  32|           1|          32|
    |kx_mid2_fu_594_p3                 |    select|   0|  0|   2|           1|           1|
    |ky_mid222_fu_544_p3               |    select|   0|  0|   2|           1|           1|
    |packed_2_fu_998_p1                |    select|   0|  0|  64|           1|          64|
    |packed_2_fu_998_p2                |    select|   0|  0|   8|           1|           8|
    |q_fu_935_p3                       |    select|   0|  0|  24|           1|          24|
    |select_ln370_fu_680_p3            |    select|   0|  0|   4|           1|           4|
    |select_ln382_1_fu_666_p3          |    select|   0|  0|   4|           1|           1|
    |select_ln382_fu_616_p3            |    select|   0|  0|   2|           1|           2|
    |select_ln83_fu_976_p3             |    select|   0|  0|   2|           1|           2|
    |ap_enable_pp0                     |       xor|   0|  0|   2|           1|           2|
    |not_exitcond_flatten16_fu_564_p2  |       xor|   0|  0|   2|           1|           2|
    |xor_ln387_fu_630_p2               |       xor|   0|  0|   2|           1|           2|
    |xor_ln83_fu_970_p2                |       xor|   0|  0|   2|           1|           2|
    +----------------------------------+----------+----+---+----+------------+------------+
    |Total                             |          |   0|  0| 741|         276|         416|
    +----------------------------------+----------+----+---+----+------------+------------+

    * Multiplexer: 
    +---------------------------------+----+-----------+-----+-----------+
    |               Name              | LUT| Input Size| Bits| Total Bits|
    +---------------------------------+----+-----------+-----+-----------+
    |ap_NS_fsm                        |  65|         15|    1|         15|
    |ap_enable_reg_pp0_iter7          |   9|          2|    1|          2|
    |ap_enable_reg_pp0_iter8          |  14|          3|    1|          3|
    |ap_phi_mux_kx_phi_fu_365_p4      |   9|          2|    2|          4|
    |ap_phi_mux_ky_phi_fu_354_p4      |   9|          2|    2|          4|
    |ap_phi_mux_oc_phi_fu_376_p4      |   9|          2|    4|          8|
    |ap_phi_mux_packed_phi_fu_387_p4  |   9|          2|   64|        128|
    |ap_sig_allocacmp_acc_6_load      |   9|          2|   32|         64|
    |baseline_ticks_address0          |  14|          3|   16|         48|
    |baseline_ticks_ce0               |  14|          3|    1|          3|
    |baseline_ticks_we0               |   9|          2|    1|          2|
    |branch_input_address0            |   9|          2|   16|         32|
    |branch_input_ce0                 |   9|          2|    1|          2|
    |branch_input_we0                 |   9|          2|    1|          2|
    |conv1_out_address0               |   9|          2|   16|         32|
    |conv1_out_ce0                    |   9|          2|    1|          2|
    |conv2_out_address0               |  14|          3|   16|         48|
    |conv2_out_ce0                    |  14|          3|    1|          3|
    |conv2_out_we0                    |   9|          2|    1|          2|
    |gmem0_0_ARVALID                  |   9|          2|    1|          2|
    |gmem0_0_RREADY                   |   9|          2|    1|          2|
    |gmem1_0_AWADDR                   |  14|          3|   64|        192|
    |gmem1_0_AWLEN                    |  14|          3|   32|         96|
    |gmem1_0_AWVALID                  |  14|          3|    1|          3|
    |gmem1_0_BREADY                   |  14|          3|    1|          3|
    |gmem1_0_WVALID                   |   9|          2|    1|          2|
    |gmem1_blk_n_AW                   |   9|          2|    1|          2|
    |gmem1_blk_n_B                    |   9|          2|    1|          2|
    |indvar_flatten14_reg_339         |   9|          2|    4|          8|
    |indvar_flatten31_reg_328         |   9|          2|    7|         14|
    |kx_reg_361                       |   9|          2|    2|          4|
    |ky_reg_350                       |   9|          2|    2|          4|
    |oc_reg_372                       |   9|          2|    4|          8|
    |packed_reg_383                   |   9|          2|   64|        128|
    |x_reg_317                        |   9|          2|    9|         18|
    |y_fu_216                         |   9|          2|    9|         18|
    +---------------------------------+----+-----------+-----+-----------+
    |Total                            | 425|         94|  382|        910|
    +---------------------------------+----+-----------+-----+-----------+

    * Register: 
    +--------------------------------------------------------------------------------------------------+----+----+-----+-----------+
    |                                               Name                                               | FF | LUT| Bits| Const Bits|
    +--------------------------------------------------------------------------------------------------+----+----+-----+-----------+
    |CONV1_MULT_load_reg_1228                                                                          |  12|   0|   12|          0|
    |CONV1_MULT_load_reg_1228_pp0_iter5_reg                                                            |  12|   0|   12|          0|
    |acc_2_reg_1233                                                                                    |  32|   0|   32|          0|
    |acc_6_fu_220                                                                                      |  32|   0|   32|          0|
    |add_ln353_reg_1068                                                                                |   9|   0|    9|          0|
    |add_ln360_reg_1093                                                                                |   9|   0|    9|          0|
    |add_ln390_reg_1154                                                                                |   2|   0|    2|          0|
    |ap_CS_fsm                                                                                         |  14|   0|   14|          0|
    |ap_enable_reg_pp0_iter0                                                                           |   1|   0|    1|          0|
    |ap_enable_reg_pp0_iter1                                                                           |   1|   0|    1|          0|
    |ap_enable_reg_pp0_iter2                                                                           |   1|   0|    1|          0|
    |ap_enable_reg_pp0_iter3                                                                           |   1|   0|    1|          0|
    |ap_enable_reg_pp0_iter4                                                                           |   1|   0|    1|          0|
    |ap_enable_reg_pp0_iter5                                                                           |   1|   0|    1|          0|
    |ap_enable_reg_pp0_iter6                                                                           |   1|   0|    1|          0|
    |ap_enable_reg_pp0_iter7                                                                           |   1|   0|    1|          0|
    |ap_enable_reg_pp0_iter8                                                                           |   1|   0|    1|          0|
    |grp_reconstruction_accel_Pipeline_BILINEAR_Y_BILINEAR_X_fu_394_ap_start_reg                       |   1|   0|    1|          0|
    |grp_reconstruction_accel_Pipeline_CONV2_Y_CONV2_X_CONV2_OC_CONV2_KY_CONV2_KX_fu_406_ap_start_reg  |   1|   0|    1|          0|
    |grp_reconstruction_accel_Pipeline_CONV3_Y_CONV3_X_CONV3_KY_CONV3_KX_fu_434_ap_start_reg           |   1|   0|    1|          0|
    |icmp_ln370_1_reg_1198                                                                             |   1|   0|    1|          0|
    |icmp_ln370_reg_1120                                                                               |   1|   0|    1|          0|
    |icmp_ln382_1_reg_1163                                                                             |   1|   0|    1|          0|
    |icmp_ln382_reg_1129                                                                               |   1|   0|    1|          0|
    |icmp_ln389_1_reg_1159                                                                             |   1|   0|    1|          0|
    |icmp_ln402_reg_1188                                                                               |   1|   0|    1|          0|
    |indvar_flatten14_reg_339                                                                          |   4|   0|    4|          0|
    |indvar_flatten31_reg_328                                                                          |   7|   0|    7|          0|
    |input_r_read_reg_1060                                                                             |  64|   0|   64|          0|
    |kx_mid2_reg_1135                                                                                  |   2|   0|    2|          0|
    |kx_reg_361                                                                                        |   2|   0|    2|          0|
    |ky_reg_350                                                                                        |   2|   0|    2|          0|
    |oc_reg_372                                                                                        |   4|   0|    4|          0|
    |or_ln387_reg_1149                                                                                 |   1|   0|    1|          0|
    |output_r_read_reg_1055                                                                            |  64|   0|   64|          0|
    |p_shl4_reg_1178                                                                                   |   3|   0|    6|          3|
    |packed_2_reg_1254                                                                                 |  64|   0|   64|          0|
    |packed_3_fu_224                                                                                   |  64|   0|   64|          0|
    |packed_reg_383                                                                                    |  64|   0|   64|          0|
    |product_reg_1238                                                                                  |  44|   0|   44|          0|
    |select_ln370_1_reg_1249                                                                           |  64|   0|   64|          0|
    |select_ln370_reg_1172                                                                             |   4|   0|    4|          0|
    |select_ln370_reg_1172_pp0_iter2_reg                                                               |   4|   0|    4|          0|
    |select_ln382_reg_1141                                                                             |   2|   0|    2|          0|
    |select_ln387_reg_1222                                                                             |  32|   0|   32|          0|
    |tmp_24_reg_1244                                                                                   |   1|   0|    1|          0|
    |trunc_ln352_reg_1073                                                                              |   8|   0|    8|          0|
    |trunc_ln3_reg_1083                                                                                |  63|   0|   63|          0|
    |x_reg_317                                                                                         |   9|   0|    9|          0|
    |y_fu_216                                                                                          |   9|   0|    9|          0|
    |zext_ln352_reg_1078                                                                               |   9|   0|   10|          1|
    |zext_ln359_1_reg_1115                                                                             |   9|   0|   10|          1|
    |zext_ln359_reg_1110                                                                               |   9|   0|   16|          7|
    |icmp_ln370_1_reg_1198                                                                             |  64|  32|    1|          0|
    |icmp_ln370_reg_1120                                                                               |  64|  32|    1|          0|
    |icmp_ln382_1_reg_1163                                                                             |  64|  32|    1|          0|
    |icmp_ln382_reg_1129                                                                               |  64|  32|    1|          0|
    |icmp_ln389_1_reg_1159                                                                             |  64|  32|    1|          0|
    |icmp_ln402_reg_1188                                                                               |  64|  32|    1|          0|
    |or_ln387_reg_1149                                                                                 |  64|  32|    1|          0|
    |p_shl4_reg_1178                                                                                   |  64|  32|    6|          3|
    +--------------------------------------------------------------------------------------------------+----+----+-----+-----------+
    |Total                                                                                             |1264| 256|  777|         15|
    +--------------------------------------------------------------------------------------------------+----+----+-----+-----------+



================================================================
== Interface
================================================================
* Summary: 
+-----------------------+-----+-----+------------+----------------------+--------------+
|       RTL Ports       | Dir | Bits|  Protocol  |     Source Object    |    C Type    |
+-----------------------+-----+-----+------------+----------------------+--------------+
|s_axi_control_AWVALID  |   in|    1|       s_axi|               control|        scalar|
|s_axi_control_AWREADY  |  out|    1|       s_axi|               control|        scalar|
|s_axi_control_AWADDR   |   in|    6|       s_axi|               control|        scalar|
|s_axi_control_WVALID   |   in|    1|       s_axi|               control|        scalar|
|s_axi_control_WREADY   |  out|    1|       s_axi|               control|        scalar|
|s_axi_control_WDATA    |   in|   32|       s_axi|               control|        scalar|
|s_axi_control_WSTRB    |   in|    4|       s_axi|               control|        scalar|
|s_axi_control_ARVALID  |   in|    1|       s_axi|               control|        scalar|
|s_axi_control_ARREADY  |  out|    1|       s_axi|               control|        scalar|
|s_axi_control_ARADDR   |   in|    6|       s_axi|               control|        scalar|
|s_axi_control_RVALID   |  out|    1|       s_axi|               control|        scalar|
|s_axi_control_RREADY   |   in|    1|       s_axi|               control|        scalar|
|s_axi_control_RDATA    |  out|   32|       s_axi|               control|        scalar|
|s_axi_control_RRESP    |  out|    2|       s_axi|               control|        scalar|
|s_axi_control_BVALID   |  out|    1|       s_axi|               control|        scalar|
|s_axi_control_BREADY   |   in|    1|       s_axi|               control|        scalar|
|s_axi_control_BRESP    |  out|    2|       s_axi|               control|        scalar|
|ap_clk                 |   in|    1|  ap_ctrl_hs|  reconstruction_accel|  return value|
|ap_rst_n               |   in|    1|  ap_ctrl_hs|  reconstruction_accel|  return value|
|interrupt              |  out|    1|  ap_ctrl_hs|  reconstruction_accel|  return value|
|m_axi_gmem0_AWVALID    |  out|    1|       m_axi|                 gmem0|       pointer|
|m_axi_gmem0_AWREADY    |   in|    1|       m_axi|                 gmem0|       pointer|
|m_axi_gmem0_AWADDR     |  out|   64|       m_axi|                 gmem0|       pointer|
|m_axi_gmem0_AWID       |  out|    1|       m_axi|                 gmem0|       pointer|
|m_axi_gmem0_AWLEN      |  out|    8|       m_axi|                 gmem0|       pointer|
|m_axi_gmem0_AWSIZE     |  out|    3|       m_axi|                 gmem0|       pointer|
|m_axi_gmem0_AWBURST    |  out|    2|       m_axi|                 gmem0|       pointer|
|m_axi_gmem0_AWLOCK     |  out|    2|       m_axi|                 gmem0|       pointer|
|m_axi_gmem0_AWCACHE    |  out|    4|       m_axi|                 gmem0|       pointer|
|m_axi_gmem0_AWPROT     |  out|    3|       m_axi|                 gmem0|       pointer|
|m_axi_gmem0_AWQOS      |  out|    4|       m_axi|                 gmem0|       pointer|
|m_axi_gmem0_AWREGION   |  out|    4|       m_axi|                 gmem0|       pointer|
|m_axi_gmem0_AWUSER     |  out|    1|       m_axi|                 gmem0|       pointer|
|m_axi_gmem0_WVALID     |  out|    1|       m_axi|                 gmem0|       pointer|
|m_axi_gmem0_WREADY     |   in|    1|       m_axi|                 gmem0|       pointer|
|m_axi_gmem0_WDATA      |  out|   32|       m_axi|                 gmem0|       pointer|
|m_axi_gmem0_WSTRB      |  out|    4|       m_axi|                 gmem0|       pointer|
|m_axi_gmem0_WLAST      |  out|    1|       m_axi|                 gmem0|       pointer|
|m_axi_gmem0_WID        |  out|    1|       m_axi|                 gmem0|       pointer|
|m_axi_gmem0_WUSER      |  out|    1|       m_axi|                 gmem0|       pointer|
|m_axi_gmem0_ARVALID    |  out|    1|       m_axi|                 gmem0|       pointer|
|m_axi_gmem0_ARREADY    |   in|    1|       m_axi|                 gmem0|       pointer|
|m_axi_gmem0_ARADDR     |  out|   64|       m_axi|                 gmem0|       pointer|
|m_axi_gmem0_ARID       |  out|    1|       m_axi|                 gmem0|       pointer|
|m_axi_gmem0_ARLEN      |  out|    8|       m_axi|                 gmem0|       pointer|
|m_axi_gmem0_ARSIZE     |  out|    3|       m_axi|                 gmem0|       pointer|
|m_axi_gmem0_ARBURST    |  out|    2|       m_axi|                 gmem0|       pointer|
|m_axi_gmem0_ARLOCK     |  out|    2|       m_axi|                 gmem0|       pointer|
|m_axi_gmem0_ARCACHE    |  out|    4|       m_axi|                 gmem0|       pointer|
|m_axi_gmem0_ARPROT     |  out|    3|       m_axi|                 gmem0|       pointer|
|m_axi_gmem0_ARQOS      |  out|    4|       m_axi|                 gmem0|       pointer|
|m_axi_gmem0_ARREGION   |  out|    4|       m_axi|                 gmem0|       pointer|
|m_axi_gmem0_ARUSER     |  out|    1|       m_axi|                 gmem0|       pointer|
|m_axi_gmem0_RVALID     |   in|    1|       m_axi|                 gmem0|       pointer|
|m_axi_gmem0_RREADY     |  out|    1|       m_axi|                 gmem0|       pointer|
|m_axi_gmem0_RDATA      |   in|   32|       m_axi|                 gmem0|       pointer|
|m_axi_gmem0_RLAST      |   in|    1|       m_axi|                 gmem0|       pointer|
|m_axi_gmem0_RID        |   in|    1|       m_axi|                 gmem0|       pointer|
|m_axi_gmem0_RUSER      |   in|    1|       m_axi|                 gmem0|       pointer|
|m_axi_gmem0_RRESP      |   in|    2|       m_axi|                 gmem0|       pointer|
|m_axi_gmem0_BVALID     |   in|    1|       m_axi|                 gmem0|       pointer|
|m_axi_gmem0_BREADY     |  out|    1|       m_axi|                 gmem0|       pointer|
|m_axi_gmem0_BRESP      |   in|    2|       m_axi|                 gmem0|       pointer|
|m_axi_gmem0_BID        |   in|    1|       m_axi|                 gmem0|       pointer|
|m_axi_gmem0_BUSER      |   in|    1|       m_axi|                 gmem0|       pointer|
|m_axi_gmem1_AWVALID    |  out|    1|       m_axi|                 gmem1|       pointer|
|m_axi_gmem1_AWREADY    |   in|    1|       m_axi|                 gmem1|       pointer|
|m_axi_gmem1_AWADDR     |  out|   64|       m_axi|                 gmem1|       pointer|
|m_axi_gmem1_AWID       |  out|    1|       m_axi|                 gmem1|       pointer|
|m_axi_gmem1_AWLEN      |  out|    8|       m_axi|                 gmem1|       pointer|
|m_axi_gmem1_AWSIZE     |  out|    3|       m_axi|                 gmem1|       pointer|
|m_axi_gmem1_AWBURST    |  out|    2|       m_axi|                 gmem1|       pointer|
|m_axi_gmem1_AWLOCK     |  out|    2|       m_axi|                 gmem1|       pointer|
|m_axi_gmem1_AWCACHE    |  out|    4|       m_axi|                 gmem1|       pointer|
|m_axi_gmem1_AWPROT     |  out|    3|       m_axi|                 gmem1|       pointer|
|m_axi_gmem1_AWQOS      |  out|    4|       m_axi|                 gmem1|       pointer|
|m_axi_gmem1_AWREGION   |  out|    4|       m_axi|                 gmem1|       pointer|
|m_axi_gmem1_AWUSER     |  out|    1|       m_axi|                 gmem1|       pointer|
|m_axi_gmem1_WVALID     |  out|    1|       m_axi|                 gmem1|       pointer|
|m_axi_gmem1_WREADY     |   in|    1|       m_axi|                 gmem1|       pointer|
|m_axi_gmem1_WDATA      |  out|   32|       m_axi|                 gmem1|       pointer|
|m_axi_gmem1_WSTRB      |  out|    4|       m_axi|                 gmem1|       pointer|
|m_axi_gmem1_WLAST      |  out|    1|       m_axi|                 gmem1|       pointer|
|m_axi_gmem1_WID        |  out|    1|       m_axi|                 gmem1|       pointer|
|m_axi_gmem1_WUSER      |  out|    1|       m_axi|                 gmem1|       pointer|
|m_axi_gmem1_ARVALID    |  out|    1|       m_axi|                 gmem1|       pointer|
|m_axi_gmem1_ARREADY    |   in|    1|       m_axi|                 gmem1|       pointer|
|m_axi_gmem1_ARADDR     |  out|   64|       m_axi|                 gmem1|       pointer|
|m_axi_gmem1_ARID       |  out|    1|       m_axi|                 gmem1|       pointer|
|m_axi_gmem1_ARLEN      |  out|    8|       m_axi|                 gmem1|       pointer|
|m_axi_gmem1_ARSIZE     |  out|    3|       m_axi|                 gmem1|       pointer|
|m_axi_gmem1_ARBURST    |  out|    2|       m_axi|                 gmem1|       pointer|
|m_axi_gmem1_ARLOCK     |  out|    2|       m_axi|                 gmem1|       pointer|
|m_axi_gmem1_ARCACHE    |  out|    4|       m_axi|                 gmem1|       pointer|
|m_axi_gmem1_ARPROT     |  out|    3|       m_axi|                 gmem1|       pointer|
|m_axi_gmem1_ARQOS      |  out|    4|       m_axi|                 gmem1|       pointer|
|m_axi_gmem1_ARREGION   |  out|    4|       m_axi|                 gmem1|       pointer|
|m_axi_gmem1_ARUSER     |  out|    1|       m_axi|                 gmem1|       pointer|
|m_axi_gmem1_RVALID     |   in|    1|       m_axi|                 gmem1|       pointer|
|m_axi_gmem1_RREADY     |  out|    1|       m_axi|                 gmem1|       pointer|
|m_axi_gmem1_RDATA      |   in|   32|       m_axi|                 gmem1|       pointer|
|m_axi_gmem1_RLAST      |   in|    1|       m_axi|                 gmem1|       pointer|
|m_axi_gmem1_RID        |   in|    1|       m_axi|                 gmem1|       pointer|
|m_axi_gmem1_RUSER      |   in|    1|       m_axi|                 gmem1|       pointer|
|m_axi_gmem1_RRESP      |   in|    2|       m_axi|                 gmem1|       pointer|
|m_axi_gmem1_BVALID     |   in|    1|       m_axi|                 gmem1|       pointer|
|m_axi_gmem1_BREADY     |  out|    1|       m_axi|                 gmem1|       pointer|
|m_axi_gmem1_BRESP      |   in|    2|       m_axi|                 gmem1|       pointer|
|m_axi_gmem1_BID        |   in|    1|       m_axi|                 gmem1|       pointer|
|m_axi_gmem1_BUSER      |   in|    1|       m_axi|                 gmem1|       pointer|
+-----------------------+-----+-----+------------+----------------------+--------------+

