

================================================================
== Vitis HLS Report for 'reconstruction_accel'
================================================================
* Date:           Sun Sep 13 19:01:42 2026

* Version:        2025.1.1 (Build 6214317 on Sep 11 2025)
* Project:        work
* Solution:       hls (Vivado IP Flow Target)
* Product family: zynquplus
* Target device:  xck26-sfvc784-2LV-c


================================================================
== Performance Estimates
================================================================
+ Timing: 
    * Summary: 
    +--------+---------+----------+------------+
    |  Clock |  Target | Estimated| Uncertainty|
    +--------+---------+----------+------------+
    |ap_clk  |  5.00 ns|  4.400 ns|     0.60 ns|
    +--------+---------+----------+------------+

+ Latency: 
    * Summary: 
    +----------+----------+-----------+-----------+----------+----------+---------+
    |   Latency (cycles)  |   Latency (absolute)  |       Interval      | Pipeline|
    |    min   |    max   |    min    |    max    |    min   |    max   |   Type  |
    +----------+----------+-----------+-----------+----------+----------+---------+
    |  45091885|  45091885|  0.225 sec|  0.225 sec|  45091886|  45091886|       no|
    +----------+----------+-----------+-----------+----------+----------+---------+

    + Detail: 
        * Instance: 
        +----------------------------------------------------------------------------------------------+----------------------------------------------------------------------------------+----------+----------+-----------+-----------+----------+----------+------------------------------------------------+
        |                                                                                              |                                                                                  |   Latency (cycles)  |   Latency (absolute)  |       Interval      |                    Pipeline                    |
        |                                           Instance                                           |                                      Module                                      |    min   |    max   |    min    |    max    |    min   |    max   |                      Type                      |
        +----------------------------------------------------------------------------------------------+----------------------------------------------------------------------------------+----------+----------+-----------+-----------+----------+----------+------------------------------------------------+
        |grp_reconstruction_accel_Pipeline_BILINEAR_Y_BILINEAR_X_fu_976                                |reconstruction_accel_Pipeline_BILINEAR_Y_BILINEAR_X                               |    262159|    262159|   1.311 ms|   1.311 ms|    262148|    262148|  loop auto-rewind stp (delay=0 clock cycles(s))|
        |grp_reconstruction_accel_Pipeline_CONV1_OC_fu_1004                                            |reconstruction_accel_Pipeline_CONV1_OC                                            |        22|        22|   0.110 us|   0.110 us|         9|         9|  loop auto-rewind stp (delay=0 clock cycles(s))|
        |grp_reconstruction_accel_Pipeline_CONV2_Y_CONV2_X_CONV2_OC_CONV2_IC_CONV2_KY_CONV2_K_fu_1141  |reconstruction_accel_Pipeline_CONV2_Y_CONV2_X_CONV2_OC_CONV2_IC_CONV2_KY_CONV2_K  |  37748746|  37748746|  0.189 sec|  0.189 sec|  37748737|  37748737|  loop auto-rewind stp (delay=0 clock cycles(s))|
        |grp_reconstruction_accel_Pipeline_CONV3_Y_CONV3_X_CONV3_IC_CONV3_KY_CONV3_KX_fu_1155          |reconstruction_accel_Pipeline_CONV3_Y_CONV3_X_CONV3_IC_CONV3_KY_CONV3_KX          |   4718602|   4718602|  23.593 ms|  23.593 ms|   4718593|   4718593|  loop auto-rewind stp (delay=0 clock cycles(s))|
        +----------------------------------------------------------------------------------------------+----------------------------------------------------------------------------------+----------+----------+-----------+-----------+----------+----------+------------------------------------------------+

        * Loop: 
        +------------+---------+---------+----------+-----------+-----------+------+----------+
        |            |  Latency (cycles) | Iteration|  Initiation Interval  | Trip |          |
        |  Loop Name |   min   |   max   |  Latency |  achieved |   target  | Count| Pipelined|
        +------------+---------+---------+----------+-----------+-----------+------+----------+
        |- CONV1_Y   |  2362367|  2362367|      9228|          -|          -|   256|        no|
        | + CONV1_X  |     9215|     9215|        36|          -|          -|   256|        no|
        +------------+---------+---------+----------+-----------+-----------+------+----------+



================================================================
== Utilization Estimates
================================================================
* Summary: 
+-----------------+---------+------+--------+--------+-----+
|       Name      | BRAM_18K|  DSP |   FF   |   LUT  | URAM|
+-----------------+---------+------+--------+--------+-----+
|DSP              |        -|     -|       -|       -|    -|
|Expression       |        -|     -|       0|     314|    -|
|FIFO             |        -|     -|       -|       -|    -|
|Instance         |        3|    39|    6179|    8225|    0|
|Memory           |       88|     -|       0|       0|   32|
|Multiplexer      |        -|     -|       0|    1150|    -|
|Register         |        -|     -|    1066|       -|    -|
+-----------------+---------+------+--------+--------+-----+
|Total            |       91|    39|    7245|    9689|   32|
+-----------------+---------+------+--------+--------+-----+
|Available        |      288|  1248|  234240|  117120|   64|
+-----------------+---------+------+--------+--------+-----+
|Utilization (%)  |       31|     3|       3|       8|   50|
+-----------------+---------+------+--------+--------+-----+

+ Detail: 
    * Instance: 
    +----------------------------------------------------------------------------------------------+----------------------------------------------------------------------------------+---------+----+------+------+-----+
    |                                           Instance                                           |                                      Module                                      | BRAM_18K| DSP|  FF  |  LUT | URAM|
    +----------------------------------------------------------------------------------------------+----------------------------------------------------------------------------------+---------+----+------+------+-----+
    |control_s_axi_U                                                                               |control_s_axi                                                                     |        0|   0|   176|   296|    0|
    |gmem0_m_axi_U                                                                                 |gmem0_m_axi                                                                       |        2|   0|   707|   757|    0|
    |gmem1_m_axi_U                                                                                 |gmem1_m_axi                                                                       |        0|   0|   636|   744|    0|
    |mul_13s_8ns_13_1_1_U225                                                                       |mul_13s_8ns_13_1_1                                                                |        0|   1|     0|     5|    0|
    |mul_64ns_66ns_129_2_1_U221                                                                    |mul_64ns_66ns_129_2_1                                                             |        0|  16|   361|   178|    0|
    |mul_7ns_8ns_13_1_1_U224                                                                       |mul_7ns_8ns_13_1_1                                                                |        0|   0|     0|    40|    0|
    |mul_8ns_10ns_17_1_1_U223                                                                      |mul_8ns_10ns_17_1_1                                                               |        0|   0|     0|    62|    0|
    |mul_8ns_10ns_17_1_1_U229                                                                      |mul_8ns_10ns_17_1_1                                                               |        0|   0|     0|    62|    0|
    |mul_8ns_8ns_13_1_1_U227                                                                       |mul_8ns_8ns_13_1_1                                                                |        0|   0|     0|    40|    0|
    |mul_9ns_11ns_19_1_1_U226                                                                      |mul_9ns_11ns_19_1_1                                                               |        0|   1|     0|     5|    0|
    |mul_9ns_11ns_19_1_1_U230                                                                      |mul_9ns_11ns_19_1_1                                                               |        0|   1|     0|     5|    0|
    |grp_reconstruction_accel_Pipeline_BILINEAR_Y_BILINEAR_X_fu_976                                |reconstruction_accel_Pipeline_BILINEAR_Y_BILINEAR_X                               |        0|   5|  1276|  1617|    0|
    |grp_reconstruction_accel_Pipeline_CONV1_OC_fu_1004                                            |reconstruction_accel_Pipeline_CONV1_OC                                            |        0|  10|   908|  1032|    0|
    |grp_reconstruction_accel_Pipeline_CONV2_Y_CONV2_X_CONV2_OC_CONV2_IC_CONV2_KY_CONV2_K_fu_1141  |reconstruction_accel_Pipeline_CONV2_Y_CONV2_X_CONV2_OC_CONV2_IC_CONV2_KY_CONV2_K  |        1|   3|  1215|  1745|    0|
    |grp_reconstruction_accel_Pipeline_CONV3_Y_CONV3_X_CONV3_IC_CONV3_KY_CONV3_KX_fu_1155          |reconstruction_accel_Pipeline_CONV3_Y_CONV3_X_CONV3_IC_CONV3_KY_CONV3_KX          |        0|   2|   688|  1555|    0|
    |urem_8ns_3ns_2_12_seq_1_U222                                                                  |urem_8ns_3ns_2_12_seq_1                                                           |        0|   0|   106|    41|    0|
    |urem_8ns_3ns_2_12_seq_1_U228                                                                  |urem_8ns_3ns_2_12_seq_1                                                           |        0|   0|   106|    41|    0|
    +----------------------------------------------------------------------------------------------+----------------------------------------------------------------------------------+---------+----+------+------+-----+
    |Total                                                                                         |                                                                                  |        3|  39|  6179|  8225|    0|
    +----------------------------------------------------------------------------------------------+----------------------------------------------------------------------------------+---------+----+------+------+-----+

    * DSP: 
    N/A

    * Memory: 
    +------------------------------------------------------+------------------------------------------------------------------+---------+---+----+-----+-------+-----+------+-------------+
    |                        Memory                        |                              Module                              | BRAM_18K| FF| LUT| URAM| Words | Bits| Banks| W*Bits*Banks|
    +------------------------------------------------------+------------------------------------------------------------------+---------+---+----+-----+-------+-----+------+-------------+
    |baseline_ticks_U                                      |baseline_ticks_RAM_AUTO_1R1W                                      |       52|  0|   0|    0|  65536|   14|     1|       917504|
    |conv1_out_U                                           |conv1_out_RAM_1P_URAM_1R1W                                        |        0|  0|   0|   16|  65536|   64|     1|      4194304|
    |conv2_out_U                                           |conv1_out_RAM_1P_URAM_1R1W                                        |        0|  0|   0|   16|  65536|   64|     1|      4194304|
    |p_ZZ20reconstruction_accelPKhPtE12branch_input_0_0_U  |p_ZZ20reconstruction_accelPKhPtE12branch_input_0_0_RAM_AUTO_1R1W  |        4|  0|   0|    0|   7396|    8|     1|        59168|
    |p_ZZ20reconstruction_accelPKhPtE12branch_input_0_1_U  |p_ZZ20reconstruction_accelPKhPtE12branch_input_0_0_RAM_AUTO_1R1W  |        4|  0|   0|    0|   7396|    8|     1|        59168|
    |p_ZZ20reconstruction_accelPKhPtE12branch_input_0_2_U  |p_ZZ20reconstruction_accelPKhPtE12branch_input_0_0_RAM_AUTO_1R1W  |        4|  0|   0|    0|   7396|    8|     1|        59168|
    |p_ZZ20reconstruction_accelPKhPtE12branch_input_1_0_U  |p_ZZ20reconstruction_accelPKhPtE12branch_input_0_0_RAM_AUTO_1R1W  |        4|  0|   0|    0|   7396|    8|     1|        59168|
    |p_ZZ20reconstruction_accelPKhPtE12branch_input_1_1_U  |p_ZZ20reconstruction_accelPKhPtE12branch_input_0_0_RAM_AUTO_1R1W  |        4|  0|   0|    0|   7396|    8|     1|        59168|
    |p_ZZ20reconstruction_accelPKhPtE12branch_input_1_2_U  |p_ZZ20reconstruction_accelPKhPtE12branch_input_0_0_RAM_AUTO_1R1W  |        4|  0|   0|    0|   7396|    8|     1|        59168|
    |p_ZZ20reconstruction_accelPKhPtE12branch_input_2_0_U  |p_ZZ20reconstruction_accelPKhPtE12branch_input_0_0_RAM_AUTO_1R1W  |        4|  0|   0|    0|   7396|    8|     1|        59168|
    |p_ZZ20reconstruction_accelPKhPtE12branch_input_2_1_U  |p_ZZ20reconstruction_accelPKhPtE12branch_input_0_0_RAM_AUTO_1R1W  |        4|  0|   0|    0|   7396|    8|     1|        59168|
    |p_ZZ20reconstruction_accelPKhPtE12branch_input_2_2_U  |p_ZZ20reconstruction_accelPKhPtE12branch_input_0_0_RAM_AUTO_1R1W  |        4|  0|   0|    0|   7396|    8|     1|        59168|
    +------------------------------------------------------+------------------------------------------------------------------+---------+---+----+-----+-------+-----+------+-------------+
    |Total                                                 |                                                                  |       88|  0|   0|   32| 263172|  214|    12|      9838624|
    +------------------------------------------------------+------------------------------------------------------------------+---------+---+----+-----+-------+-----+------+-------------+

    * FIFO: 
    N/A

    * Expression: 
    +-----------------------+----------+----+---+----+------------+------------+
    |     Variable Name     | Operation| DSP| FF| LUT| Bitwidth P0| Bitwidth P1|
    +-----------------------+----------+----+---+----+------------+------------+
    |empty_80_fu_1226_p2    |         +|   0|  0|  16|           9|           1|
    |empty_83_fu_1345_p2    |         +|   0|  0|  20|          13|          13|
    |empty_84_fu_1421_p2    |         +|   0|  0|  20|          13|          13|
    |empty_85_fu_1516_p2    |         +|   0|  0|  20|          13|          13|
    |empty_86_fu_1363_p2    |         +|   0|  0|  16|           9|           2|
    |empty_87_fu_1550_p2    |         +|   0|  0|  20|          13|          13|
    |empty_88_fu_1568_p2    |         +|   0|  0|  20|          13|          13|
    |empty_89_fu_1573_p2    |         +|   0|  0|  20|          13|          13|
    |empty_91_fu_1382_p2    |         +|   0|  0|  16|           9|           1|
    |empty_93_fu_1469_p2    |         +|   0|  0|  20|          13|          13|
    |empty_94_fu_1533_p2    |         +|   0|  0|  20|          13|          13|
    |empty_95_fu_1578_p2    |         +|   0|  0|  20|          13|          13|
    |empty_fu_1204_p2       |         +|   0|  0|  16|           9|           2|
    |icmp_ln350_fu_1654_p2  |      icmp|   0|  0|  17|           9|          10|
    |icmp_ln357_fu_1511_p2  |      icmp|   0|  0|  17|           9|          10|
    |empty_90_fu_1369_p2    |        or|   0|  0|   9|           9|           9|
    |empty_96_fu_1392_p2    |        or|   0|  0|   9|           9|           9|
    |empty_97_fu_1487_p2    |        or|   0|  0|   9|           9|           9|
    |empty_98_fu_1499_p2    |        or|   0|  0|   9|           9|           9|
    +-----------------------+----------+----+---+----+------------+------------+
    |Total                  |          |   0|  0| 314|         207|         179|
    +-----------------------+----------+----+---+----+------------+------------+

    * Multiplexer: 
    +-------------------------------------------------------------------+-----+-----------+-----+-----------+
    |                                Name                               | LUT | Input Size| Bits| Total Bits|
    +-------------------------------------------------------------------+-----+-----------+-----+-----------+
    |ap_NS_fsm                                                          |  169|         38|    1|         38|
    |baseline_ticks_address0                                            |   14|          3|   16|         48|
    |baseline_ticks_ce0                                                 |   14|          3|    1|          3|
    |baseline_ticks_we0                                                 |    9|          2|    1|          2|
    |conv1_out_address0                                                 |    9|          2|   16|         32|
    |conv1_out_ce0                                                      |    9|          2|    1|          2|
    |conv2_out_address0                                                 |   14|          3|   16|         48|
    |conv2_out_ce0                                                      |   14|          3|    1|          3|
    |conv2_out_we0                                                      |    9|          2|    1|          2|
    |gmem0_0_ARVALID                                                    |    9|          2|    1|          2|
    |gmem0_0_RREADY                                                     |    9|          2|    1|          2|
    |gmem1_0_AWADDR                                                     |   14|          3|   64|        192|
    |gmem1_0_AWLEN                                                      |   14|          3|   32|         96|
    |gmem1_0_AWVALID                                                    |   14|          3|    1|          3|
    |gmem1_0_BREADY                                                     |   14|          3|    1|          3|
    |gmem1_0_WVALID                                                     |    9|          2|    1|          2|
    |gmem1_blk_n_AW                                                     |    9|          2|    1|          2|
    |gmem1_blk_n_B                                                      |    9|          2|    1|          2|
    |grp_fu_1168_p0                                                     |   14|          3|   64|        192|
    |p_ZZ20reconstruction_accelPKhPtE12branch_input_0_0_address0        |    9|          2|   13|         26|
    |p_ZZ20reconstruction_accelPKhPtE12branch_input_0_0_address0_local  |   31|          6|   13|         78|
    |p_ZZ20reconstruction_accelPKhPtE12branch_input_0_0_address1_local  |   26|          5|   13|         65|
    |p_ZZ20reconstruction_accelPKhPtE12branch_input_0_0_ce0             |    9|          2|    1|          2|
    |p_ZZ20reconstruction_accelPKhPtE12branch_input_0_0_we0             |    9|          2|    1|          2|
    |p_ZZ20reconstruction_accelPKhPtE12branch_input_0_1_address0        |    9|          2|   13|         26|
    |p_ZZ20reconstruction_accelPKhPtE12branch_input_0_1_address0_local  |   31|          6|   13|         78|
    |p_ZZ20reconstruction_accelPKhPtE12branch_input_0_1_address1_local  |   26|          5|   13|         65|
    |p_ZZ20reconstruction_accelPKhPtE12branch_input_0_1_ce0             |    9|          2|    1|          2|
    |p_ZZ20reconstruction_accelPKhPtE12branch_input_0_1_we0             |    9|          2|    1|          2|
    |p_ZZ20reconstruction_accelPKhPtE12branch_input_0_2_address0        |    9|          2|   13|         26|
    |p_ZZ20reconstruction_accelPKhPtE12branch_input_0_2_address0_local  |   31|          6|   13|         78|
    |p_ZZ20reconstruction_accelPKhPtE12branch_input_0_2_address1_local  |   26|          5|   13|         65|
    |p_ZZ20reconstruction_accelPKhPtE12branch_input_0_2_ce0             |    9|          2|    1|          2|
    |p_ZZ20reconstruction_accelPKhPtE12branch_input_0_2_we0             |    9|          2|    1|          2|
    |p_ZZ20reconstruction_accelPKhPtE12branch_input_1_0_address0        |    9|          2|   13|         26|
    |p_ZZ20reconstruction_accelPKhPtE12branch_input_1_0_address0_local  |   31|          6|   13|         78|
    |p_ZZ20reconstruction_accelPKhPtE12branch_input_1_0_address1_local  |   26|          5|   13|         65|
    |p_ZZ20reconstruction_accelPKhPtE12branch_input_1_0_ce0             |    9|          2|    1|          2|
    |p_ZZ20reconstruction_accelPKhPtE12branch_input_1_0_we0             |    9|          2|    1|          2|
    |p_ZZ20reconstruction_accelPKhPtE12branch_input_1_1_address0        |    9|          2|   13|         26|
    |p_ZZ20reconstruction_accelPKhPtE12branch_input_1_1_address0_local  |   31|          6|   13|         78|
    |p_ZZ20reconstruction_accelPKhPtE12branch_input_1_1_address1_local  |   26|          5|   13|         65|
    |p_ZZ20reconstruction_accelPKhPtE12branch_input_1_1_ce0             |    9|          2|    1|          2|
    |p_ZZ20reconstruction_accelPKhPtE12branch_input_1_1_we0             |    9|          2|    1|          2|
    |p_ZZ20reconstruction_accelPKhPtE12branch_input_1_2_address0        |    9|          2|   13|         26|
    |p_ZZ20reconstruction_accelPKhPtE12branch_input_1_2_address0_local  |   31|          6|   13|         78|
    |p_ZZ20reconstruction_accelPKhPtE12branch_input_1_2_address1_local  |   26|          5|   13|         65|
    |p_ZZ20reconstruction_accelPKhPtE12branch_input_1_2_ce0             |    9|          2|    1|          2|
    |p_ZZ20reconstruction_accelPKhPtE12branch_input_1_2_we0             |    9|          2|    1|          2|
    |p_ZZ20reconstruction_accelPKhPtE12branch_input_2_0_address0        |    9|          2|   13|         26|
    |p_ZZ20reconstruction_accelPKhPtE12branch_input_2_0_address0_local  |   31|          6|   13|         78|
    |p_ZZ20reconstruction_accelPKhPtE12branch_input_2_0_address1_local  |   26|          5|   13|         65|
    |p_ZZ20reconstruction_accelPKhPtE12branch_input_2_0_ce0             |    9|          2|    1|          2|
    |p_ZZ20reconstruction_accelPKhPtE12branch_input_2_0_we0             |    9|          2|    1|          2|
    |p_ZZ20reconstruction_accelPKhPtE12branch_input_2_1_address0        |    9|          2|   13|         26|
    |p_ZZ20reconstruction_accelPKhPtE12branch_input_2_1_address0_local  |   31|          6|   13|         78|
    |p_ZZ20reconstruction_accelPKhPtE12branch_input_2_1_address1_local  |   26|          5|   13|         65|
    |p_ZZ20reconstruction_accelPKhPtE12branch_input_2_1_ce0             |    9|          2|    1|          2|
    |p_ZZ20reconstruction_accelPKhPtE12branch_input_2_1_we0             |    9|          2|    1|          2|
    |p_ZZ20reconstruction_accelPKhPtE12branch_input_2_2_address0        |    9|          2|   13|         26|
    |p_ZZ20reconstruction_accelPKhPtE12branch_input_2_2_address0_local  |   31|          6|   13|         78|
    |p_ZZ20reconstruction_accelPKhPtE12branch_input_2_2_address1_local  |   26|          5|   13|         65|
    |p_ZZ20reconstruction_accelPKhPtE12branch_input_2_2_ce0             |    9|          2|    1|          2|
    |p_ZZ20reconstruction_accelPKhPtE12branch_input_2_2_we0             |    9|          2|    1|          2|
    |x_reg_964                                                          |    9|          2|    8|         16|
    |y_fu_190                                                           |    9|          2|    8|         16|
    +-------------------------------------------------------------------+-----+-----------+-----+-----------+
    |Total                                                              | 1150|        240|  606|       2263|
    +-------------------------------------------------------------------+-----+-----------+-----+-----------+

    * Register: 
    +-----------------------------------------------------------------------------------------------------------+----+----+-----+-----------+
    |                                                    Name                                                   | FF | LUT| Bits| Const Bits|
    +-----------------------------------------------------------------------------------------------------------+----+----+-----+-----------+
    |ap_CS_fsm                                                                                                  |  37|   0|   37|          0|
    |empty_79_reg_1760                                                                                          |  13|   0|   13|          0|
    |empty_80_reg_1730                                                                                          |   9|   0|    9|          0|
    |empty_81_reg_1738                                                                                          |   8|   0|    8|          0|
    |empty_82_reg_1767                                                                                          |  13|   0|   13|          0|
    |empty_86_reg_1825                                                                                          |   9|   0|    9|          0|
    |empty_88_reg_2208                                                                                          |  13|   0|   13|          0|
    |empty_89_reg_2213                                                                                          |  13|   0|   13|          0|
    |empty_91_reg_1836                                                                                          |   9|   0|    9|          0|
    |empty_92_reg_1843                                                                                          |   8|   0|    8|          0|
    |empty_reg_1713                                                                                             |   9|   0|    9|          0|
    |grp_reconstruction_accel_Pipeline_BILINEAR_Y_BILINEAR_X_fu_976_ap_start_reg                                |   1|   0|    1|          0|
    |grp_reconstruction_accel_Pipeline_CONV1_OC_fu_1004_ap_start_reg                                            |   1|   0|    1|          0|
    |grp_reconstruction_accel_Pipeline_CONV2_Y_CONV2_X_CONV2_OC_CONV2_IC_CONV2_KY_CONV2_K_fu_1141_ap_start_reg  |   1|   0|    1|          0|
    |grp_reconstruction_accel_Pipeline_CONV3_Y_CONV3_X_CONV3_IC_CONV3_KY_CONV3_KX_fu_1155_ap_start_reg          |   1|   0|    1|          0|
    |icmp_ln357_reg_2019                                                                                        |   1|   0|    1|          0|
    |input_r_read_reg_1694                                                                                      |  64|   0|   64|          0|
    |mul_ln349_1_reg_1748                                                                                       |  13|   0|   13|          0|
    |output_r_read_reg_1689                                                                                     |  64|   0|   64|          0|
    |p_ZZ20reconstruction_accelPKhPtE12branch_input_0_0_load_1_reg_1974                                         |   8|   0|    8|          0|
    |p_ZZ20reconstruction_accelPKhPtE12branch_input_0_0_load_2_reg_2113                                         |   8|   0|    8|          0|
    |p_ZZ20reconstruction_accelPKhPtE12branch_input_0_0_load_3_reg_2588                                         |   8|   0|    8|          0|
    |p_ZZ20reconstruction_accelPKhPtE12branch_input_0_0_load_4_reg_2158                                         |   8|   0|    8|          0|
    |p_ZZ20reconstruction_accelPKhPtE12branch_input_0_0_load_5_reg_2303                                         |   8|   0|    8|          0|
    |p_ZZ20reconstruction_accelPKhPtE12branch_input_0_0_load_6_reg_2633                                         |   8|   0|    8|          0|
    |p_ZZ20reconstruction_accelPKhPtE12branch_input_0_0_load_7_reg_2348                                         |   8|   0|    8|          0|
    |p_ZZ20reconstruction_accelPKhPtE12branch_input_0_0_load_8_reg_2528                                         |   8|   0|    8|          0|
    |p_ZZ20reconstruction_accelPKhPtE12branch_input_0_0_load_reg_2483                                           |   8|   0|    8|          0|
    |p_ZZ20reconstruction_accelPKhPtE12branch_input_0_1_load_1_reg_1979                                         |   8|   0|    8|          0|
    |p_ZZ20reconstruction_accelPKhPtE12branch_input_0_1_load_2_reg_2118                                         |   8|   0|    8|          0|
    |p_ZZ20reconstruction_accelPKhPtE12branch_input_0_1_load_3_reg_2593                                         |   8|   0|    8|          0|
    |p_ZZ20reconstruction_accelPKhPtE12branch_input_0_1_load_4_reg_2163                                         |   8|   0|    8|          0|
    |p_ZZ20reconstruction_accelPKhPtE12branch_input_0_1_load_5_reg_2308                                         |   8|   0|    8|          0|
    |p_ZZ20reconstruction_accelPKhPtE12branch_input_0_1_load_6_reg_2638                                         |   8|   0|    8|          0|
    |p_ZZ20reconstruction_accelPKhPtE12branch_input_0_1_load_7_reg_2353                                         |   8|   0|    8|          0|
    |p_ZZ20reconstruction_accelPKhPtE12branch_input_0_1_load_8_reg_2533                                         |   8|   0|    8|          0|
    |p_ZZ20reconstruction_accelPKhPtE12branch_input_0_1_load_reg_2488                                           |   8|   0|    8|          0|
    |p_ZZ20reconstruction_accelPKhPtE12branch_input_0_2_load_1_reg_1984                                         |   8|   0|    8|          0|
    |p_ZZ20reconstruction_accelPKhPtE12branch_input_0_2_load_2_reg_2123                                         |   8|   0|    8|          0|
    |p_ZZ20reconstruction_accelPKhPtE12branch_input_0_2_load_3_reg_2598                                         |   8|   0|    8|          0|
    |p_ZZ20reconstruction_accelPKhPtE12branch_input_0_2_load_4_reg_2168                                         |   8|   0|    8|          0|
    |p_ZZ20reconstruction_accelPKhPtE12branch_input_0_2_load_5_reg_2313                                         |   8|   0|    8|          0|
    |p_ZZ20reconstruction_accelPKhPtE12branch_input_0_2_load_6_reg_2643                                         |   8|   0|    8|          0|
    |p_ZZ20reconstruction_accelPKhPtE12branch_input_0_2_load_7_reg_2358                                         |   8|   0|    8|          0|
    |p_ZZ20reconstruction_accelPKhPtE12branch_input_0_2_load_8_reg_2538                                         |   8|   0|    8|          0|
    |p_ZZ20reconstruction_accelPKhPtE12branch_input_0_2_load_reg_2493                                           |   8|   0|    8|          0|
    |p_ZZ20reconstruction_accelPKhPtE12branch_input_1_0_load_1_reg_1989                                         |   8|   0|    8|          0|
    |p_ZZ20reconstruction_accelPKhPtE12branch_input_1_0_load_2_reg_2128                                         |   8|   0|    8|          0|
    |p_ZZ20reconstruction_accelPKhPtE12branch_input_1_0_load_3_reg_2603                                         |   8|   0|    8|          0|
    |p_ZZ20reconstruction_accelPKhPtE12branch_input_1_0_load_4_reg_2173                                         |   8|   0|    8|          0|
    |p_ZZ20reconstruction_accelPKhPtE12branch_input_1_0_load_5_reg_2318                                         |   8|   0|    8|          0|
    |p_ZZ20reconstruction_accelPKhPtE12branch_input_1_0_load_6_reg_2648                                         |   8|   0|    8|          0|
    |p_ZZ20reconstruction_accelPKhPtE12branch_input_1_0_load_7_reg_2363                                         |   8|   0|    8|          0|
    |p_ZZ20reconstruction_accelPKhPtE12branch_input_1_0_load_8_reg_2543                                         |   8|   0|    8|          0|
    |p_ZZ20reconstruction_accelPKhPtE12branch_input_1_0_load_reg_2498                                           |   8|   0|    8|          0|
    |p_ZZ20reconstruction_accelPKhPtE12branch_input_1_1_load_1_reg_1994                                         |   8|   0|    8|          0|
    |p_ZZ20reconstruction_accelPKhPtE12branch_input_1_1_load_2_reg_2133                                         |   8|   0|    8|          0|
    |p_ZZ20reconstruction_accelPKhPtE12branch_input_1_1_load_3_reg_2608                                         |   8|   0|    8|          0|
    |p_ZZ20reconstruction_accelPKhPtE12branch_input_1_1_load_4_reg_2178                                         |   8|   0|    8|          0|
    |p_ZZ20reconstruction_accelPKhPtE12branch_input_1_1_load_5_reg_2323                                         |   8|   0|    8|          0|
    |p_ZZ20reconstruction_accelPKhPtE12branch_input_1_1_load_6_reg_2653                                         |   8|   0|    8|          0|
    |p_ZZ20reconstruction_accelPKhPtE12branch_input_1_1_load_7_reg_2368                                         |   8|   0|    8|          0|
    |p_ZZ20reconstruction_accelPKhPtE12branch_input_1_1_load_8_reg_2548                                         |   8|   0|    8|          0|
    |p_ZZ20reconstruction_accelPKhPtE12branch_input_1_1_load_reg_2503                                           |   8|   0|    8|          0|
    |p_ZZ20reconstruction_accelPKhPtE12branch_input_1_2_load_1_reg_1999                                         |   8|   0|    8|          0|
    |p_ZZ20reconstruction_accelPKhPtE12branch_input_1_2_load_2_reg_2138                                         |   8|   0|    8|          0|
    |p_ZZ20reconstruction_accelPKhPtE12branch_input_1_2_load_3_reg_2613                                         |   8|   0|    8|          0|
    |p_ZZ20reconstruction_accelPKhPtE12branch_input_1_2_load_4_reg_2183                                         |   8|   0|    8|          0|
    |p_ZZ20reconstruction_accelPKhPtE12branch_input_1_2_load_5_reg_2328                                         |   8|   0|    8|          0|
    |p_ZZ20reconstruction_accelPKhPtE12branch_input_1_2_load_6_reg_2658                                         |   8|   0|    8|          0|
    |p_ZZ20reconstruction_accelPKhPtE12branch_input_1_2_load_7_reg_2373                                         |   8|   0|    8|          0|
    |p_ZZ20reconstruction_accelPKhPtE12branch_input_1_2_load_8_reg_2553                                         |   8|   0|    8|          0|
    |p_ZZ20reconstruction_accelPKhPtE12branch_input_1_2_load_reg_2508                                           |   8|   0|    8|          0|
    |p_ZZ20reconstruction_accelPKhPtE12branch_input_2_0_load_1_reg_2004                                         |   8|   0|    8|          0|
    |p_ZZ20reconstruction_accelPKhPtE12branch_input_2_0_load_2_reg_2143                                         |   8|   0|    8|          0|
    |p_ZZ20reconstruction_accelPKhPtE12branch_input_2_0_load_3_reg_2618                                         |   8|   0|    8|          0|
    |p_ZZ20reconstruction_accelPKhPtE12branch_input_2_0_load_4_reg_2188                                         |   8|   0|    8|          0|
    |p_ZZ20reconstruction_accelPKhPtE12branch_input_2_0_load_5_reg_2333                                         |   8|   0|    8|          0|
    |p_ZZ20reconstruction_accelPKhPtE12branch_input_2_0_load_6_reg_2663                                         |   8|   0|    8|          0|
    |p_ZZ20reconstruction_accelPKhPtE12branch_input_2_0_load_7_reg_2378                                         |   8|   0|    8|          0|
    |p_ZZ20reconstruction_accelPKhPtE12branch_input_2_0_load_8_reg_2558                                         |   8|   0|    8|          0|
    |p_ZZ20reconstruction_accelPKhPtE12branch_input_2_0_load_reg_2513                                           |   8|   0|    8|          0|
    |p_ZZ20reconstruction_accelPKhPtE12branch_input_2_1_load_1_reg_2009                                         |   8|   0|    8|          0|
    |p_ZZ20reconstruction_accelPKhPtE12branch_input_2_1_load_2_reg_2148                                         |   8|   0|    8|          0|
    |p_ZZ20reconstruction_accelPKhPtE12branch_input_2_1_load_3_reg_2623                                         |   8|   0|    8|          0|
    |p_ZZ20reconstruction_accelPKhPtE12branch_input_2_1_load_4_reg_2193                                         |   8|   0|    8|          0|
    |p_ZZ20reconstruction_accelPKhPtE12branch_input_2_1_load_5_reg_2338                                         |   8|   0|    8|          0|
    |p_ZZ20reconstruction_accelPKhPtE12branch_input_2_1_load_6_reg_2668                                         |   8|   0|    8|          0|
    |p_ZZ20reconstruction_accelPKhPtE12branch_input_2_1_load_7_reg_2383                                         |   8|   0|    8|          0|
    |p_ZZ20reconstruction_accelPKhPtE12branch_input_2_1_load_8_reg_2563                                         |   8|   0|    8|          0|
    |p_ZZ20reconstruction_accelPKhPtE12branch_input_2_1_load_reg_2518                                           |   8|   0|    8|          0|
    |p_ZZ20reconstruction_accelPKhPtE12branch_input_2_2_load_1_reg_2014                                         |   8|   0|    8|          0|
    |p_ZZ20reconstruction_accelPKhPtE12branch_input_2_2_load_2_reg_2153                                         |   8|   0|    8|          0|
    |p_ZZ20reconstruction_accelPKhPtE12branch_input_2_2_load_3_reg_2628                                         |   8|   0|    8|          0|
    |p_ZZ20reconstruction_accelPKhPtE12branch_input_2_2_load_4_reg_2198                                         |   8|   0|    8|          0|
    |p_ZZ20reconstruction_accelPKhPtE12branch_input_2_2_load_5_reg_2343                                         |   8|   0|    8|          0|
    |p_ZZ20reconstruction_accelPKhPtE12branch_input_2_2_load_6_reg_2673                                         |   8|   0|    8|          0|
    |p_ZZ20reconstruction_accelPKhPtE12branch_input_2_2_load_7_reg_2388                                         |   8|   0|    8|          0|
    |p_ZZ20reconstruction_accelPKhPtE12branch_input_2_2_load_8_reg_2568                                         |   8|   0|    8|          0|
    |p_ZZ20reconstruction_accelPKhPtE12branch_input_2_2_load_reg_2523                                           |   8|   0|    8|          0|
    |reg_1183                                                                                                   |  13|   0|   13|          0|
    |tmp_44_cast_reg_1913                                                                                       |   8|   0|   13|          5|
    |tmp_50_reg_1720                                                                                            |   1|   0|    1|          0|
    |tmp_51_reg_1743                                                                                            |   1|   0|    1|          0|
    |tmp_53_reg_1831                                                                                            |   1|   0|    1|          0|
    |tmp_55_reg_1848                                                                                            |   1|   0|    1|          0|
    |tmp_56_reg_2578                                                                                            |   2|   0|    2|          0|
    |tmp_57_reg_1853                                                                                            |   1|   0|    1|          0|
    |tmp_58_reg_1858                                                                                            |   1|   0|    1|          0|
    |tmp_59_reg_1964                                                                                            |   1|   0|    1|          0|
    |tmp_60_reg_2583                                                                                            |   2|   0|    2|          0|
    |tmp_61_reg_1969                                                                                            |   1|   0|    1|          0|
    |trunc_ln349_reg_1755                                                                                       |   2|   0|    2|          0|
    |trunc_ln356_reg_2573                                                                                       |   2|   0|    2|          0|
    |trunc_ln_reg_2681                                                                                          |  63|   0|   63|          0|
    |udiv_ln3_cast_reg_1774                                                                                     |   7|   0|   13|          6|
    |x_reg_964                                                                                                  |   8|   0|    8|          0|
    |y_fu_190                                                                                                   |   8|   0|    8|          0|
    |zext_ln349_reg_1708                                                                                        |   8|   0|    9|          1|
    +-----------------------------------------------------------------------------------------------------------+----+----+-----+-----------+
    |Total                                                                                                      |1066|   0| 1078|         12|
    +-----------------------------------------------------------------------------------------------------------+----+----+-----+-----------+



================================================================
== Interface
================================================================
* Summary: 
+-----------------------+-----+-----+------------+----------------------+--------------+
|       RTL Ports       | Dir | Bits|  Protocol  |     Source Object    |    C Type    |
+-----------------------+-----+-----+------------+----------------------+--------------+
|s_axi_control_AWVALID  |   in|    1|       s_axi|               control|        scalar|
|s_axi_control_AWREADY  |  out|    1|       s_axi|               control|        scalar|
|s_axi_control_AWADDR   |   in|    6|       s_axi|               control|        scalar|
|s_axi_control_WVALID   |   in|    1|       s_axi|               control|        scalar|
|s_axi_control_WREADY   |  out|    1|       s_axi|               control|        scalar|
|s_axi_control_WDATA    |   in|   32|       s_axi|               control|        scalar|
|s_axi_control_WSTRB    |   in|    4|       s_axi|               control|        scalar|
|s_axi_control_ARVALID  |   in|    1|       s_axi|               control|        scalar|
|s_axi_control_ARREADY  |  out|    1|       s_axi|               control|        scalar|
|s_axi_control_ARADDR   |   in|    6|       s_axi|               control|        scalar|
|s_axi_control_RVALID   |  out|    1|       s_axi|               control|        scalar|
|s_axi_control_RREADY   |   in|    1|       s_axi|               control|        scalar|
|s_axi_control_RDATA    |  out|   32|       s_axi|               control|        scalar|
|s_axi_control_RRESP    |  out|    2|       s_axi|               control|        scalar|
|s_axi_control_BVALID   |  out|    1|       s_axi|               control|        scalar|
|s_axi_control_BREADY   |   in|    1|       s_axi|               control|        scalar|
|s_axi_control_BRESP    |  out|    2|       s_axi|               control|        scalar|
|ap_clk                 |   in|    1|  ap_ctrl_hs|  reconstruction_accel|  return value|
|ap_rst_n               |   in|    1|  ap_ctrl_hs|  reconstruction_accel|  return value|
|interrupt              |  out|    1|  ap_ctrl_hs|  reconstruction_accel|  return value|
|m_axi_gmem0_AWVALID    |  out|    1|       m_axi|                 gmem0|       pointer|
|m_axi_gmem0_AWREADY    |   in|    1|       m_axi|                 gmem0|       pointer|
|m_axi_gmem0_AWADDR     |  out|   64|       m_axi|                 gmem0|       pointer|
|m_axi_gmem0_AWID       |  out|    1|       m_axi|                 gmem0|       pointer|
|m_axi_gmem0_AWLEN      |  out|    8|       m_axi|                 gmem0|       pointer|
|m_axi_gmem0_AWSIZE     |  out|    3|       m_axi|                 gmem0|       pointer|
|m_axi_gmem0_AWBURST    |  out|    2|       m_axi|                 gmem0|       pointer|
|m_axi_gmem0_AWLOCK     |  out|    2|       m_axi|                 gmem0|       pointer|
|m_axi_gmem0_AWCACHE    |  out|    4|       m_axi|                 gmem0|       pointer|
|m_axi_gmem0_AWPROT     |  out|    3|       m_axi|                 gmem0|       pointer|
|m_axi_gmem0_AWQOS      |  out|    4|       m_axi|                 gmem0|       pointer|
|m_axi_gmem0_AWREGION   |  out|    4|       m_axi|                 gmem0|       pointer|
|m_axi_gmem0_AWUSER     |  out|    1|       m_axi|                 gmem0|       pointer|
|m_axi_gmem0_WVALID     |  out|    1|       m_axi|                 gmem0|       pointer|
|m_axi_gmem0_WREADY     |   in|    1|       m_axi|                 gmem0|       pointer|
|m_axi_gmem0_WDATA      |  out|   32|       m_axi|                 gmem0|       pointer|
|m_axi_gmem0_WSTRB      |  out|    4|       m_axi|                 gmem0|       pointer|
|m_axi_gmem0_WLAST      |  out|    1|       m_axi|                 gmem0|       pointer|
|m_axi_gmem0_WID        |  out|    1|       m_axi|                 gmem0|       pointer|
|m_axi_gmem0_WUSER      |  out|    1|       m_axi|                 gmem0|       pointer|
|m_axi_gmem0_ARVALID    |  out|    1|       m_axi|                 gmem0|       pointer|
|m_axi_gmem0_ARREADY    |   in|    1|       m_axi|                 gmem0|       pointer|
|m_axi_gmem0_ARADDR     |  out|   64|       m_axi|                 gmem0|       pointer|
|m_axi_gmem0_ARID       |  out|    1|       m_axi|                 gmem0|       pointer|
|m_axi_gmem0_ARLEN      |  out|    8|       m_axi|                 gmem0|       pointer|
|m_axi_gmem0_ARSIZE     |  out|    3|       m_axi|                 gmem0|       pointer|
|m_axi_gmem0_ARBURST    |  out|    2|       m_axi|                 gmem0|       pointer|
|m_axi_gmem0_ARLOCK     |  out|    2|       m_axi|                 gmem0|       pointer|
|m_axi_gmem0_ARCACHE    |  out|    4|       m_axi|                 gmem0|       pointer|
|m_axi_gmem0_ARPROT     |  out|    3|       m_axi|                 gmem0|       pointer|
|m_axi_gmem0_ARQOS      |  out|    4|       m_axi|                 gmem0|       pointer|
|m_axi_gmem0_ARREGION   |  out|    4|       m_axi|                 gmem0|       pointer|
|m_axi_gmem0_ARUSER     |  out|    1|       m_axi|                 gmem0|       pointer|
|m_axi_gmem0_RVALID     |   in|    1|       m_axi|                 gmem0|       pointer|
|m_axi_gmem0_RREADY     |  out|    1|       m_axi|                 gmem0|       pointer|
|m_axi_gmem0_RDATA      |   in|   32|       m_axi|                 gmem0|       pointer|
|m_axi_gmem0_RLAST      |   in|    1|       m_axi|                 gmem0|       pointer|
|m_axi_gmem0_RID        |   in|    1|       m_axi|                 gmem0|       pointer|
|m_axi_gmem0_RUSER      |   in|    1|       m_axi|                 gmem0|       pointer|
|m_axi_gmem0_RRESP      |   in|    2|       m_axi|                 gmem0|       pointer|
|m_axi_gmem0_BVALID     |   in|    1|       m_axi|                 gmem0|       pointer|
|m_axi_gmem0_BREADY     |  out|    1|       m_axi|                 gmem0|       pointer|
|m_axi_gmem0_BRESP      |   in|    2|       m_axi|                 gmem0|       pointer|
|m_axi_gmem0_BID        |   in|    1|       m_axi|                 gmem0|       pointer|
|m_axi_gmem0_BUSER      |   in|    1|       m_axi|                 gmem0|       pointer|
|m_axi_gmem1_AWVALID    |  out|    1|       m_axi|                 gmem1|       pointer|
|m_axi_gmem1_AWREADY    |   in|    1|       m_axi|                 gmem1|       pointer|
|m_axi_gmem1_AWADDR     |  out|   64|       m_axi|                 gmem1|       pointer|
|m_axi_gmem1_AWID       |  out|    1|       m_axi|                 gmem1|       pointer|
|m_axi_gmem1_AWLEN      |  out|    8|       m_axi|                 gmem1|       pointer|
|m_axi_gmem1_AWSIZE     |  out|    3|       m_axi|                 gmem1|       pointer|
|m_axi_gmem1_AWBURST    |  out|    2|       m_axi|                 gmem1|       pointer|
|m_axi_gmem1_AWLOCK     |  out|    2|       m_axi|                 gmem1|       pointer|
|m_axi_gmem1_AWCACHE    |  out|    4|       m_axi|                 gmem1|       pointer|
|m_axi_gmem1_AWPROT     |  out|    3|       m_axi|                 gmem1|       pointer|
|m_axi_gmem1_AWQOS      |  out|    4|       m_axi|                 gmem1|       pointer|
|m_axi_gmem1_AWREGION   |  out|    4|       m_axi|                 gmem1|       pointer|
|m_axi_gmem1_AWUSER     |  out|    1|       m_axi|                 gmem1|       pointer|
|m_axi_gmem1_WVALID     |  out|    1|       m_axi|                 gmem1|       pointer|
|m_axi_gmem1_WREADY     |   in|    1|       m_axi|                 gmem1|       pointer|
|m_axi_gmem1_WDATA      |  out|   32|       m_axi|                 gmem1|       pointer|
|m_axi_gmem1_WSTRB      |  out|    4|       m_axi|                 gmem1|       pointer|
|m_axi_gmem1_WLAST      |  out|    1|       m_axi|                 gmem1|       pointer|
|m_axi_gmem1_WID        |  out|    1|       m_axi|                 gmem1|       pointer|
|m_axi_gmem1_WUSER      |  out|    1|       m_axi|                 gmem1|       pointer|
|m_axi_gmem1_ARVALID    |  out|    1|       m_axi|                 gmem1|       pointer|
|m_axi_gmem1_ARREADY    |   in|    1|       m_axi|                 gmem1|       pointer|
|m_axi_gmem1_ARADDR     |  out|   64|       m_axi|                 gmem1|       pointer|
|m_axi_gmem1_ARID       |  out|    1|       m_axi|                 gmem1|       pointer|
|m_axi_gmem1_ARLEN      |  out|    8|       m_axi|                 gmem1|       pointer|
|m_axi_gmem1_ARSIZE     |  out|    3|       m_axi|                 gmem1|       pointer|
|m_axi_gmem1_ARBURST    |  out|    2|       m_axi|                 gmem1|       pointer|
|m_axi_gmem1_ARLOCK     |  out|    2|       m_axi|                 gmem1|       pointer|
|m_axi_gmem1_ARCACHE    |  out|    4|       m_axi|                 gmem1|       pointer|
|m_axi_gmem1_ARPROT     |  out|    3|       m_axi|                 gmem1|       pointer|
|m_axi_gmem1_ARQOS      |  out|    4|       m_axi|                 gmem1|       pointer|
|m_axi_gmem1_ARREGION   |  out|    4|       m_axi|                 gmem1|       pointer|
|m_axi_gmem1_ARUSER     |  out|    1|       m_axi|                 gmem1|       pointer|
|m_axi_gmem1_RVALID     |   in|    1|       m_axi|                 gmem1|       pointer|
|m_axi_gmem1_RREADY     |  out|    1|       m_axi|                 gmem1|       pointer|
|m_axi_gmem1_RDATA      |   in|   32|       m_axi|                 gmem1|       pointer|
|m_axi_gmem1_RLAST      |   in|    1|       m_axi|                 gmem1|       pointer|
|m_axi_gmem1_RID        |   in|    1|       m_axi|                 gmem1|       pointer|
|m_axi_gmem1_RUSER      |   in|    1|       m_axi|                 gmem1|       pointer|
|m_axi_gmem1_RRESP      |   in|    2|       m_axi|                 gmem1|       pointer|
|m_axi_gmem1_BVALID     |   in|    1|       m_axi|                 gmem1|       pointer|
|m_axi_gmem1_BREADY     |  out|    1|       m_axi|                 gmem1|       pointer|
|m_axi_gmem1_BRESP      |   in|    2|       m_axi|                 gmem1|       pointer|
|m_axi_gmem1_BID        |   in|    1|       m_axi|                 gmem1|       pointer|
|m_axi_gmem1_BUSER      |   in|    1|       m_axi|                 gmem1|       pointer|
+-----------------------+-----+-----+------------+----------------------+--------------+

